Archive member included to satisfy reference by file (symbol)

.\CortexM3\ARM_GCC_541\Release\Controlador.a(CyLib.o)
                              .\CortexM3\ARM_GCC_541\Release\Cm3Start.o (CyHalt)
.\CortexM3\ARM_GCC_541\Release\Controlador.a(cyPm.o)
                              .\CortexM3\ARM_GCC_541\Release\Controlador.a(CyLib.o) (CyPmReadStatus)
.\CortexM3\ARM_GCC_541\Release\Controlador.a(PWM_X.o)
                              .\CortexM3\ARM_GCC_541\Release\main.o (PWM_X_Start)
.\CortexM3\ARM_GCC_541\Release\Controlador.a(PWM_Y.o)
                              .\CortexM3\ARM_GCC_541\Release\main.o (PWM_Y_Start)
.\CortexM3\ARM_GCC_541\Release\Controlador.a(LCD.o)
                              .\CortexM3\ARM_GCC_541\Release\main.o (LCD_PrintString)
.\CortexM3\ARM_GCC_541\Release\Controlador.a(Touch.o)
                              .\CortexM3\ARM_GCC_541\Release\main.o (Touch_Start)
.\CortexM3\ARM_GCC_541\Release\Controlador.a(Touch_AMux.o)
                              .\CortexM3\ARM_GCC_541\Release\Controlador.a(Touch.o) (Touch_AMux_Init)
.\CortexM3\ARM_GCC_541\Release\Controlador.a(Touch_ADC.o)
                              .\CortexM3\ARM_GCC_541\Release\Controlador.a(Touch.o) (Touch_ADC_Init)
.\CortexM3\ARM_GCC_541\Release\Controlador.a(Touch_ADC_INT.o)
                              .\CortexM3\ARM_GCC_541\Release\Controlador.a(Touch_ADC.o) (Touch_ADC_ISR1)
.\CortexM3\ARM_GCC_541\Release\Controlador.a(Touch_ADC_AMux.o)
                              .\CortexM3\ARM_GCC_541\Release\Controlador.a(Touch_ADC.o) (Touch_ADC_AMux_Select)
.\CortexM3\ARM_GCC_541\Release\Controlador.a(Touch_ADC_Ext_CP_Clk.o)
                              .\CortexM3\ARM_GCC_541\Release\Controlador.a(Touch_ADC.o) (Touch_ADC_Ext_CP_Clk_SetDividerRegister)
.\CortexM3\ARM_GCC_541\Release\Controlador.a(Touch_ADC_theACLK.o)
                              .\CortexM3\ARM_GCC_541\Release\Controlador.a(Touch_ADC.o) (Touch_ADC_theACLK_SetDividerRegister)
.\CortexM3\ARM_GCC_541\Release\Controlador.a(PWM_reset.o)
                              .\CortexM3\ARM_GCC_541\Release\main.o (PWM_reset_Write)
.\CortexM3\ARM_GCC_541\Release\Controlador.a(Y_interrupcion.o)
                              .\CortexM3\ARM_GCC_541\Release\main.o (Y_interrupcion_StartEx)
.\CortexM3\ARM_GCC_541\Release\Controlador.a(X_interrupcion.o)
                              .\CortexM3\ARM_GCC_541\Release\main.o (X_interrupcion_StartEx)
.\CortexM3\ARM_GCC_541\Release\Controlador.a(CyBootAsmGnu.o)
                              .\CortexM3\ARM_GCC_541\Release\cyfitter_cfg.o (CyDelayCycles)
.\CortexM3\ARM_GCC_541\Release\Controlador.a(CyFlash.o)
                              .\CortexM3\ARM_GCC_541\Release\Controlador.a(cyPm.o) (CyFlash_SetWaitCycles)
.\CortexM3\ARM_GCC_541\Release\Controlador.a(CySpc.o)
                              .\CortexM3\ARM_GCC_541\Release\Controlador.a(CyFlash.o) (CySpcStart)
c:/program files (x86)/cypress/psoc creator/4.2/psoc creator/import/gnu/arm/5.4.1/bin/../lib/gcc/arm-none-eabi/5.4.1/armv7-m\libgcc.a(_arm_addsubdf3.o)
                              .\CortexM3\ARM_GCC_541\Release\main.o (__aeabi_dadd)
c:/program files (x86)/cypress/psoc creator/4.2/psoc creator/import/gnu/arm/5.4.1/bin/../lib/gcc/arm-none-eabi/5.4.1/armv7-m\libgcc.a(_arm_muldivdf3.o)
                              .\CortexM3\ARM_GCC_541\Release\main.o (__aeabi_dmul)
c:/program files (x86)/cypress/psoc creator/4.2/psoc creator/import/gnu/arm/5.4.1/bin/../lib/gcc/arm-none-eabi/5.4.1/armv7-m\libgcc.a(_arm_cmpdf2.o)
                              .\CortexM3\ARM_GCC_541\Release\Controlador.a(Touch_ADC.o) (__aeabi_dcmpgt)
c:/program files (x86)/cypress/psoc creator/4.2/psoc creator/import/gnu/arm/5.4.1/bin/../lib/gcc/arm-none-eabi/5.4.1/armv7-m\libgcc.a(_arm_truncdfsf2.o)
                              .\CortexM3\ARM_GCC_541\Release\main.o (__aeabi_d2f)
c:/program files (x86)/cypress/psoc creator/4.2/psoc creator/import/gnu/arm/5.4.1/bin/../lib/gcc/arm-none-eabi/5.4.1/armv7-m\libgcc.a(_arm_addsubsf3.o)
                              .\CortexM3\ARM_GCC_541\Release\main.o (__aeabi_fsub)
c:/program files (x86)/cypress/psoc creator/4.2/psoc creator/import/gnu/arm/5.4.1/bin/../lib/gcc/arm-none-eabi/5.4.1/armv7-m\libgcc.a(_arm_muldivsf3.o)
                              .\CortexM3\ARM_GCC_541\Release\main.o (__aeabi_fmul)
c:/program files (x86)/cypress/psoc creator/4.2/psoc creator/import/gnu/arm/5.4.1/bin/../lib/gcc/arm-none-eabi/5.4.1/armv7-m\libgcc.a(_arm_cmpsf2.o)
                              .\CortexM3\ARM_GCC_541\Release\main.o (__aeabi_fcmplt)
c:/program files (x86)/cypress/psoc creator/4.2/psoc creator/import/gnu/arm/5.4.1/bin/../lib/gcc/arm-none-eabi/5.4.1/armv7-m\libgcc.a(_arm_fixsfsi.o)
                              .\CortexM3\ARM_GCC_541\Release\main.o (__aeabi_f2iz)
c:/program files (x86)/cypress/psoc creator/4.2/psoc creator/import/gnu/arm/5.4.1/bin/../lib/gcc/arm-none-eabi/5.4.1/armv7-m\libgcc.a(_arm_fixunssfsi.o)
[...]
Memory Configuration

Name             Origin             Length             Attributes
rom              0x00000000         0x00040000         xr
ram              0x1fff8000         0x00010000         xrw
*default*        0x00000000         0xffffffff

Linker script and memory map

LOAD c:/program files (x86)/cypress/psoc creator/4.2/psoc creator/import/gnu/arm/5.4.1/bin/../lib/gcc/arm-none-eabi/5.4.1/armv7-m/crti.o
LOAD c:/program files (x86)/cypress/psoc creator/4.2/psoc creator/import/gnu/arm/5.4.1/bin/../lib/gcc/arm-none-eabi/5.4.1/armv7-m/crtbegin.o
LOAD c:/program files (x86)/cypress/psoc creator/4.2/psoc creator/import/gnu/arm/5.4.1/bin/../lib/gcc/arm-none-eabi/5.4.1/../../../../arm-none-eabi/lib/armv7-m/crt0.o
START GROUP
LOAD .\CortexM3\ARM_GCC_541\Release\main.o
LOAD .\CortexM3\ARM_GCC_541\Release\cyfitter_cfg.o
LOAD .\CortexM3\ARM_GCC_541\Release\cymetadata.o
LOAD .\CortexM3\ARM_GCC_541\Release\Cm3Start.o
LOAD .\CortexM3\ARM_GCC_541\Release\Controlador.a
LOAD C:\Program Files (x86)\Cypress\PSoC Creator\4.2\PSoC Creator\psoc\content\cycomponentlibrary\CyComponentLibrary.cylib\CortexM3\ARM_GCC_541\Release\CyComponentLibrary.a
END GROUP
START GROUP
LOAD c:/program files (x86)/cypress/psoc creator/4.2/psoc creator/import/gnu/arm/5.4.1/bin/../lib/gcc/arm-none-eabi/5.4.1/armv7-m\libgcc.a
LOAD c:/program files (x86)/cypress/psoc creator/4.2/psoc creator/import/gnu/arm/5.4.1/bin/../lib/gcc/arm-none-eabi/5.4.1/../../../../arm-none-eabi/lib/armv7-m\libg_nano.a
LOAD c:/program files (x86)/cypress/psoc creator/4.2/psoc creator/import/gnu/arm/5.4.1/bin/../lib/gcc/arm-none-eabi/5.4.1/../../../../arm-none-eabi/lib/armv7-m\libc_nano.a
END GROUP
START GROUP
LOAD c:/program files (x86)/cypress/psoc creator/4.2/psoc creator/import/gnu/arm/5.4.1/bin/../lib/gcc/arm-none-eabi/5.4.1/armv7-m\libgcc.a
LOAD c:/program files (x86)/cypress/psoc creator/4.2/psoc creator/import/gnu/arm/5.4.1/bin/../lib/gcc/arm-none-eabi/5.4.1/../../../../arm-none-eabi/lib/armv7-m\libc_nano.a
END GROUP
LOAD c:/program files (x86)/cypress/psoc creator/4.2/psoc creator/import/gnu/arm/5.4.1/bin/../lib/gcc/arm-none-eabi/5.4.1/armv7-m/crtend.o
LOAD c:/program files (x86)/cypress/psoc creator/4.2/psoc creator/import/gnu/arm/5.4.1/bin/../lib/gcc/arm-none-eabi/5.4.1/armv7-m/crtn.o
START GROUP
LOAD c:/program files (x86)/cypress/psoc creator/4.2/psoc creator/import/gnu/arm/5.4.1/bin/../lib/gcc/arm-none-eabi/5.4.1/armv7-m\libgcc.a
LOAD c:/program files (x86)/cypress/psoc creator/4.2/psoc creator/import/gnu/arm/5.4.1/bin/../lib/gcc/arm-none-eabi/5.4.1/../../../../arm-none-eabi/lib/armv7-m\libc.a
LOAD c:/program files (x86)/cypress/psoc creator/4.2/psoc creator/import/gnu/arm/5.4.1/bin/../lib/gcc/arm-none-eabi/5.4.1/../../../../arm-none-eabi/lib/armv7-m\libnosys.a
END GROUP
                0x00000000                CY_APPL_ORIGIN = 0x0
                0x00000100                CY_FLASH_ROW_SIZE = 0x100
                0x00000020                CY_ECC_ROW_SIZE = 0x20
                0x00000000                CY_EE_IN_BTLDR = 0x0
                0x00000000                CY_APPL_LOADABLE = 0x0
                0x00000800                CY_EE_SIZE = 0x800
                0x00000001                CY_APPL_NUM = 0x1
                0x00000001                CY_APPL_MAX = 0x1
                0x00000040                CY_METADATA_SIZE = 0x40
                0x00000000                CY_APPL_LOADABLE = 0x0
                0x00000000                CY_CHECKSUM_EXCLUDE_SIZE = ALIGN (0x0, CY_FLASH_ROW_SIZE)
                [!provide]                PROVIDE (__cy_heap_start, _end)
                0x00000001                PROVIDE (__cy_region_num, ((__cy_regions_end - __cy_regions) / 0x10))
                0x20008000                PROVIDE (__cy_stack, (ORIGIN (ram) + LENGTH (ram)))
                [!provide]                PROVIDE (__cy_heap_end, (__cy_stack - 0x800))

.cybootloader   0x00000000        0x0
 *(.cybootloader)
                0x00000000                appl1_start = CY_APPL_ORIGIN?CY_APPL_ORIGIN:ALIGN (CY_FLASH_ROW_SIZE)
                0x0001ff00                appl2_start = (appl1_start + ALIGN ((((LENGTH (rom) - appl1_start) - (0x2 * CY_FLASH_ROW_SIZE)) / 0x2), CY_FLASH_ROW_SIZE))
                0x00000000                appl_start = (CY_APPL_NUM == 0x1)?appl1_start:appl2_start
                0x00000000                ecc_offset = ((appl_start / CY_FLASH_ROW_SIZE) * CY_ECC_ROW_SIZE)
                0x00000000                ee_offset = (CY_APPL_LOADABLE && ! (CY_EE_IN_BTLDR))?((CY_EE_SIZE / CY_APPL_MAX) * (CY_APPL_NUM - 0x1)):0x0
                0x00000800                ee_size = (CY_APPL_LOADABLE && ! (CY_EE_IN_BTLDR))?(CY_EE_SIZE / CY_APPL_MAX):CY_EE_SIZE
                [!provide]                PROVIDE (CY_ECC_OFFSET, ecc_offset)

.text           0x00000000     0x2934
 CREATE_OBJECT_SYMBOLS
                0x00000000                PROVIDE (__cy_interrupt_vector, RomVectors)
 *(.romvectors)
 .romvectors    0x00000000       0x10 .\CortexM3\ARM_GCC_541\Release\Cm3Start.o
                0x00000000                RomVectors
                0x00000001                ASSERT ((. != __cy_interrupt_vector), No interrupt vector)
                0x00000001                ASSERT (CY_APPL_ORIGIN?(SIZEOF (.cybootloader) <= CY_APPL_ORIGIN):0x1, Wrong image location)
                0x00000010                PROVIDE (__cy_reset, Reset)
 *(.text.Reset)
 .text.Reset    0x00000010       0x18 .\CortexM3\ARM_GCC_541\Release\Cm3Start.o
                0x00000010                Reset
                0x00000001                ASSERT ((. != __cy_reset), No reset code)
 *(.dma_init)
                0x00000001                ASSERT ((((appl_start + .) <= 0x10000) || 0x1), DMA Init must be within the first 64k of flash)
 *(.text .text.* .gnu.linkonce.t.*)
 .text          0x00000028       0x5c c:/program files (x86)/cypress/psoc creator/4.2/psoc creator/import/gnu/arm/5.4.1/bin/../lib/gcc/arm-none-eabi/5.4.1/armv7-m/crtbegin.o
 .text.mapANGtoTIME
                0x00000084       0x60 .\CortexM3\ARM_GCC_541\Release\main.o
                0x00000084                mapANGtoTIME
 .text.SetServoX
                0x000000e4       0x1c .\CortexM3\ARM_GCC_541\Release\main.o
                0x000000e4                SetServoX
 .text.SetServoY
                0x00000100       0x1c .\CortexM3\ARM_GCC_541\Release\main.o
                0x00000100                SetServoY
 .text.ReadXAxis
                0x0000011c       0x10 .\CortexM3\ARM_GCC_541\Release\main.o
                0x0000011c                ReadXAxis
 .text.ReadYAxis
                0x0000012c       0x10 .\CortexM3\ARM_GCC_541\Release\main.o
                0x0000012c                ReadYAxis
 .text.PosRealX
                0x0000013c       0x18 .\CortexM3\ARM_GCC_541\Release\main.o
                0x0000013c                PosRealX
 *fill*         0x00000154        0x4 
 .text.X_interrupcion_Handler
                0x00000158       0xac .\CortexM3\ARM_GCC_541\Release\main.o
                0x00000158                X_interrupcion_Handler
 .text.PosRealY
                0x00000204       0x18 .\CortexM3\ARM_GCC_541\Release\main.o
                0x00000204                PosRealY
 *fill*         0x0000021c        0x4 
 .text.Y_interrupcion_Handler
                0x00000220       0xd0 .\CortexM3\ARM_GCC_541\Release\main.o
                0x00000220                Y_interrupcion_Handler
 .text.printScreen
                0x000002f0       0x84 .\CortexM3\ARM_GCC_541\Release\main.o
                0x000002f0                printScreen
 .text.startup.main
                0x00000374       0x7c .\CortexM3\ARM_GCC_541\Release\main.o
                0x00000374                main
 .text.Touch_ADC_AMux_Set
                0x000003f0       0x1c .\CortexM3\ARM_GCC_541\Release\cyfitter_cfg.o
                0x000003f0                Touch_ADC_AMux_Set
 .text.Touch_ADC_AMux_Unset
                0x0000040c       0x1c .\CortexM3\ARM_GCC_541\Release\cyfitter_cfg.o
                0x0000040c                Touch_ADC_AMux_Unset
 .text.Touch_AMux_DisconnectAll
                0x00000428       0x1c .\CortexM3\ARM_GCC_541\Release\cyfitter_cfg.o
                0x00000428                Touch_AMux_DisconnectAll
 .text.Touch_AMux_Next
                0x00000444       0x38 .\CortexM3\ARM_GCC_541\Release\cyfitter_cfg.o
                0x00000444                Touch_AMux_Next
 .text.cyfitter_cfg
                0x0000047c      0x230 .\CortexM3\ARM_GCC_541\Release\cyfitter_cfg.o
                0x0000047c                cyfitter_cfg
 .text.IntDefaultHandler
                0x000006ac       0x10 .\CortexM3\ARM_GCC_541\Release\Cm3Start.o
                0x000006ac                IntDefaultHandler
 .text._sbrk    0x000006bc       0x2c .\CortexM3\ARM_GCC_541\Release\Cm3Start.o
                0x000006bc                _sbrk
 .text.Start_c  0x000006e8       0x50 .\CortexM3\ARM_GCC_541\Release\Cm3Start.o
                0x000006e8                Start_c
 .text.startup.initialize_psoc
                0x00000738       0x68 .\CortexM3\ARM_GCC_541\Release\Cm3Start.o
                0x00000738                initialize_psoc
 .text.CyDelay  0x000007a0       0x2c .\CortexM3\ARM_GCC_541\Release\Controlador.a(CyLib.o)
                0x000007a0                CyDelay
 .text.CyDelayUs
                0x000007cc       0x10 .\CortexM3\ARM_GCC_541\Release\Controlador.a(CyLib.o)
                0x000007cc                CyDelayUs
 .text.CyIntSetVector
                0x000007dc       0x1c .\CortexM3\ARM_GCC_541\Release\Controlador.a(CyLib.o)
                0x000007dc                CyIntSetVector
 .text.CyIntSetPriority
                0x000007f8       0x14 .\CortexM3\ARM_GCC_541\Release\Controlador.a(CyLib.o)
                0x000007f8                CyIntSetPriority
 .text.PWM_X_Enable
                0x0000080c       0x10 .\CortexM3\ARM_GCC_541\Release\Controlador.a(PWM_X.o)
                0x0000080c                PWM_X_Enable
 .text.PWM_X_ClearFIFO
                0x0000081c       0x18 .\CortexM3\ARM_GCC_541\Release\Controlador.a(PWM_X.o)
                0x0000081c                PWM_X_ClearFIFO
 .text.PWM_X_Init
                0x00000834       0x6c .\CortexM3\ARM_GCC_541\Release\Controlador.a(PWM_X.o)
                0x00000834                PWM_X_Init
 .text.PWM_X_Start
                0x000008a0       0x1c .\CortexM3\ARM_GCC_541\Release\Controlador.a(PWM_X.o)
                0x000008a0                PWM_X_Start
 .text.PWM_X_WriteCompare1
                0x000008bc        0xc .\CortexM3\ARM_GCC_541\Release\Controlador.a(PWM_X.o)
                0x000008bc                PWM_X_WriteCompare1
 .text.PWM_Y_Enable
                0x000008c8       0x10 .\CortexM3\ARM_GCC_541\Release\Controlador.a(PWM_Y.o)
                0x000008c8                PWM_Y_Enable
 .text.PWM_Y_ClearFIFO
                0x000008d8       0x18 .\CortexM3\ARM_GCC_541\Release\Controlador.a(PWM_Y.o)
                0x000008d8                PWM_Y_ClearFIFO
 .text.PWM_Y_Init
                0x000008f0       0x68 .\CortexM3\ARM_GCC_541\Release\Controlador.a(PWM_Y.o)
                0x000008f0                PWM_Y_Init
 .text.PWM_Y_Start
                0x00000958       0x1c .\CortexM3\ARM_GCC_541\Release\Controlador.a(PWM_Y.o)
                0x00000958                PWM_Y_Start
 .text.PWM_Y_WriteCompare1
                0x00000974        0xc .\CortexM3\ARM_GCC_541\Release\Controlador.a(PWM_Y.o)
                0x00000974                PWM_Y_WriteCompare1
 .text.LCD_WrCntrlNib
                0x00000980       0x34 .\CortexM3\ARM_GCC_541\Release\Controlador.a(LCD.o)
 .text.LCD_WrDatNib
                0x000009b4       0x44 .\CortexM3\ARM_GCC_541\Release\Controlador.a(LCD.o)
 .text.LCD_IsReady
                0x000009f8       0xe8 .\CortexM3\ARM_GCC_541\Release\Controlador.a(LCD.o)
                0x000009f8                LCD_IsReady
 .text.LCD_WriteData
                0x00000ae0       0x1a .\CortexM3\ARM_GCC_541\Release\Controlador.a(LCD.o)
                0x00000ae0                LCD_WriteData
 .text.LCD_PrintString
                0x00000afa       0x18 .\CortexM3\ARM_GCC_541\Release\Controlador.a(LCD.o)
                0x00000afa                LCD_PrintString
 .text.LCD_WriteControl
                0x00000b12       0x1a .\CortexM3\ARM_GCC_541\Release\Controlador.a(LCD.o)
                0x00000b12                LCD_WriteControl
 .text.LCD_Init
                0x00000b2c       0x6c .\CortexM3\ARM_GCC_541\Release\Controlador.a(LCD.o)
                0x00000b2c                LCD_Init
 .text.LCD_Enable
                0x00000b98       0x14 .\CortexM3\ARM_GCC_541\Release\Controlador.a(LCD.o)
                0x00000b98                LCD_Enable
 .text.LCD_Start
                0x00000bac       0x1c .\CortexM3\ARM_GCC_541\Release\Controlador.a(LCD.o)
                0x00000bac                LCD_Start
 .text.LCD_Position
                0x00000bc8       0x2a .\CortexM3\ARM_GCC_541\Release\Controlador.a(LCD.o)
                0x00000bc8                LCD_Position
 .text.Touch_Init
                0x00000bf2        0xe .\CortexM3\ARM_GCC_541\Release\Controlador.a(Touch.o)
                0x00000bf2                Touch_Init
 .text.Touch_Start
                0x00000c00       0x1c .\CortexM3\ARM_GCC_541\Release\Controlador.a(Touch.o)
                0x00000c00                Touch_Start
 .text.Touch_ActivateX
                0x00000c1c       0x44 .\CortexM3\ARM_GCC_541\Release\Controlador.a(Touch.o)
                0x00000c1c                Touch_ActivateX
 .text.Touch_ActivateY
                0x00000c60       0x54 .\CortexM3\ARM_GCC_541\Release\Controlador.a(Touch.o)
                0x00000c60                Touch_ActivateY
 .text.Touch_Measure
                0x00000cb4       0x1c .\CortexM3\ARM_GCC_541\Release\Controlador.a(Touch.o)
                0x00000cb4                Touch_Measure
 .text.Touch_AMux_Init
                0x00000cd0        0x4 .\CortexM3\ARM_GCC_541\Release\Controlador.a(Touch_AMux.o)
                0x00000cd0                Touch_AMux_Init
 .text.Touch_AMux_GetChannel
                0x00000cd4        0xc .\CortexM3\ARM_GCC_541\Release\Controlador.a(Touch_AMux.o)
                0x00000cd4                Touch_AMux_GetChannel
 .text.Touch_ADC_InitConfig.part.0
                0x00000ce0      0x100 .\CortexM3\ARM_GCC_541\Release\Controlador.a(Touch_ADC.o)
 .text.Touch_ADC_Init
                0x00000de0       0xb0 .\CortexM3\ARM_GCC_541\Release\Controlador.a(Touch_ADC.o)
                0x00000de0                Touch_ADC_Init
 .text.Touch_ADC_Enable
                0x00000e90       0xd0 .\CortexM3\ARM_GCC_541\Release\Controlador.a(Touch_ADC.o)
                0x00000e90                Touch_ADC_Enable
 .text.Touch_ADC_StartConvert
                0x00000f60       0x10 .\CortexM3\ARM_GCC_541\Release\Controlador.a(Touch_ADC.o)
                0x00000f60                Touch_ADC_StartConvert
 .text.Touch_ADC_IsEndConversion
                0x00000f70       0x28 .\CortexM3\ARM_GCC_541\Release\Controlador.a(Touch_ADC.o)
                0x00000f70                Touch_ADC_IsEndConversion
 .text.Touch_ADC_GetResult16
                0x00000f98       0x44 .\CortexM3\ARM_GCC_541\Release\Controlador.a(Touch_ADC.o)
                0x00000f98                Touch_ADC_GetResult16
 .text.Touch_ADC_ISR1
                0x00000fdc        0x2 .\CortexM3\ARM_GCC_541\Release\Controlador.a(Touch_ADC_INT.o)
                0x00000fdc                Touch_ADC_ISR1
 *fill*         0x00000fde        0x2 
 .text.Touch_ADC_AMux_Start
                0x00000fe0       0x1c .\CortexM3\ARM_GCC_541\Release\Controlador.a(Touch_ADC_AMux.o)
                0x00000fe0                Touch_ADC_AMux_Start
 .text.Touch_ADC_AMux_Select
                0x00000ffc       0x18 .\CortexM3\ARM_GCC_541\Release\Controlador.a(Touch_ADC_AMux.o)
                0x00000ffc                Touch_ADC_AMux_Select
 .text.Touch_ADC_Ext_CP_Clk_SetDividerRegister
                0x00001014       0xc8 .\CortexM3\ARM_GCC_541\Release\Controlador.a(Touch_ADC_Ext_CP_Clk.o)
                0x00001014                Touch_ADC_Ext_CP_Clk_SetDividerRegister
 .text.Touch_ADC_Ext_CP_Clk_SetModeRegister
                0x000010dc       0x14 .\CortexM3\ARM_GCC_541\Release\Controlador.a(Touch_ADC_Ext_CP_Clk.o)
                0x000010dc                Touch_ADC_Ext_CP_Clk_SetModeRegister
 .text.Touch_ADC_theACLK_SetDividerRegister
                0x000010f0       0xcc .\CortexM3\ARM_GCC_541\Release\Controlador.a(Touch_ADC_theACLK.o)
                0x000010f0                Touch_ADC_theACLK_SetDividerRegister
 .text.Touch_ADC_theACLK_SetModeRegister
                0x000011bc       0x14 .\CortexM3\ARM_GCC_541\Release\Controlador.a(Touch_ADC_theACLK.o)
                0x000011bc                Touch_ADC_theACLK_SetModeRegister
 .text.PWM_reset_Write
                0x000011d0        0xc .\CortexM3\ARM_GCC_541\Release\Controlador.a(PWM_reset.o)
                0x000011d0                PWM_reset_Write
 .text.Y_interrupcion_StartEx
                0x000011dc       0x28 .\CortexM3\ARM_GCC_541\Release\Controlador.a(Y_interrupcion.o)
                0x000011dc                Y_interrupcion_StartEx
 .text.X_interrupcion_StartEx
                0x00001204       0x24 .\CortexM3\ARM_GCC_541\Release\Controlador.a(X_interrupcion.o)
                0x00001204                X_interrupcion_StartEx
 .text          0x00001228       0x20 .\CortexM3\ARM_GCC_541\Release\Controlador.a(CyBootAsmGnu.o)
                0x00001228                CyDelayCycles
                0x00001238                CyEnterCriticalSection
                0x00001240                CyExitCriticalSection
 .text          0x00001248      0x370 c:/program files (x86)/cypress/psoc creator/4.2/psoc creator/import/gnu/arm/5.4.1/bin/../lib/gcc/arm-none-eabi/5.4.1/armv7-m\libgcc.a(_arm_addsubdf3.o)
                0x00001248                __aeabi_drsub
                0x00001250                __aeabi_dsub
                0x00001250                __subdf3
                0x00001254                __aeabi_dadd
                0x00001254                __adddf3
                0x000014cc                __floatunsidf
                0x000014cc                __aeabi_ui2d
                0x000014ec                __floatsidf
                0x000014ec                __aeabi_i2d
                0x00001510                __aeabi_f2d
                0x00001510                __extendsfdf2
                0x0000154c                __floatundidf
                0x0000154c                __aeabi_ul2d
                0x0000155c                __floatdidf
                0x0000155c                __aeabi_l2d
 .text          0x000015b8      0x424 c:/program files (x86)/cypress/psoc creator/4.2/psoc creator/import/gnu/arm/5.4.1/bin/../lib/gcc/arm-none-eabi/5.4.1/armv7-m\libgcc.a(_arm_muldivdf3.o)
                0x000015b8                __aeabi_dmul
                0x000015b8                __muldf3
                0x0000180c                __divdf3
                0x0000180c                __aeabi_ddiv
 .text          0x000019dc       0xa0 c:/program files (x86)/cypress/psoc creator/4.2/psoc creator/import/gnu/arm/5.4.1/bin/../lib/gcc/arm-none-eabi/5.4.1/armv7-m\libgcc.a(_arm_truncdfsf2.o)
                0x000019dc                __truncdfsf2
                0x000019dc                __aeabi_d2f
 .text          0x00001a7c      0x21c c:/program files (x86)/cypress/psoc creator/4.2/psoc creator/import/gnu/arm/5.4.1/bin/../lib/gcc/arm-none-eabi/5.4.1/armv7-m\libgcc.a(_arm_addsubsf3.o)
                0x00001a7c                __aeabi_frsub
                0x00001a84                __subsf3
                0x00001a84                __aeabi_fsub
                0x00001a88                __aeabi_fadd
                0x00001a88                __addsf3
                0x00001be8                __aeabi_ui2f
                0x00001be8                __floatunsisf
                0x00001bf0                __aeabi_i2f
                0x00001bf0                __floatsisf
                0x00001c0c                __aeabi_ul2f
                0x00001c0c                __floatundisf
                0x00001c1c                __aeabi_l2f
                0x00001c1c                __floatdisf
 .text          0x00001c98      0x2a0 c:/program files (x86)/cypress/psoc creator/4.2/psoc creator/import/gnu/arm/5.4.1/bin/../lib/gcc/arm-none-eabi/5.4.1/armv7-m\libgcc.a(_arm_muldivsf3.o)
                0x00001c98                __mulsf3
                0x00001c98                __aeabi_fmul
                0x00001e00                __aeabi_fdiv
                0x00001e00                __divsf3
 .text          0x00001f38       0xec c:/program files (x86)/cypress/psoc creator/4.2/psoc creator/import/gnu/arm/5.4.1/bin/../lib/gcc/arm-none-eabi/5.4.1/armv7-m\libgcc.a(_arm_cmpsf2.o)
                0x00001f38                __gesf2
                0x00001f38                __gtsf2
                0x00001f40                __lesf2
                0x00001f40                __ltsf2
                0x00001f48                __nesf2
                0x00001f48                __eqsf2
                0x00001f48                __cmpsf2
                0x00001fa8                __aeabi_cfrcmple
                0x00001fb0                __aeabi_cfcmpeq
                0x00001fb0                __aeabi_cfcmple
                0x00001fc0                __aeabi_fcmpeq
                0x00001fd4                __aeabi_fcmplt
                0x00001fe8                __aeabi_fcmple
                0x00001ffc                __aeabi_fcmpge
                0x00002010                __aeabi_fcmpgt
 .text          0x00002024       0x4c c:/program files (x86)/cypress/psoc creator/4.2/psoc creator/import/gnu/arm/5.4.1/bin/../lib/gcc/arm-none-eabi/5.4.1/armv7-m\libgcc.a(_arm_fixsfsi.o)
                0x00002024                __aeabi_f2iz
                0x00002024                __fixsfsi
 .text.__errno  0x00002070        0xc c:/program files (x86)/cypress/psoc creator/4.2/psoc creator/import/gnu/arm/5.4.1/bin/../lib/gcc/arm-none-eabi/5.4.1/../../../../arm-none-eabi/lib/armv7-m\libg_nano.a(lib_a-errno.o)
                0x00002070                __errno
 .text.__libc_init_array
                0x0000207c       0x4c c:/program files (x86)/cypress/psoc creator/4.2/psoc creator/import/gnu/arm/5.4.1/bin/../lib/gcc/arm-none-eabi/5.4.1/../../../../arm-none-eabi/lib/armv7-m\libg_nano.a(lib_a-init.o)
                0x0000207c                __libc_init_array
 .text.memset   0x000020c8       0x10 c:/program files (x86)/cypress/psoc creator/4.2/psoc creator/import/gnu/arm/5.4.1/bin/../lib/gcc/arm-none-eabi/5.4.1/../../../../arm-none-eabi/lib/armv7-m\libg_nano.a(lib_a-memset.o)
                0x000020c8                memset
 .text.sprintf  0x000020d8       0x48 c:/program files (x86)/cypress/psoc creator/4.2/psoc creator/import/gnu/arm/5.4.1/bin/../lib/gcc/arm-none-eabi/5.4.1/../../../../arm-none-eabi/lib/armv7-m\libg_nano.a(lib_a-sprintf.o)
                0x000020d8                siprintf
                0x000020d8                sprintf
 .text.__ssputs_r
                0x00002120       0xb2 c:/program files (x86)/cypress/psoc creator/4.2/psoc creator/import/gnu/arm/5.4.1/bin/../lib/gcc/arm-none-eabi/5.4.1/../../../../arm-none-eabi/lib/armv7-m\libg_nano.a(lib_a-nano-svfprintf.o)
                0x00002120                __ssputs_r
 *fill*         0x000021d2        0x2 
 .text._svfprintf_r
                0x000021d4      0x1e8 c:/program files (x86)/cypress/psoc creator/4.2/psoc creator/import/gnu/arm/5.4.1/bin/../lib/gcc/arm-none-eabi/5.4.1/../../../../arm-none-eabi/lib/armv7-m\libg_nano.a(lib_a-nano-svfprintf.o)
                0x000021d4                _svfiprintf_r
                0x000021d4                _svfprintf_r
 .text._printf_common
                0x000023bc       0xec c:/program files (x86)/cypress/psoc creator/4.2/psoc creator/import/gnu/arm/5.4.1/bin/../lib/gcc/arm-none-eabi/5.4.1/../../../../arm-none-eabi/lib/armv7-m\libg_nano.a(lib_a-nano-vfprintf_i.o)
                0x000023bc                _printf_common
 .text._printf_i
                0x000024a8      0x24c c:/program files (x86)/cypress/psoc creator/4.2/psoc creator/import/gnu/arm/5.4.1/bin/../lib/gcc/arm-none-eabi/5.4.1/../../../../arm-none-eabi/lib/armv7-m\libg_nano.a(lib_a-nano-vfprintf_i.o)
                0x000024a8                _printf_i
 .text.memchr   0x000026f4       0x1c c:/program files (x86)/cypress/psoc creator/4.2/psoc creator/import/gnu/arm/5.4.1/bin/../lib/gcc/arm-none-eabi/5.4.1/../../../../arm-none-eabi/lib/armv7-m\libg_nano.a(lib_a-memchr-stub.o)
                0x000026f4                memchr
 .text.memcpy   0x00002710       0x16 c:/program files (x86)/cypress/psoc creator/4.2/psoc creator/import/gnu/arm/5.4.1/bin/../lib/gcc/arm-none-eabi/5.4.1/../../../../arm-none-eabi/lib/armv7-m\libg_nano.a(lib_a-memcpy-stub.o)
                0x00002710                memcpy
 .text.memmove  0x00002726       0x36 c:/program files (x86)/cypress/psoc creator/4.2/psoc creator/import/gnu/arm/5.4.1/bin/../lib/gcc/arm-none-eabi/5.4.1/../../../../arm-none-eabi/lib/armv7-m\libg_nano.a(lib_a-memmove.o)
                0x00002726                memmove
 .text._free_r  0x0000275c       0x98 c:/program files (x86)/cypress/psoc creator/4.2/psoc creator/import/gnu/arm/5.4.1/bin/../lib/gcc/arm-none-eabi/5.4.1/../../../../arm-none-eabi/lib/armv7-m\libg_nano.a(lib_a-nano-freer.o)
                0x0000275c                _free_r
 .text._malloc_r
                0x000027f4       0xbc c:/program files (x86)/cypress/psoc creator/4.2/psoc creator/import/gnu/arm/5.4.1/bin/../lib/gcc/arm-none-eabi/5.4.1/../../../../arm-none-eabi/lib/armv7-m\libg_nano.a(lib_a-nano-mallocr.o)
                0x000027f4                _malloc_r
 .text._realloc_r
                0x000028b0       0x4c c:/program files (x86)/cypress/psoc creator/4.2/psoc creator/import/gnu/arm/5.4.1/bin/../lib/gcc/arm-none-eabi/5.4.1/../../../../arm-none-eabi/lib/armv7-m\libg_nano.a(lib_a-nano-reallocr.o)
                0x000028b0                _realloc_r
 .text._sbrk_r  0x000028fc       0x20 c:/program files (x86)/cypress/psoc creator/4.2/psoc creator/import/gnu/arm/5.4.1/bin/../lib/gcc/arm-none-eabi/5.4.1/../../../../arm-none-eabi/lib/armv7-m\libg_nano.a(lib_a-sbrkr.o)
                0x000028fc                _sbrk_r
 .text.__malloc_lock
                0x0000291c        0x2 c:/program files (x86)/cypress/psoc creator/4.2/psoc creator/import/gnu/arm/5.4.1/bin/../lib/gcc/arm-none-eabi/5.4.1/../../../../arm-none-eabi/lib/armv7-m\libg_nano.a(lib_a-mlock.o)
                0x0000291c                __malloc_lock
 .text.__malloc_unlock
                0x0000291e        0x2 c:/program files (x86)/cypress/psoc creator/4.2/psoc creator/import/gnu/arm/5.4.1/bin/../lib/gcc/arm-none-eabi/5.4.1/../../../../arm-none-eabi/lib/armv7-m\libg_nano.a(lib_a-mlock.o)
                0x0000291e                __malloc_unlock
 .text._malloc_usable_size_r
                0x00002920       0x14 c:/program files (x86)/cypress/psoc creator/4.2/psoc creator/import/gnu/arm/5.4.1/bin/../lib/gcc/arm-none-eabi/5.4.1/../../../../arm-none-eabi/lib/armv7-m\libg_nano.a(lib_a-nano-msizer.o)
                0x00002920                _malloc_usable_size_r
 *(.plt)
 *(.gnu.warning)
 *(.glue_7t)
 .glue_7t       0x00002934        0x0 linker stubs
 *(.glue_7)
 .glue_7        0x00002934        0x0 linker stubs
 *(.vfp11_veneer)
 .vfp11_veneer  0x00002934        0x0 linker stubs
 *(.bootloader)
 *(.ARM.extab* .gnu.linkonce.armextab.*)
 *(.gcc_except_table)

.v4_bx          0x00002934        0x0
 .v4_bx         0x00002934        0x0 linker stubs

.iplt           0x00002934        0x0
 .iplt          0x00002934        0x0 c:/program files (x86)/cypress/psoc creator/4.2/psoc creator/import/gnu/arm/5.4.1/bin/../lib/gcc/arm-none-eabi/5.4.1/armv7-m/crtbegin.o

.eh_frame_hdr
 *(.eh_frame_hdr)

.eh_frame       0x00002934        0x4
 *(.eh_frame)
 .eh_frame      0x00002934        0x0 c:/program files (x86)/cypress/psoc creator/4.2/psoc creator/import/gnu/arm/5.4.1/bin/../lib/gcc/arm-none-eabi/5.4.1/armv7-m/crtbegin.o
 .eh_frame      0x00002934        0x4 c:/program files (x86)/cypress/psoc creator/4.2/psoc creator/import/gnu/arm/5.4.1/bin/../lib/gcc/arm-none-eabi/5.4.1/armv7-m/crtend.o
                [!provide]                PROVIDE (__exidx_start, .)

.ARM.exidx
 *(.ARM.exidx* .gnu.linkonce.armexidx.*)
                0x00002938                __exidx_end = .

.rodata         0x00002938       0xc8
 *(.rodata .rodata.* .gnu.linkonce.r.*)
 .rodata.str1.1
                0x00002938       0x1c .\CortexM3\ARM_GCC_541\Release\main.o
 .rodata        0x00002954       0x40 .\CortexM3\ARM_GCC_541\Release\cyfitter_cfg.o
                0x00002954                Touch_ADC_AMux__addrTable
                0x0000295c                Touch_ADC_AMux__maskTable
 .rodata.str1.1
                0x00002994        0x2 c:/program files (x86)/cypress/psoc creator/4.2/psoc creator/import/gnu/arm/5.4.1/bin/../lib/gcc/arm-none-eabi/5.4.1/../../../../arm-none-eabi/lib/armv7-m\libg_nano.a(lib_a-impure.o)
 .rodata.str1.1
                0x00002996       0x11 c:/program files (x86)/cypress/psoc creator/4.2/psoc creator/import/gnu/arm/5.4.1/bin/../lib/gcc/arm-none-eabi/5.4.1/../../../../arm-none-eabi/lib/armv7-m\libg_nano.a(lib_a-nano-svfprintf.o)
 .rodata.str1.1
                0x000029a7       0x22 c:/program files (x86)/cypress/psoc creator/4.2/psoc creator/import/gnu/arm/5.4.1/bin/../lib/gcc/arm-none-eabi/5.4.1/../../../../arm-none-eabi/lib/armv7-m\libg_nano.a(lib_a-nano-vfprintf_i.o)
                0x000029cc                . = ALIGN (0x4)
 *fill*         0x000029c9        0x3 
 *(.init)
 .init          0x000029cc        0x4 c:/program files (x86)/cypress/psoc creator/4.2/psoc creator/import/gnu/arm/5.4.1/bin/../lib/gcc/arm-none-eabi/5.4.1/armv7-m/crti.o
                0x000029cc                _init
 .init          0x000029d0        0x8 c:/program files (x86)/cypress/psoc creator/4.2/psoc creator/import/gnu/arm/5.4.1/bin/../lib/gcc/arm-none-eabi/5.4.1/armv7-m/crtn.o
                0x000029d8                . = ALIGN (0x4)
                0x000029d8                __preinit_array_start = .
 *(.preinit_array)
                0x000029d8                __preinit_array_end = .
                0x000029d8                . = ALIGN (0x4)
                0x000029d8                __init_array_start = .
 *(SORT(.init_array.*))
 *(.init_array)
 .init_array    0x000029d8        0x4 c:/program files (x86)/cypress/psoc creator/4.2/psoc creator/import/gnu/arm/5.4.1/bin/../lib/gcc/arm-none-eabi/5.4.1/armv7-m/crtbegin.o
 .init_array    0x000029dc        0x4 .\CortexM3\ARM_GCC_541\Release\Cm3Start.o
                0x000029e0                __init_array_end = .
                0x000029e0                . = ALIGN (0x4)
 *(.fini)
 .fini          0x000029e0        0x4 c:/program files (x86)/cypress/psoc creator/4.2/psoc creator/import/gnu/arm/5.4.1/bin/../lib/gcc/arm-none-eabi/5.4.1/armv7-m/crti.o
                0x000029e0                _fini
 .fini          0x000029e4        0x8 c:/program files (x86)/cypress/psoc creator/4.2/psoc creator/import/gnu/arm/5.4.1/bin/../lib/gcc/arm-none-eabi/5.4.1/armv7-m/crtn.o
                0x000029ec                . = ALIGN (0x4)
                0x000029ec                __fini_array_start = .
 *(.fini_array)
 .fini_array    0x000029ec        0x4 c:/program files (x86)/cypress/psoc creator/4.2/psoc creator/import/gnu/arm/5.4.1/bin/../lib/gcc/arm-none-eabi/5.4.1/armv7-m/crtbegin.o
 *(SORT(.fini_array.*))
                0x000029f0                __fini_array_end = .
                0x000029f0                . = ALIGN (0x4)
 *crtbegin.o(.ctors)
 *(EXCLUDE_FILE(*crtend.o) .ctors)
 *(SORT(.ctors.*))
 *crtend.o(.ctors)
                0x000029f0                . = ALIGN (0x4)
 *crtbegin.o(.dtors)
 *(EXCLUDE_FILE(*crtend.o) .dtors)
 *(SORT(.dtors.*))
 *crtend.o(.dtors)
                0x000029f0                . = ALIGN (0x4)
                0x000029f0                __cy_regions = .
                0x000029f0        0x4 LONG 0x2a00 __cy_region_init_ram
                0x000029f4        0x4 LONG 0x1fff80c8 __cy_region_start_data
                0x000029f8        0x4 LONG 0x90 __cy_region_init_size_ram
                0x000029fc        0x4 LONG 0x88 __cy_region_zero_size_ram
                0x00002a00                __cy_regions_end = .
                0x00002a00                . = ALIGN (0x8)
                0x00002a00                _etext = .

.cy_checksum_exclude
                0x00002a00        0x0
 *(.cy_checksum_exclude)

.ramvectors     0x1fff8000       0xc0
                0x1fff8000                __cy_region_start_ram = .
 *(.ramvectors)
 .ramvectors    0x1fff8000       0xc0 .\CortexM3\ARM_GCC_541\Release\Cm3Start.o
                0x1fff8000                CyRamVectors

.noinit         0x1fff80c0        0x1
 *(.noinit)
 .noinit        0x1fff80c0        0x1 .\CortexM3\ARM_GCC_541\Release\Controlador.a(CyLib.o)
                0x1fff80c0                CyResetStatus

.data           0x1fff80c8       0x90 load address 0x00002a00
                0x1fff80c8                __cy_region_start_data = .
 *(.jcr)
 .jcr           0x1fff80c8        0x0 c:/program files (x86)/cypress/psoc creator/4.2/psoc creator/import/gnu/arm/5.4.1/bin/../lib/gcc/arm-none-eabi/5.4.1/armv7-m/crtbegin.o
 .jcr           0x1fff80c8        0x4 c:/program files (x86)/cypress/psoc creator/4.2/psoc creator/import/gnu/arm/5.4.1/bin/../lib/gcc/arm-none-eabi/5.4.1/armv7-m/crtend.o
 *(.got.plt)
 *(.got)
 *(.shdata)
 *(.data .data.* .gnu.linkonce.d.*)
 .data          0x1fff80cc        0xc .\CortexM3\ARM_GCC_541\Release\main.o
                0x1fff80cc                x_req
                0x1fff80d0                y_req
                0x1fff80d4                Vddval
 .data          0x1fff80d8        0x1 .\CortexM3\ARM_GCC_541\Release\cyfitter_cfg.o
                0x1fff80d8                Touch_AMux_curChannel
 *fill*         0x1fff80d9        0x3 
 .data          0x1fff80dc        0x4 .\CortexM3\ARM_GCC_541\Release\Cm3Start.o
 .data          0x1fff80e0       0x10 .\CortexM3\ARM_GCC_541\Release\Controlador.a(CyLib.o)
                0x1fff80e0                cydelay_32k_ms
                0x1fff80e4                cydelay_freq_khz
                0x1fff80e8                cydelay_freq_mhz
                0x1fff80ec                cydelay_freq_hz
 .data          0x1fff80f0        0x1 .\CortexM3\ARM_GCC_541\Release\Controlador.a(Touch_ADC.o)
                0x1fff80f0                Touch_ADC_Config
 .data          0x1fff80f1        0x1 .\CortexM3\ARM_GCC_541\Release\Controlador.a(Touch_ADC_AMux.o)
 *fill*         0x1fff80f2        0x2 
 .data.impure_data
                0x1fff80f4       0x60 c:/program files (x86)/cypress/psoc creator/4.2/psoc creator/import/gnu/arm/5.4.1/bin/../lib/gcc/arm-none-eabi/5.4.1/../../../../arm-none-eabi/lib/armv7-m\libg_nano.a(lib_a-impure.o)
 .data._impure_ptr
                0x1fff8154        0x4 c:/program files (x86)/cypress/psoc creator/4.2/psoc creator/import/gnu/arm/5.4.1/bin/../lib/gcc/arm-none-eabi/5.4.1/../../../../arm-none-eabi/lib/armv7-m\libg_nano.a(lib_a-impure.o)
                0x1fff8154                _impure_ptr
                0x1fff8158                . = ALIGN (0x8)
 *(.ram)
                0x1fff8158                _edata = .

.igot.plt       0x1fff8158        0x0 load address 0x00002a90
 .igot.plt      0x1fff8158        0x0 c:/program files (x86)/cypress/psoc creator/4.2/psoc creator/import/gnu/arm/5.4.1/bin/../lib/gcc/arm-none-eabi/5.4.1/armv7-m/crtbegin.o

.bss            0x1fff8158       0x88 load address 0x00002a90
                0x1fff8158                PROVIDE (__bss_start__, .)
 *(.shbss)
 *(.bss .bss.* .gnu.linkonce.b.*)
 .bss           0x1fff8158       0x1c c:/program files (x86)/cypress/psoc creator/4.2/psoc creator/import/gnu/arm/5.4.1/bin/../lib/gcc/arm-none-eabi/5.4.1/armv7-m/crtbegin.o
 .bss           0x1fff8174       0x44 .\CortexM3\ARM_GCC_541\Release\main.o
                0x1fff8174                Xrel
                0x1fff8178                x_int
                0x1fff817c                X_Ek
                0x1fff8180                X_prep
                0x1fff8184                X_Ak
                0x1fff8188                X_Akmenos1
                0x1fff818c                X_Ekmenos1
                0x1fff8190                Yrel
                0x1fff8194                y_int
                0x1fff8198                Y_Ek
                0x1fff819c                Y_prep
                0x1fff81a0                Y_Ak
                0x1fff81a4                Y_Akmenos1
                0x1fff81a8                Y_Ekmenos1
                0x1fff81ac                y_float
                0x1fff81b0                x_float
                0x1fff81b4                Vssval
 .bss           0x1fff81b8        0x1 .\CortexM3\ARM_GCC_541\Release\Controlador.a(PWM_X.o)
                0x1fff81b8                PWM_X_initVar
 .bss           0x1fff81b9        0x1 .\CortexM3\ARM_GCC_541\Release\Controlador.a(PWM_Y.o)
                0x1fff81b9                PWM_Y_initVar
 .bss           0x1fff81ba        0x2 .\CortexM3\ARM_GCC_541\Release\Controlador.a(LCD.o)
                0x1fff81ba                LCD_enableState
                0x1fff81bb                LCD_initVar
 .bss           0x1fff81bc        0x2 .\CortexM3\ARM_GCC_541\Release\Controlador.a(Touch.o)
                0x1fff81bc                Touch_initVar
 .bss           0x1fff81be        0x9 .\CortexM3\ARM_GCC_541\Release\Controlador.a(Touch_ADC.o)
                0x1fff81be                Touch_ADC_convDone
                0x1fff81c4                Touch_ADC_stopConversion
                0x1fff81c5                Touch_ADC_initVar
                0x1fff81c6                Touch_ADC_started
 *fill*         0x1fff81c7        0x1 
 .bss.__malloc_sbrk_start
                0x1fff81c8        0x4 c:/program files (x86)/cypress/psoc creator/4.2/psoc creator/import/gnu/arm/5.4.1/bin/../lib/gcc/arm-none-eabi/5.4.1/../../../../arm-none-eabi/lib/armv7-m\libg_nano.a(lib_a-nano-mallocr.o)
                0x1fff81c8                __malloc_sbrk_start
 .bss.__malloc_free_list
                0x1fff81cc        0x4 c:/program files (x86)/cypress/psoc creator/4.2/psoc creator/import/gnu/arm/5.4.1/bin/../lib/gcc/arm-none-eabi/5.4.1/../../../../arm-none-eabi/lib/armv7-m\libg_nano.a(lib_a-nano-mallocr.o)
                0x1fff81cc                __malloc_free_list
 *(COMMON)
 COMMON         0x1fff81d0        0x8 .\CortexM3\ARM_GCC_541\Release\Controlador.a(Touch_ADC.o)
                0x1fff81d0                Touch_ADC_CountsPerVolt
                0x1fff81d4                Touch_ADC_Offset
 COMMON         0x1fff81d8        0x4 c:/program files (x86)/cypress/psoc creator/4.2/psoc creator/import/gnu/arm/5.4.1/bin/../lib/gcc/arm-none-eabi/5.4.1/../../../../arm-none-eabi/lib/armv7-m\libg_nano.a(lib_a-reent.o)
                0x1fff81d8                errno
                0x1fff81e0                . = ALIGN (0x8)
 *fill*         0x1fff81dc        0x4 
 *(.ram.b)
                0x1fff81e0                _end = .
                0x1fff81e0                __end = .
                0x1fff81e0                PROVIDE (end, .)
                0x1fff81e0                PROVIDE (__bss_end__, .)
                0x00002a00                __cy_region_init_ram = LOADADDR (.data)
                0x00000090                __cy_region_init_size_ram = (_edata - ADDR (.data))
                0x00000088                __cy_region_zero_size_ram = (_end - _edata)

.heap           0x1fff81e0       0x80 load address 0x00002a90
                0x1fff81e0                . = _end
                0x1fff8260                . = (. + 0x80)
 *fill*         0x1fff81e0       0x80 
                0x1fff8260                __cy_heap_limit = .

.stack          0x20007800      0x800
                0x20007800                __cy_stack_limit = .
                0x20008000                . = (. + 0x800)
 *fill*         0x20007800      0x800 
                0x00000001                ASSERT ((__cy_stack_limit >= __cy_heap_limit), region RAM overflowed with stack)
                0x00000000                cy_checksum_exclude_size = (CY_APPL_LOADABLE == 0x1)?SIZEOF (.cy_checksum_exclude):0x0
                0x00000001                ASSERT ((cy_checksum_exclude_size <= CY_CHECKSUM_EXCLUDE_SIZE), CY_BOOT: Section .cy_checksum_exclude size exceedes specified limit.)

.cyloadermeta
 *(.cyloadermeta)

.cyloadablemeta
 *(.cyloadablemeta)

.cyconfigecc    0x80000000      0x2c0
 *(.cyconfigecc)
 .cyconfigecc   0x80000000      0x2c0 .\CortexM3\ARM_GCC_541\Release\cymetadata.o
                0x80000000                cy_meta_configecc

.cycustnvl      0x90000000        0x4
 *(.cycustnvl)
 .cycustnvl     0x90000000        0x4 .\CortexM3\ARM_GCC_541\Release\cymetadata.o
                0x90000000                cy_meta_custnvl

.cywolatch      0x90100000        0x4
 *(.cywolatch)
 .cywolatch     0x90100000        0x4 .\CortexM3\ARM_GCC_541\Release\cymetadata.o
                0x90100000                cy_meta_wonvl

.cyeeprom       0x90200000        0x0
 *(.cyeeprom)
                0x00000001                ASSERT ((. <= ((0x90200000 + ee_offset) + ee_size)), .cyeeprom data will not fit in EEPROM)

.cyflashprotect
                0x90400000      0x100
 *(.cyflashprotect)
 .cyflashprotect
                0x90400000      0x100 .\CortexM3\ARM_GCC_541\Release\cymetadata.o
                0x90400000                cy_meta_flashprotect

.cymeta         0x90500000        0xc
 *(.cymeta)
 .cymeta        0x90500000        0xc .\CortexM3\ARM_GCC_541\Release\cymetadata.o
                0x90500000                cy_metadata

.rel.dyn        0x00002a90        0x0 load address 0x9050000c
 .rel.iplt      0x00002a90        0x0 c:/program files (x86)/cypress/psoc creator/4.2/psoc creator/import/gnu/arm/5.4.1/bin/../lib/gcc/arm-none-eabi/5.4.1/armv7-m/crtbegin.o

.stab
 *(.stab)

.stabstr
 *(.stabstr)

.debug
 *(.debug)

.line
 *(.line)

.debug_srcinfo
 *(.debug_srcinfo)

.debug_sfnames
 *(.debug_sfnames)

.debug_aranges  0x00000000      0xb00
 *(.debug_aranges)
 .debug_aranges
                0x00000000       0x78 .\CortexM3\ARM_GCC_541\Release\main.o
 .debug_aranges
                0x00000078       0x48 .\CortexM3\ARM_GCC_541\Release\cyfitter_cfg.o
 .debug_aranges
                0x000000c0       0x18 .\CortexM3\ARM_GCC_541\Release\cymetadata.o
 .debug_aranges
                0x000000d8       0x48 .\CortexM3\ARM_GCC_541\Release\Cm3Start.o
 .debug_aranges
                0x00000120      0x298 .\CortexM3\ARM_GCC_541\Release\Controlador.a(CyLib.o)
 .debug_aranges
                0x000003b8       0x78 .\CortexM3\ARM_GCC_541\Release\Controlador.a(cyPm.o)
 .debug_aranges
                0x00000430       0xa8 .\CortexM3\ARM_GCC_541\Release\Controlador.a(PWM_X.o)
 .debug_aranges
                0x000004d8       0xa8 .\CortexM3\ARM_GCC_541\Release\Controlador.a(PWM_Y.o)
 .debug_aranges
                0x00000580       0x98 .\CortexM3\ARM_GCC_541\Release\Controlador.a(LCD.o)
 .debug_aranges
                0x00000618       0x58 .\CortexM3\ARM_GCC_541\Release\Controlador.a(Touch.o)
 .debug_aranges
                0x00000670       0x30 .\CortexM3\ARM_GCC_541\Release\Controlador.a(Touch_AMux.o)
 .debug_aranges
                0x000006a0       0xd8 .\CortexM3\ARM_GCC_541\Release\Controlador.a(Touch_ADC.o)
 .debug_aranges
                0x00000778       0x20 .\CortexM3\ARM_GCC_541\Release\Controlador.a(Touch_ADC_INT.o)
 .debug_aranges
                0x00000798       0x30 .\CortexM3\ARM_GCC_541\Release\Controlador.a(Touch_ADC_AMux.o)
 .debug_aranges
                0x000007c8       0x70 .\CortexM3\ARM_GCC_541\Release\Controlador.a(Touch_ADC_Ext_CP_Clk.o)
 .debug_aranges
                0x00000838       0x80 .\CortexM3\ARM_GCC_541\Release\Controlador.a(Touch_ADC_theACLK.o)
 .debug_aranges
                0x000008b8       0x28 .\CortexM3\ARM_GCC_541\Release\Controlador.a(PWM_reset.o)
 .debug_aranges
                0x000008e0       0x80 .\CortexM3\ARM_GCC_541\Release\Controlador.a(Y_interrupcion.o)
 .debug_aranges
                0x00000960       0x80 .\CortexM3\ARM_GCC_541\Release\Controlador.a(X_interrupcion.o)
 .debug_aranges
                0x000009e0       0x20 .\CortexM3\ARM_GCC_541\Release\Controlador.a(CyBootAsmGnu.o)
 .debug_aranges
                0x00000a00       0x80 .\CortexM3\ARM_GCC_541\Release\Controlador.a(CyFlash.o)
 .debug_aranges
                0x00000a80       0x80 .\CortexM3\ARM_GCC_541\Release\Controlador.a(CySpc.o)

.debug_pubnames
 *(.debug_pubnames)

.debug_info     0x00000000     0x6ba9
 *(.debug_info .gnu.linkonce.wi.*)
 .debug_info    0x00000000      0x9b8 .\CortexM3\ARM_GCC_541\Release\main.o
 .debug_info    0x000009b8      0x636 .\CortexM3\ARM_GCC_541\Release\cyfitter_cfg.o
 .debug_info    0x00000fee      0x135 .\CortexM3\ARM_GCC_541\Release\cymetadata.o
 .debug_info    0x00001123      0x3b7 .\CortexM3\ARM_GCC_541\Release\Cm3Start.o
 .debug_info    0x000014da     0x1343 .\CortexM3\ARM_GCC_541\Release\Controlador.a(CyLib.o)
 .debug_info    0x0000281d      0x97e .\CortexM3\ARM_GCC_541\Release\Controlador.a(cyPm.o)
 .debug_info    0x0000319b      0x438 .\CortexM3\ARM_GCC_541\Release\Controlador.a(PWM_X.o)
 .debug_info    0x000035d3      0x438 .\CortexM3\ARM_GCC_541\Release\Controlador.a(PWM_Y.o)
 .debug_info    0x00003a0b      0x707 .\CortexM3\ARM_GCC_541\Release\Controlador.a(LCD.o)
 .debug_info    0x00004112      0x305 .\CortexM3\ARM_GCC_541\Release\Controlador.a(Touch.o)
 .debug_info    0x00004417      0x119 .\CortexM3\ARM_GCC_541\Release\Controlador.a(Touch_AMux.o)
 .debug_info    0x00004530      0xa50 .\CortexM3\ARM_GCC_541\Release\Controlador.a(Touch_ADC.o)
 .debug_info    0x00004f80       0xa6 .\CortexM3\ARM_GCC_541\Release\Controlador.a(Touch_ADC_INT.o)
 .debug_info    0x00005026      0x177 .\CortexM3\ARM_GCC_541\Release\Controlador.a(Touch_ADC_AMux.o)
 .debug_info    0x0000519d      0x29d .\CortexM3\ARM_GCC_541\Release\Controlador.a(Touch_ADC_Ext_CP_Clk.o)
 .debug_info    0x0000543a      0x2da .\CortexM3\ARM_GCC_541\Release\Controlador.a(Touch_ADC_theACLK.o)
 .debug_info    0x00005714       0xd6 .\CortexM3\ARM_GCC_541\Release\Controlador.a(PWM_reset.o)
 .debug_info    0x000057ea      0x385 .\CortexM3\ARM_GCC_541\Release\Controlador.a(Y_interrupcion.o)
 .debug_info    0x00005b6f      0x385 .\CortexM3\ARM_GCC_541\Release\Controlador.a(X_interrupcion.o)
 .debug_info    0x00005ef4       0xa5 .\CortexM3\ARM_GCC_541\Release\Controlador.a(CyBootAsmGnu.o)
 .debug_info    0x00005f99      0x6c0 .\CortexM3\ARM_GCC_541\Release\Controlador.a(CyFlash.o)
 .debug_info    0x00006659      0x550 .\CortexM3\ARM_GCC_541\Release\Controlador.a(CySpc.o)

.debug_abbrev   0x00000000     0x2222
 *(.debug_abbrev)
 .debug_abbrev  0x00000000      0x226 .\CortexM3\ARM_GCC_541\Release\main.o
 .debug_abbrev  0x00000226      0x257 .\CortexM3\ARM_GCC_541\Release\cyfitter_cfg.o
 .debug_abbrev  0x0000047d       0x66 .\CortexM3\ARM_GCC_541\Release\cymetadata.o
 .debug_abbrev  0x000004e3      0x1f4 .\CortexM3\ARM_GCC_541\Release\Cm3Start.o
 .debug_abbrev  0x000006d7      0x390 .\CortexM3\ARM_GCC_541\Release\Controlador.a(CyLib.o)
 .debug_abbrev  0x00000a67      0x1d5 .\CortexM3\ARM_GCC_541\Release\Controlador.a(cyPm.o)
 .debug_abbrev  0x00000c3c      0x1c0 .\CortexM3\ARM_GCC_541\Release\Controlador.a(PWM_X.o)
 .debug_abbrev  0x00000dfc      0x1af .\CortexM3\ARM_GCC_541\Release\Controlador.a(PWM_Y.o)
 .debug_abbrev  0x00000fab      0x1d5 .\CortexM3\ARM_GCC_541\Release\Controlador.a(LCD.o)
 .debug_abbrev  0x00001180      0x136 .\CortexM3\ARM_GCC_541\Release\Controlador.a(Touch.o)
 .debug_abbrev  0x000012b6       0xda .\CortexM3\ARM_GCC_541\Release\Controlador.a(Touch_AMux.o)
 .debug_abbrev  0x00001390      0x271 .\CortexM3\ARM_GCC_541\Release\Controlador.a(Touch_ADC.o)
 .debug_abbrev  0x00001601       0x4b .\CortexM3\ARM_GCC_541\Release\Controlador.a(Touch_ADC_INT.o)
 .debug_abbrev  0x0000164c       0xbe .\CortexM3\ARM_GCC_541\Release\Controlador.a(Touch_ADC_AMux.o)
 .debug_abbrev  0x0000170a      0x144 .\CortexM3\ARM_GCC_541\Release\Controlador.a(Touch_ADC_Ext_CP_Clk.o)
 .debug_abbrev  0x0000184e      0x144 .\CortexM3\ARM_GCC_541\Release\Controlador.a(Touch_ADC_theACLK.o)
 .debug_abbrev  0x00001992       0x81 .\CortexM3\ARM_GCC_541\Release\Controlador.a(PWM_reset.o)
 .debug_abbrev  0x00001a13      0x212 .\CortexM3\ARM_GCC_541\Release\Controlador.a(Y_interrupcion.o)
 .debug_abbrev  0x00001c25      0x212 .\CortexM3\ARM_GCC_541\Release\Controlador.a(X_interrupcion.o)
 .debug_abbrev  0x00001e37       0x14 .\CortexM3\ARM_GCC_541\Release\Controlador.a(CyBootAsmGnu.o)
 .debug_abbrev  0x00001e4b      0x235 .\CortexM3\ARM_GCC_541\Release\Controlador.a(CyFlash.o)
 .debug_abbrev  0x00002080      0x1a2 .\CortexM3\ARM_GCC_541\Release\Controlador.a(CySpc.o)

.debug_line     0x00000000     0x2c92
 *(.debug_line)
 .debug_line    0x00000000      0x37c .\CortexM3\ARM_GCC_541\Release\main.o
 .debug_line    0x0000037c      0x210 .\CortexM3\ARM_GCC_541\Release\cyfitter_cfg.o
 .debug_line    0x0000058c      0x141 .\CortexM3\ARM_GCC_541\Release\cymetadata.o
 .debug_line    0x000006cd      0x21f .\CortexM3\ARM_GCC_541\Release\Cm3Start.o
 .debug_line    0x000008ec      0x7fc .\CortexM3\ARM_GCC_541\Release\Controlador.a(CyLib.o)
 .debug_line    0x000010e8      0x3be .\CortexM3\ARM_GCC_541\Release\Controlador.a(cyPm.o)
 .debug_line    0x000014a6      0x1dc .\CortexM3\ARM_GCC_541\Release\Controlador.a(PWM_X.o)
 .debug_line    0x00001682      0x1d5 .\CortexM3\ARM_GCC_541\Release\Controlador.a(PWM_Y.o)
 .debug_line    0x00001857      0x226 .\CortexM3\ARM_GCC_541\Release\Controlador.a(LCD.o)
 .debug_line    0x00001a7d      0x13c .\CortexM3\ARM_GCC_541\Release\Controlador.a(Touch.o)
 .debug_line    0x00001bb9       0x96 .\CortexM3\ARM_GCC_541\Release\Controlador.a(Touch_AMux.o)
 .debug_line    0x00001c4f      0x3e1 .\CortexM3\ARM_GCC_541\Release\Controlador.a(Touch_ADC.o)
 .debug_line    0x00002030       0x57 .\CortexM3\ARM_GCC_541\Release\Controlador.a(Touch_ADC_INT.o)
 .debug_line    0x00002087       0xa2 .\CortexM3\ARM_GCC_541\Release\Controlador.a(Touch_ADC_AMux.o)
 .debug_line    0x00002129      0x1b8 .\CortexM3\ARM_GCC_541\Release\Controlador.a(Touch_ADC_Ext_CP_Clk.o)
 .debug_line    0x000022e1      0x1ce .\CortexM3\ARM_GCC_541\Release\Controlador.a(Touch_ADC_theACLK.o)
 .debug_line    0x000024af       0x71 .\CortexM3\ARM_GCC_541\Release\Controlador.a(PWM_reset.o)
 .debug_line    0x00002520      0x15e .\CortexM3\ARM_GCC_541\Release\Controlador.a(Y_interrupcion.o)
 .debug_line    0x0000267e      0x15e .\CortexM3\ARM_GCC_541\Release\Controlador.a(X_interrupcion.o)
 .debug_line    0x000027dc       0x66 .\CortexM3\ARM_GCC_541\Release\Controlador.a(CyBootAsmGnu.o)
 .debug_line    0x00002842      0x204 .\CortexM3\ARM_GCC_541\Release\Controlador.a(CyFlash.o)
 .debug_line    0x00002a46      0x24c .\CortexM3\ARM_GCC_541\Release\Controlador.a(CySpc.o)

.debug_frame    0x00000000     0x1fa4
 *(.debug_frame)
 .debug_frame   0x00000000      0x194 .\CortexM3\ARM_GCC_541\Release\main.o
 .debug_frame   0x00000194       0x88 .\CortexM3\ARM_GCC_541\Release\cyfitter_cfg.o
 .debug_frame   0x0000021c       0xb8 .\CortexM3\ARM_GCC_541\Release\Cm3Start.o
 .debug_frame   0x000002d4      0x6f8 .\CortexM3\ARM_GCC_541\Release\Controlador.a(CyLib.o)
 .debug_frame   0x000009cc      0x1c8 .\CortexM3\ARM_GCC_541\Release\Controlador.a(cyPm.o)
 .debug_frame   0x00000b94      0x150 .\CortexM3\ARM_GCC_541\Release\Controlador.a(PWM_X.o)
 .debug_frame   0x00000ce4      0x150 .\CortexM3\ARM_GCC_541\Release\Controlador.a(PWM_Y.o)
 .debug_frame   0x00000e34      0x200 .\CortexM3\ARM_GCC_541\Release\Controlador.a(LCD.o)
 .debug_frame   0x00001034      0x100 .\CortexM3\ARM_GCC_541\Release\Controlador.a(Touch.o)
 .debug_frame   0x00001134       0x5c .\CortexM3\ARM_GCC_541\Release\Controlador.a(Touch_AMux.o)
 .debug_frame   0x00001190      0x294 .\CortexM3\ARM_GCC_541\Release\Controlador.a(Touch_ADC.o)
 .debug_frame   0x00001424       0x50 .\CortexM3\ARM_GCC_541\Release\Controlador.a(Touch_ADC_INT.o)
 .debug_frame   0x00001474       0x68 .\CortexM3\ARM_GCC_541\Release\Controlador.a(Touch_ADC_AMux.o)
 .debug_frame   0x000014dc       0xe0 .\CortexM3\ARM_GCC_541\Release\Controlador.a(Touch_ADC_Ext_CP_Clk.o)
 .debug_frame   0x000015bc      0x100 .\CortexM3\ARM_GCC_541\Release\Controlador.a(Touch_ADC_theACLK.o)
 .debug_frame   0x000016bc       0x30 .\CortexM3\ARM_GCC_541\Release\Controlador.a(PWM_reset.o)
 .debug_frame   0x000016ec       0xe0 .\CortexM3\ARM_GCC_541\Release\Controlador.a(Y_interrupcion.o)
 .debug_frame   0x000017cc       0xe0 .\CortexM3\ARM_GCC_541\Release\Controlador.a(X_interrupcion.o)
 .debug_frame   0x000018ac      0x184 .\CortexM3\ARM_GCC_541\Release\Controlador.a(CyFlash.o)
 .debug_frame   0x00001a30      0x190 .\CortexM3\ARM_GCC_541\Release\Controlador.a(CySpc.o)
 .debug_frame   0x00001bc0       0x20 c:/program files (x86)/cypress/psoc creator/4.2/psoc creator/import/gnu/arm/5.4.1/bin/../lib/gcc/arm-none-eabi/5.4.1/../../../../arm-none-eabi/lib/armv7-m\libg_nano.a(lib_a-errno.o)
 .debug_frame   0x00001be0       0x28 c:/program files (x86)/cypress/psoc creator/4.2/psoc creator/import/gnu/arm/5.4.1/bin/../lib/gcc/arm-none-eabi/5.4.1/../../../../arm-none-eabi/lib/armv7-m\libg_nano.a(lib_a-exit.o)
 .debug_frame   0x00001c08       0x2c c:/program files (x86)/cypress/psoc creator/4.2/psoc creator/import/gnu/arm/5.4.1/bin/../lib/gcc/arm-none-eabi/5.4.1/../../../../arm-none-eabi/lib/armv7-m\libg_nano.a(lib_a-init.o)
 .debug_frame   0x00001c34       0x20 c:/program files (x86)/cypress/psoc creator/4.2/psoc creator/import/gnu/arm/5.4.1/bin/../lib/gcc/arm-none-eabi/5.4.1/../../../../arm-none-eabi/lib/armv7-m\libg_nano.a(lib_a-memset.o)
 .debug_frame   0x00001c54       0x70 c:/program files (x86)/cypress/psoc creator/4.2/psoc creator/import/gnu/arm/5.4.1/bin/../lib/gcc/arm-none-eabi/5.4.1/../../../../arm-none-eabi/lib/armv7-m\libg_nano.a(lib_a-sprintf.o)
 .debug_frame   0x00001cc4       0x90 c:/program files (x86)/cypress/psoc creator/4.2/psoc creator/import/gnu/arm/5.4.1/bin/../lib/gcc/arm-none-eabi/5.4.1/../../../../arm-none-eabi/lib/armv7-m\libg_nano.a(lib_a-nano-svfprintf.o)
 .debug_frame   0x00001d54       0x60 c:/program files (x86)/cypress/psoc creator/4.2/psoc creator/import/gnu/arm/5.4.1/bin/../lib/gcc/arm-none-eabi/5.4.1/../../../../arm-none-eabi/lib/armv7-m\libg_nano.a(lib_a-nano-vfprintf_i.o)
 .debug_frame   0x00001db4       0x28 c:/program files (x86)/cypress/psoc creator/4.2/psoc creator/import/gnu/arm/5.4.1/bin/../lib/gcc/arm-none-eabi/5.4.1/../../../../arm-none-eabi/lib/armv7-m\libg_nano.a(lib_a-memchr-stub.o)
 .debug_frame   0x00001ddc       0x28 c:/program files (x86)/cypress/psoc creator/4.2/psoc creator/import/gnu/arm/5.4.1/bin/../lib/gcc/arm-none-eabi/5.4.1/../../../../arm-none-eabi/lib/armv7-m\libg_nano.a(lib_a-memcpy-stub.o)
 .debug_frame   0x00001e04       0x28 c:/program files (x86)/cypress/psoc creator/4.2/psoc creator/import/gnu/arm/5.4.1/bin/../lib/gcc/arm-none-eabi/5.4.1/../../../../arm-none-eabi/lib/armv7-m\libg_nano.a(lib_a-memmove.o)
 .debug_frame   0x00001e2c       0x38 c:/program files (x86)/cypress/psoc creator/4.2/psoc creator/import/gnu/arm/5.4.1/bin/../lib/gcc/arm-none-eabi/5.4.1/../../../../arm-none-eabi/lib/armv7-m\libg_nano.a(lib_a-nano-freer.o)
 .debug_frame   0x00001e64       0x2c c:/program files (x86)/cypress/psoc creator/4.2/psoc creator/import/gnu/arm/5.4.1/bin/../lib/gcc/arm-none-eabi/5.4.1/../../../../arm-none-eabi/lib/armv7-m\libg_nano.a(lib_a-nano-mallocr.o)
 .debug_frame   0x00001e90       0x3c c:/program files (x86)/cypress/psoc creator/4.2/psoc creator/import/gnu/arm/5.4.1/bin/../lib/gcc/arm-none-eabi/5.4.1/../../../../arm-none-eabi/lib/armv7-m\libg_nano.a(lib_a-nano-reallocr.o)
 .debug_frame   0x00001ecc       0x2c c:/program files (x86)/cypress/psoc creator/4.2/psoc creator/import/gnu/arm/5.4.1/bin/../lib/gcc/arm-none-eabi/5.4.1/../../../../arm-none-eabi/lib/armv7-m\libg_nano.a(lib_a-sbrkr.o)
 .debug_frame   0x00001ef8       0x30 c:/program files (x86)/cypress/psoc creator/4.2/psoc creator/import/gnu/arm/5.4.1/bin/../lib/gcc/arm-none-eabi/5.4.1/../../../../arm-none-eabi/lib/armv7-m\libg_nano.a(lib_a-mlock.o)
 .debug_frame   0x00001f28       0x20 c:/program files (x86)/cypress/psoc creator/4.2/psoc creator/import/gnu/arm/5.4.1/bin/../lib/gcc/arm-none-eabi/5.4.1/../../../../arm-none-eabi/lib/armv7-m\libg_nano.a(lib_a-nano-msizer.o)
 .debug_frame   0x00001f48       0x5c c:/program files (x86)/cypress/psoc creator/4.2/psoc creator/import/gnu/arm/5.4.1/bin/../lib/gcc/arm-none-eabi/5.4.1/../../../../arm-none-eabi/lib/armv7-m\libg_nano.a(lib_a-reent.o)

.debug_str      0x00000000     0x26df
 *(.debug_str)
 .debug_str     0x00000000      0x48d .\CortexM3\ARM_GCC_541\Release\main.o
                                0x4db (size before relaxing)
 .debug_str     0x0000048d      0x223 .\CortexM3\ARM_GCC_541\Release\cyfitter_cfg.o
                                0x3cb (size before relaxing)
 .debug_str     0x000006b0       0x7f .\CortexM3\ARM_GCC_541\Release\cymetadata.o
                                0x1f9 (size before relaxing)
 .debug_str     0x0000072f      0x13e .\CortexM3\ARM_GCC_541\Release\Cm3Start.o
                                0x31f (size before relaxing)
 .debug_str     0x0000086d      0x83d .\CortexM3\ARM_GCC_541\Release\Controlador.a(CyLib.o)
                                0xa5c (size before relaxing)
 .debug_str     0x000010aa      0x365 .\CortexM3\ARM_GCC_541\Release\Controlador.a(cyPm.o)
                                0x741 (size before relaxing)
 .debug_str     0x0000140f      0x1a7 .\CortexM3\ARM_GCC_541\Release\Controlador.a(PWM_X.o)
                                0x39c (size before relaxing)
 .debug_str     0x000015b6      0x16e .\CortexM3\ARM_GCC_541\Release\Controlador.a(PWM_Y.o)
                                0x39c (size before relaxing)
 .debug_str     0x00001724      0x130 .\CortexM3\ARM_GCC_541\Release\Controlador.a(LCD.o)
                                0x340 (size before relaxing)
 .debug_str     0x00001854      0x124 .\CortexM3\ARM_GCC_541\Release\Controlador.a(Touch.o)
                                0x320 (size before relaxing)
 .debug_str     0x00001978       0x48 .\CortexM3\ARM_GCC_541\Release\Controlador.a(Touch_AMux.o)
                                0x223 (size before relaxing)
 .debug_str     0x000019c0      0x3ff .\CortexM3\ARM_GCC_541\Release\Controlador.a(Touch_ADC.o)
                                0x6cd (size before relaxing)
 .debug_str     0x00001dbf       0x36 .\CortexM3\ARM_GCC_541\Release\Controlador.a(Touch_ADC_INT.o)
                                0x1c6 (size before relaxing)
 .debug_str     0x00001df5       0x77 .\CortexM3\ARM_GCC_541\Release\Controlador.a(Touch_ADC_AMux.o)
                                0x23e (size before relaxing)
 .debug_str     0x00001e6c      0x1a9 .\CortexM3\ARM_GCC_541\Release\Controlador.a(Touch_ADC_Ext_CP_Clk.o)
                                0x39f (size before relaxing)
 .debug_str     0x00002015      0x197 .\CortexM3\ARM_GCC_541\Release\Controlador.a(Touch_ADC_theACLK.o)
                                0x3ca (size before relaxing)
 .debug_str     0x000021ac       0x32 .\CortexM3\ARM_GCC_541\Release\Controlador.a(PWM_reset.o)
                                0x1d0 (size before relaxing)
 .debug_str     0x000021de      0x14d .\CortexM3\ARM_GCC_541\Release\Controlador.a(Y_interrupcion.o)
                                0x339 (size before relaxing)
 .debug_str     0x0000232b      0x14d .\CortexM3\ARM_GCC_541\Release\Controlador.a(X_interrupcion.o)
                                0x339 (size before relaxing)
 .debug_str     0x00002478      0x1bb .\CortexM3\ARM_GCC_541\Release\Controlador.a(CyFlash.o)
                                0x3ce (size before relaxing)
 .debug_str     0x00002633       0xac .\CortexM3\ARM_GCC_541\Release\Controlador.a(CySpc.o)
                                0x34d (size before relaxing)

.debug_loc      0x00000000     0x2eb1
 *(.debug_loc)
 .debug_loc     0x00000000      0x3ef .\CortexM3\ARM_GCC_541\Release\main.o
 .debug_loc     0x000003ef      0x395 .\CortexM3\ARM_GCC_541\Release\cyfitter_cfg.o
 .debug_loc     0x00000784      0x1af .\CortexM3\ARM_GCC_541\Release\Cm3Start.o
 .debug_loc     0x00000933      0xa20 .\CortexM3\ARM_GCC_541\Release\Controlador.a(CyLib.o)
 .debug_loc     0x00001353      0x1d6 .\CortexM3\ARM_GCC_541\Release\Controlador.a(cyPm.o)
 .debug_loc     0x00001529       0x97 .\CortexM3\ARM_GCC_541\Release\Controlador.a(PWM_X.o)
 .debug_loc     0x000015c0       0x97 .\CortexM3\ARM_GCC_541\Release\Controlador.a(PWM_Y.o)
 .debug_loc     0x00001657      0x3f7 .\CortexM3\ARM_GCC_541\Release\Controlador.a(LCD.o)
 .debug_loc     0x00001a4e      0x552 .\CortexM3\ARM_GCC_541\Release\Controlador.a(Touch_ADC.o)
 .debug_loc     0x00001fa0       0x6e .\CortexM3\ARM_GCC_541\Release\Controlador.a(Touch_ADC_AMux.o)
 .debug_loc     0x0000200e       0xa6 .\CortexM3\ARM_GCC_541\Release\Controlador.a(Touch_ADC_Ext_CP_Clk.o)
 .debug_loc     0x000020b4       0xc7 .\CortexM3\ARM_GCC_541\Release\Controlador.a(Touch_ADC_theACLK.o)
 .debug_loc     0x0000217b       0xf3 .\CortexM3\ARM_GCC_541\Release\Controlador.a(Y_interrupcion.o)
 .debug_loc     0x0000226e       0xf3 .\CortexM3\ARM_GCC_541\Release\Controlador.a(X_interrupcion.o)
 .debug_loc     0x00002361      0x4b7 .\CortexM3\ARM_GCC_541\Release\Controlador.a(CyFlash.o)
 .debug_loc     0x00002818      0x699 .\CortexM3\ARM_GCC_541\Release\Controlador.a(CySpc.o)

.debug_macinfo
 *(.debug_macinfo)

.debug_ranges   0x00000000      0xce0
 *(.debug_ranges)
 .debug_ranges  0x00000000       0x98 .\CortexM3\ARM_GCC_541\Release\main.o
 .debug_ranges  0x00000098      0x108 .\CortexM3\ARM_GCC_541\Release\cyfitter_cfg.o
 .debug_ranges  0x000001a0       0x50 .\CortexM3\ARM_GCC_541\Release\Cm3Start.o
 .debug_ranges  0x000001f0      0x2b8 .\CortexM3\ARM_GCC_541\Release\Controlador.a(CyLib.o)
 .debug_ranges  0x000004a8       0x90 .\CortexM3\ARM_GCC_541\Release\Controlador.a(cyPm.o)
 .debug_ranges  0x00000538       0xe0 .\CortexM3\ARM_GCC_541\Release\Controlador.a(PWM_X.o)
 .debug_ranges  0x00000618       0xc8 .\CortexM3\ARM_GCC_541\Release\Controlador.a(PWM_Y.o)
 .debug_ranges  0x000006e0       0xb8 .\CortexM3\ARM_GCC_541\Release\Controlador.a(LCD.o)
 .debug_ranges  0x00000798       0x48 .\CortexM3\ARM_GCC_541\Release\Controlador.a(Touch.o)
 .debug_ranges  0x000007e0       0x20 .\CortexM3\ARM_GCC_541\Release\Controlador.a(Touch_AMux.o)
 .debug_ranges  0x00000800       0xe0 .\CortexM3\ARM_GCC_541\Release\Controlador.a(Touch_ADC.o)
 .debug_ranges  0x000008e0       0x10 .\CortexM3\ARM_GCC_541\Release\Controlador.a(Touch_ADC_INT.o)
 .debug_ranges  0x000008f0       0x20 .\CortexM3\ARM_GCC_541\Release\Controlador.a(Touch_ADC_AMux.o)
 .debug_ranges  0x00000910       0xb8 .\CortexM3\ARM_GCC_541\Release\Controlador.a(Touch_ADC_Ext_CP_Clk.o)
 .debug_ranges  0x000009c8       0xc8 .\CortexM3\ARM_GCC_541\Release\Controlador.a(Touch_ADC_theACLK.o)
 .debug_ranges  0x00000a90       0x18 .\CortexM3\ARM_GCC_541\Release\Controlador.a(PWM_reset.o)
 .debug_ranges  0x00000aa8       0xa0 .\CortexM3\ARM_GCC_541\Release\Controlador.a(Y_interrupcion.o)
 .debug_ranges  0x00000b48       0xa0 .\CortexM3\ARM_GCC_541\Release\Controlador.a(X_interrupcion.o)
 .debug_ranges  0x00000be8       0x88 .\CortexM3\ARM_GCC_541\Release\Controlador.a(CyFlash.o)
 .debug_ranges  0x00000c70       0x70 .\CortexM3\ARM_GCC_541\Release\Controlador.a(CySpc.o)

.comment        0x00000000       0x6e
 .comment       0x00000000       0x6e .\CortexM3\ARM_GCC_541\Release\main.o
                                 0x6f (size before relaxing)
 .comment       0x0000006e       0x6f .\CortexM3\ARM_GCC_541\Release\cyfitter_cfg.o
 .comment       0x0000006e       0x6f .\CortexM3\ARM_GCC_541\Release\cymetadata.o
 .comment       0x0000006e       0x6f .\CortexM3\ARM_GCC_541\Release\Cm3Start.o
 .comment       0x0000006e       0x6f .\CortexM3\ARM_GCC_541\Release\Controlador.a(CyLib.o)
 .comment       0x0000006e       0x6f .\CortexM3\ARM_GCC_541\Release\Controlador.a(cyPm.o)
 .comment       0x0000006e       0x6f .\CortexM3\ARM_GCC_541\Release\Controlador.a(PWM_X.o)
 .comment       0x0000006e       0x6f .\CortexM3\ARM_GCC_541\Release\Controlador.a(PWM_Y.o)
 .comment       0x0000006e       0x6f .\CortexM3\ARM_GCC_541\Release\Controlador.a(LCD.o)
 .comment       0x0000006e       0x6f .\CortexM3\ARM_GCC_541\Release\Controlador.a(Touch.o)
 .comment       0x0000006e       0x6f .\CortexM3\ARM_GCC_541\Release\Controlador.a(Touch_AMux.o)
 .comment       0x0000006e       0x6f .\CortexM3\ARM_GCC_541\Release\Controlador.a(Touch_ADC.o)
 .comment       0x0000006e       0x6f .\CortexM3\ARM_GCC_541\Release\Controlador.a(Touch_ADC_INT.o)
 .comment       0x0000006e       0x6f .\CortexM3\ARM_GCC_541\Release\Controlador.a(Touch_ADC_AMux.o)
 .comment       0x0000006e       0x6f .\CortexM3\ARM_GCC_541\Release\Controlador.a(Touch_ADC_Ext_CP_Clk.o)
 .comment       0x0000006e       0x6f .\CortexM3\ARM_GCC_541\Release\Controlador.a(Touch_ADC_theACLK.o)
 .comment       0x0000006e       0x6f .\CortexM3\ARM_GCC_541\Release\Controlador.a(PWM_reset.o)
 .comment       0x0000006e       0x6f .\CortexM3\ARM_GCC_541\Release\Controlador.a(Y_interrupcion.o)
 .comment       0x0000006e       0x6f .\CortexM3\ARM_GCC_541\Release\Controlador.a(X_interrupcion.o)
 .comment       0x0000006e       0x6f .\CortexM3\ARM_GCC_541\Release\Controlador.a(CyFlash.o)
 .comment       0x0000006e       0x6f .\CortexM3\ARM_GCC_541\Release\Controlador.a(CySpc.o)

.debug_weaknames
 *(.debug_weaknames)

.debug_funcnames
 *(.debug_funcnames)

.debug_typenames
 *(.debug_typenames)

.debug_varnames
 *(.debug_varnames)

.note.gnu.arm.ident
 *(.note.gnu.arm.ident)

.ARM.attributes
                0x00000000       0x29
 *(.ARM.attributes)
 .ARM.attributes
                0x00000000       0x1d c:/program files (x86)/cypress/psoc creator/4.2/psoc creator/import/gnu/arm/5.4.1/bin/../lib/gcc/arm-none-eabi/5.4.1/armv7-m/crti.o
 .ARM.attributes
                0x0000001d       0x2d c:/program files (x86)/cypress/psoc creator/4.2/psoc creator/import/gnu/arm/5.4.1/bin/../lib/gcc/arm-none-eabi/5.4.1/armv7-m/crtbegin.o
 .ARM.attributes
                0x0000004a       0x1b c:/program files (x86)/cypress/psoc creator/4.2/psoc creator/import/gnu/arm/5.4.1/bin/../lib/gcc/arm-none-eabi/5.4.1/../../../../arm-none-eabi/lib/armv7-m/crt0.o
 .ARM.attributes
                0x00000065       0x33 .\CortexM3\ARM_GCC_541\Release\main.o
 .ARM.attributes
                0x00000098       0x33 .\CortexM3\ARM_GCC_541\Release\cyfitter_cfg.o
 .ARM.attributes
                0x000000cb       0x33 .\CortexM3\ARM_GCC_541\Release\cymetadata.o
 .ARM.attributes
                0x000000fe       0x33 .\CortexM3\ARM_GCC_541\Release\Cm3Start.o
 .ARM.attributes
                0x00000131       0x33 .\CortexM3\ARM_GCC_541\Release\Controlador.a(CyLib.o)
 .ARM.attributes
                0x00000164       0x33 .\CortexM3\ARM_GCC_541\Release\Controlador.a(cyPm.o)
 .ARM.attributes
                0x00000197       0x33 .\CortexM3\ARM_GCC_541\Release\Controlador.a(PWM_X.o)
 .ARM.attributes
                0x000001ca       0x33 .\CortexM3\ARM_GCC_541\Release\Controlador.a(PWM_Y.o)
 .ARM.attributes
                0x000001fd       0x33 .\CortexM3\ARM_GCC_541\Release\Controlador.a(LCD.o)
 .ARM.attributes
                0x00000230       0x33 .\CortexM3\ARM_GCC_541\Release\Controlador.a(Touch.o)
 .ARM.attributes
                0x00000263       0x33 .\CortexM3\ARM_GCC_541\Release\Controlador.a(Touch_AMux.o)
 .ARM.attributes
                0x00000296       0x33 .\CortexM3\ARM_GCC_541\Release\Controlador.a(Touch_ADC.o)
 .ARM.attributes
                0x000002c9       0x33 .\CortexM3\ARM_GCC_541\Release\Controlador.a(Touch_ADC_INT.o)
 .ARM.attributes
                0x000002fc       0x33 .\CortexM3\ARM_GCC_541\Release\Controlador.a(Touch_ADC_AMux.o)
 .ARM.attributes
                0x0000032f       0x33 .\CortexM3\ARM_GCC_541\Release\Controlador.a(Touch_ADC_Ext_CP_Clk.o)
 .ARM.attributes
                0x00000362       0x33 .\CortexM3\ARM_GCC_541\Release\Controlador.a(Touch_ADC_theACLK.o)
 .ARM.attributes
                0x00000395       0x33 .\CortexM3\ARM_GCC_541\Release\Controlador.a(PWM_reset.o)
 .ARM.attributes
                0x000003c8       0x33 .\CortexM3\ARM_GCC_541\Release\Controlador.a(Y_interrupcion.o)
 .ARM.attributes
                0x000003fb       0x33 .\CortexM3\ARM_GCC_541\Release\Controlador.a(X_interrupcion.o)
 .ARM.attributes
                0x0000042e       0x21 .\CortexM3\ARM_GCC_541\Release\Controlador.a(CyBootAsmGnu.o)
 .ARM.attributes
                0x0000044f       0x33 .\CortexM3\ARM_GCC_541\Release\Controlador.a(CyFlash.o)
 .ARM.attributes
                0x00000482       0x33 .\CortexM3\ARM_GCC_541\Release\Controlador.a(CySpc.o)
 .ARM.attributes
                0x000004b5       0x1d c:/program files (x86)/cypress/psoc creator/4.2/psoc creator/import/gnu/arm/5.4.1/bin/../lib/gcc/arm-none-eabi/5.4.1/armv7-m\libgcc.a(_arm_addsubdf3.o)
 .ARM.attributes
                0x000004d2       0x1d c:/program files (x86)/cypress/psoc creator/4.2/psoc creator/import/gnu/arm/5.4.1/bin/../lib/gcc/arm-none-eabi/5.4.1/armv7-m\libgcc.a(_arm_muldivdf3.o)
 .ARM.attributes
                0x000004ef       0x1d c:/program files (x86)/cypress/psoc creator/4.2/psoc creator/import/gnu/arm/5.4.1/bin/../lib/gcc/arm-none-eabi/5.4.1/armv7-m\libgcc.a(_arm_cmpdf2.o)
 .ARM.attributes
                0x0000050c       0x1d c:/program files (x86)/cypress/psoc creator/4.2/psoc creator/import/gnu/arm/5.4.1/bin/../lib/gcc/arm-none-eabi/5.4.1/armv7-m\libgcc.a(_arm_truncdfsf2.o)
 .ARM.attributes
                0x00000529       0x1d c:/program files (x86)/cypress/psoc creator/4.2/psoc creator/import/gnu/arm/5.4.1/bin/../lib/gcc/arm-none-eabi/5.4.1/armv7-m\libgcc.a(_arm_addsubsf3.o)
 .ARM.attributes
                0x00000546       0x1d c:/program files (x86)/cypress/psoc creator/4.2/psoc creator/import/gnu/arm/5.4.1/bin/../lib/gcc/arm-none-eabi/5.4.1/armv7-m\libgcc.a(_arm_muldivsf3.o)
 .ARM.attributes
                0x00000563       0x1d c:/program files (x86)/cypress/psoc creator/4.2/psoc creator/import/gnu/arm/5.4.1/bin/../lib/gcc/arm-none-eabi/5.4.1/armv7-m\libgcc.a(_arm_cmpsf2.o)
 .ARM.attributes
                0x00000580       0x1d c:/program files (x86)/cypress/psoc creator/4.2/psoc creator/import/gnu/arm/5.4.1/bin/../lib/gcc/arm-none-eabi/5.4.1/armv7-m\libgcc.a(_arm_fixsfsi.o)
 .ARM.attributes
                0x0000059d       0x1d c:/program files (x86)/cypress/psoc creator/4.2/psoc creator/import/gnu/arm/5.4.1/bin/../lib/gcc/arm-none-eabi/5.4.1/armv7-m\libgcc.a(_arm_fixunssfsi.o)
 .ARM.attributes
                0x000005ba       0x2d c:/program files (x86)/cypress/psoc creator/4.2/psoc creator/import/gnu/arm/5.4.1/bin/../lib/gcc/arm-none-eabi/5.4.1/../../../../arm-none-eabi/lib/armv7-m\libg_nano.a(lib_a-errno.o)
 .ARM.attributes
                0x000005e7       0x2d c:/program files (x86)/cypress/psoc creator/4.2/psoc creator/import/gnu/arm/5.4.1/bin/../lib/gcc/arm-none-eabi/5.4.1/../../../../arm-none-eabi/lib/armv7-m\libg_nano.a(lib_a-exit.o)
 .ARM.attributes
                0x00000614       0x2d c:/program files (x86)/cypress/psoc creator/4.2/psoc creator/import/gnu/arm/5.4.1/bin/../lib/gcc/arm-none-eabi/5.4.1/../../../../arm-none-eabi/lib/armv7-m\libg_nano.a(lib_a-impure.o)
 .ARM.attributes
                0x00000641       0x2d c:/program files (x86)/cypress/psoc creator/4.2/psoc creator/import/gnu/arm/5.4.1/bin/../lib/gcc/arm-none-eabi/5.4.1/../../../../arm-none-eabi/lib/armv7-m\libg_nano.a(lib_a-init.o)
 .ARM.attributes
                0x0000066e       0x2d c:/program files (x86)/cypress/psoc creator/4.2/psoc creator/import/gnu/arm/5.4.1/bin/../lib/gcc/arm-none-eabi/5.4.1/../../../../arm-none-eabi/lib/armv7-m\libg_nano.a(lib_a-memset.o)
 .ARM.attributes
                0x0000069b       0x2d c:/program files (x86)/cypress/psoc creator/4.2/psoc creator/import/gnu/arm/5.4.1/bin/../lib/gcc/arm-none-eabi/5.4.1/../../../../arm-none-eabi/lib/armv7-m\libg_nano.a(lib_a-sprintf.o)
 .ARM.attributes
                0x000006c8       0x2d c:/program files (x86)/cypress/psoc creator/4.2/psoc creator/import/gnu/arm/5.4.1/bin/../lib/gcc/arm-none-eabi/5.4.1/../../../../arm-none-eabi/lib/armv7-m\libg_nano.a(lib_a-nano-svfprintf.o)
 .ARM.attributes
                0x000006f5       0x2d c:/program files (x86)/cypress/psoc creator/4.2/psoc creator/import/gnu/arm/5.4.1/bin/../lib/gcc/arm-none-eabi/5.4.1/../../../../arm-none-eabi/lib/armv7-m\libg_nano.a(lib_a-nano-vfprintf_i.o)
 .ARM.attributes
                0x00000722       0x2d c:/program files (x86)/cypress/psoc creator/4.2/psoc creator/import/gnu/arm/5.4.1/bin/../lib/gcc/arm-none-eabi/5.4.1/../../../../arm-none-eabi/lib/armv7-m\libg_nano.a(lib_a-memchr-stub.o)
 .ARM.attributes
                0x0000074f       0x2d c:/program files (x86)/cypress/psoc creator/4.2/psoc creator/import/gnu/arm/5.4.1/bin/../lib/gcc/arm-none-eabi/5.4.1/../../../../arm-none-eabi/lib/armv7-m\libg_nano.a(lib_a-memcpy-stub.o)
 .ARM.attributes
                0x0000077c       0x2d c:/program files (x86)/cypress/psoc creator/4.2/psoc creator/import/gnu/arm/5.4.1/bin/../lib/gcc/arm-none-eabi/5.4.1/../../../../arm-none-eabi/lib/armv7-m\libg_nano.a(lib_a-memmove.o)
 .ARM.attributes
                0x000007a9       0x2d c:/program files (x86)/cypress/psoc creator/4.2/psoc creator/import/gnu/arm/5.4.1/bin/../lib/gcc/arm-none-eabi/5.4.1/../../../../arm-none-eabi/lib/armv7-m\libg_nano.a(lib_a-nano-freer.o)
 .ARM.attributes
                0x000007d6       0x2d c:/program files (x86)/cypress/psoc creator/4.2/psoc creator/import/gnu/arm/5.4.1/bin/../lib/gcc/arm-none-eabi/5.4.1/../../../../arm-none-eabi/lib/armv7-m\libg_nano.a(lib_a-nano-mallocr.o)
 .ARM.attributes
                0x00000803       0x2d c:/program files (x86)/cypress/psoc creator/4.2/psoc creator/import/gnu/arm/5.4.1/bin/../lib/gcc/arm-none-eabi/5.4.1/../../../../arm-none-eabi/lib/armv7-m\libg_nano.a(lib_a-nano-reallocr.o)
 .ARM.attributes
                0x00000830       0x2d c:/program files (x86)/cypress/psoc creator/4.2/psoc creator/import/gnu/arm/5.4.1/bin/../lib/gcc/arm-none-eabi/5.4.1/../../../../arm-none-eabi/lib/armv7-m\libg_nano.a(lib_a-sbrkr.o)
 .ARM.attributes
                0x0000085d       0x2d c:/program files (x86)/cypress/psoc creator/4.2/psoc creator/import/gnu/arm/5.4.1/bin/../lib/gcc/arm-none-eabi/5.4.1/../../../../arm-none-eabi/lib/armv7-m\libg_nano.a(lib_a-mlock.o)
 .ARM.attributes
                0x0000088a       0x2d c:/program files (x86)/cypress/psoc creator/4.2/psoc creator/import/gnu/arm/5.4.1/bin/../lib/gcc/arm-none-eabi/5.4.1/../../../../arm-none-eabi/lib/armv7-m\libg_nano.a(lib_a-nano-msizer.o)
 .ARM.attributes
                0x000008b7       0x2d c:/program files (x86)/cypress/psoc creator/4.2/psoc creator/import/gnu/arm/5.4.1/bin/../lib/gcc/arm-none-eabi/5.4.1/../../../../arm-none-eabi/lib/armv7-m\libg_nano.a(lib_a-reent.o)
 .ARM.attributes
                0x000008e4       0x2d c:/program files (x86)/cypress/psoc creator/4.2/psoc creator/import/gnu/arm/5.4.1/bin/../lib/gcc/arm-none-eabi/5.4.1/armv7-m/crtend.o
 .ARM.attributes
                0x00000911       0x1d c:/program files (x86)/cypress/psoc creator/4.2/psoc creator/import/gnu/arm/5.4.1/bin/../lib/gcc/arm-none-eabi/5.4.1/armv7-m/crtn.o

/DISCARD/
 *(.note.GNU-stack)
OUTPUT(E:\U\Lab de Control\PID Controler-20191011T021919Z-001\PID Controler\Controlador.cydsn\CortexM3\ARM_GCC_541\Release\Controlador.elf elf32-littlearm)
