Archive member included to satisfy reference by file (symbol)

.\CortexM3\ARM_GCC_541\Release\Controlador.a(CyLib.o)
                              .\CortexM3\ARM_GCC_541\Release\Cm3Start.o (CyHalt)
.\CortexM3\ARM_GCC_541\Release\Controlador.a(cyPm.o)
                              .\CortexM3\ARM_GCC_541\Release\Controlador.a(CyLib.o) (CyPmReadStatus)
.\CortexM3\ARM_GCC_541\Release\Controlador.a(PWM_X.o)
                              .\CortexM3\ARM_GCC_541\Release\main.o (PWM_X_Start)
.\CortexM3\ARM_GCC_541\Release\Controlador.a(PWM_Y.o)
                              .\CortexM3\ARM_GCC_541\Release\main.o (PWM_Y_Start)
.\CortexM3\ARM_GCC_541\Release\Controlador.a(ADC_YAxis.o)
                              .\CortexM3\ARM_GCC_541\Release\main.o (ADC_YAxis_Start)
.\CortexM3\ARM_GCC_541\Release\Controlador.a(ADC_YAxis_INT.o)
                              .\CortexM3\ARM_GCC_541\Release\Controlador.a(ADC_YAxis.o) (ADC_YAxis_ISR)
.\CortexM3\ARM_GCC_541\Release\Controlador.a(ADC_YAxis_theACLK.o)
                              .\CortexM3\ARM_GCC_541\Release\Controlador.a(ADC_YAxis.o) (ADC_YAxis_theACLK_SetModeRegister)
.\CortexM3\ARM_GCC_541\Release\Controlador.a(AxisSelector.o)
                              .\CortexM3\ARM_GCC_541\Release\main.o (AxisSelector_Write)
.\CortexM3\ARM_GCC_541\Release\Controlador.a(ADC_XAxis.o)
                              .\CortexM3\ARM_GCC_541\Release\main.o (ADC_XAxis_Start)
.\CortexM3\ARM_GCC_541\Release\Controlador.a(ADC_XAxis_INT.o)
                              .\CortexM3\ARM_GCC_541\Release\Controlador.a(ADC_XAxis.o) (ADC_XAxis_ISR)
.\CortexM3\ARM_GCC_541\Release\Controlador.a(ADC_XAxis_theACLK.o)
                              .\CortexM3\ARM_GCC_541\Release\Controlador.a(ADC_XAxis.o) (ADC_XAxis_theACLK_SetModeRegister)
.\CortexM3\ARM_GCC_541\Release\Controlador.a(CyBootAsmGnu.o)
                              .\CortexM3\ARM_GCC_541\Release\cyfitter_cfg.o (CyDelayCycles)
.\CortexM3\ARM_GCC_541\Release\Controlador.a(CyFlash.o)
                              .\CortexM3\ARM_GCC_541\Release\Controlador.a(cyPm.o) (CyFlash_SetWaitCycles)
.\CortexM3\ARM_GCC_541\Release\Controlador.a(CySpc.o)
                              .\CortexM3\ARM_GCC_541\Release\Controlador.a(CyFlash.o) (CySpcStart)
c:/program files (x86)/cypress/psoc creator/4.2/psoc creator/import/gnu/arm/5.4.1/bin/../lib/gcc/arm-none-eabi/5.4.1/armv7-m\libgcc.a(_arm_addsubdf3.o)
                              .\CortexM3\ARM_GCC_541\Release\main.o (__aeabi_f2d)
c:/program files (x86)/cypress/psoc creator/4.2/psoc creator/import/gnu/arm/5.4.1/bin/../lib/gcc/arm-none-eabi/5.4.1/armv7-m\libgcc.a(_arm_addsubsf3.o)
                              .\CortexM3\ARM_GCC_541\Release\main.o (__aeabi_fsub)
c:/program files (x86)/cypress/psoc creator/4.2/psoc creator/import/gnu/arm/5.4.1/bin/../lib/gcc/arm-none-eabi/5.4.1/armv7-m\libgcc.a(_arm_muldivsf3.o)
                              .\CortexM3\ARM_GCC_541\Release\main.o (__aeabi_fmul)
c:/program files (x86)/cypress/psoc creator/4.2/psoc creator/import/gnu/arm/5.4.1/bin/../lib/gcc/arm-none-eabi/5.4.1/armv7-m\libgcc.a(_arm_cmpsf2.o)
                              .\CortexM3\ARM_GCC_541\Release\main.o (__aeabi_fcmplt)
c:/program files (x86)/cypress/psoc creator/4.2/psoc creator/import/gnu/arm/5.4.1/bin/../lib/gcc/arm-none-eabi/5.4.1/armv7-m\libgcc.a(_arm_fixsfsi.o)
                              .\CortexM3\ARM_GCC_541\Release\main.o (__aeabi_f2iz)
c:/program files (x86)/cypress/psoc creator/4.2/psoc creator/import/gnu/arm/5.4.1/bin/../lib/gcc/arm-none-eabi/5.4.1/armv7-m\libgcc.a(_aeabi_ldivmod.o)
                              .\CortexM3\ARM_GCC_541\Release\Controlador.a(ADC_YAxis.o) (__aeabi_ldivmod)
c:/program files (x86)/cypress/psoc creator/4.2/psoc creator/import/gnu/arm/5.4.1/bin/../lib/gcc/arm-none-eabi/5.4.1/armv7-m\libgcc.a(_udivmoddi4.o)
                              c:/program files (x86)/cypress/psoc creator/4.2/psoc creator/import/gnu/arm/5.4.1/bin/../lib/gcc/arm-none-eabi/5.4.1/armv7-m\libgcc.a(_aeabi_ldivmod.o) (__udivmoddi4)
c:/program files (x86)/cypress/psoc creator/4.2/psoc creator/import/gnu/arm/5.4.1/bin/../lib/gcc/arm-none-eabi/5.4.1/armv7-m\libgcc.a(_dvmd_tls.o)
                              c:/program files (x86)/cypress/psoc creator/4.2/psoc creator/import/gnu/arm/5.4.1/bin/../lib/gcc/arm-none-eabi/5.4.1/armv7-m\libgcc.a(_aeabi_ldivmod.o) (__aeabi_ldiv0)
c:/program files (x86)/cypress/psoc creator/4.2/psoc creator/import/gnu/arm/5.4.1/bin/../lib/gcc/arm-none-eabi/5.4.1/../../../../arm-none-eabi/lib/armv7-m\libg_nano.a(lib_a-errno.o)
                              .\CortexM3\ARM_GCC_541\Release\Cm3Start.o (__errno)
c:/program files (x86)/cypress/psoc creator/4.2/psoc creator/import/gnu/arm/5.4.1/bin/../lib/gcc/arm-none-eabi/5.4.1/../../../../arm-none-eabi/lib/armv7-m\libg_nano.a(lib_a-exit.o)
[...]
Memory Configuration

Name             Origin             Length             Attributes
rom              0x00000000         0x00040000         xr
ram              0x1fff8000         0x00010000         xrw
*default*        0x00000000         0xffffffff

Linker script and memory map

LOAD c:/program files (x86)/cypress/psoc creator/4.2/psoc creator/import/gnu/arm/5.4.1/bin/../lib/gcc/arm-none-eabi/5.4.1/armv7-m/crti.o
LOAD c:/program files (x86)/cypress/psoc creator/4.2/psoc creator/import/gnu/arm/5.4.1/bin/../lib/gcc/arm-none-eabi/5.4.1/armv7-m/crtbegin.o
LOAD c:/program files (x86)/cypress/psoc creator/4.2/psoc creator/import/gnu/arm/5.4.1/bin/../lib/gcc/arm-none-eabi/5.4.1/../../../../arm-none-eabi/lib/armv7-m/crt0.o
START GROUP
LOAD .\CortexM3\ARM_GCC_541\Release\main.o
LOAD .\CortexM3\ARM_GCC_541\Release\cyfitter_cfg.o
LOAD .\CortexM3\ARM_GCC_541\Release\cymetadata.o
LOAD .\CortexM3\ARM_GCC_541\Release\Cm3Start.o
LOAD .\CortexM3\ARM_GCC_541\Release\Controlador.a
LOAD C:\Program Files (x86)\Cypress\PSoC Creator\4.2\PSoC Creator\psoc\content\cycomponentlibrary\CyComponentLibrary.cylib\CortexM3\ARM_GCC_541\Release\CyComponentLibrary.a
END GROUP
START GROUP
LOAD c:/program files (x86)/cypress/psoc creator/4.2/psoc creator/import/gnu/arm/5.4.1/bin/../lib/gcc/arm-none-eabi/5.4.1/armv7-m\libgcc.a
LOAD c:/program files (x86)/cypress/psoc creator/4.2/psoc creator/import/gnu/arm/5.4.1/bin/../lib/gcc/arm-none-eabi/5.4.1/../../../../arm-none-eabi/lib/armv7-m\libg_nano.a
LOAD c:/program files (x86)/cypress/psoc creator/4.2/psoc creator/import/gnu/arm/5.4.1/bin/../lib/gcc/arm-none-eabi/5.4.1/../../../../arm-none-eabi/lib/armv7-m\libc_nano.a
END GROUP
START GROUP
LOAD c:/program files (x86)/cypress/psoc creator/4.2/psoc creator/import/gnu/arm/5.4.1/bin/../lib/gcc/arm-none-eabi/5.4.1/armv7-m\libgcc.a
LOAD c:/program files (x86)/cypress/psoc creator/4.2/psoc creator/import/gnu/arm/5.4.1/bin/../lib/gcc/arm-none-eabi/5.4.1/../../../../arm-none-eabi/lib/armv7-m\libc_nano.a
END GROUP
LOAD c:/program files (x86)/cypress/psoc creator/4.2/psoc creator/import/gnu/arm/5.4.1/bin/../lib/gcc/arm-none-eabi/5.4.1/armv7-m/crtend.o
LOAD c:/program files (x86)/cypress/psoc creator/4.2/psoc creator/import/gnu/arm/5.4.1/bin/../lib/gcc/arm-none-eabi/5.4.1/armv7-m/crtn.o
START GROUP
LOAD c:/program files (x86)/cypress/psoc creator/4.2/psoc creator/import/gnu/arm/5.4.1/bin/../lib/gcc/arm-none-eabi/5.4.1/armv7-m\libgcc.a
LOAD c:/program files (x86)/cypress/psoc creator/4.2/psoc creator/import/gnu/arm/5.4.1/bin/../lib/gcc/arm-none-eabi/5.4.1/../../../../arm-none-eabi/lib/armv7-m\libc.a
LOAD c:/program files (x86)/cypress/psoc creator/4.2/psoc creator/import/gnu/arm/5.4.1/bin/../lib/gcc/arm-none-eabi/5.4.1/../../../../arm-none-eabi/lib/armv7-m\libnosys.a
END GROUP
                0x00000000                CY_APPL_ORIGIN = 0x0
                0x00000100                CY_FLASH_ROW_SIZE = 0x100
                0x00000020                CY_ECC_ROW_SIZE = 0x20
                0x00000000                CY_EE_IN_BTLDR = 0x0
                0x00000000                CY_APPL_LOADABLE = 0x0
                0x00000800                CY_EE_SIZE = 0x800
                0x00000001                CY_APPL_NUM = 0x1
                0x00000001                CY_APPL_MAX = 0x1
                0x00000040                CY_METADATA_SIZE = 0x40
                0x00000000                CY_APPL_LOADABLE = 0x0
                0x00000000                CY_CHECKSUM_EXCLUDE_SIZE = ALIGN (0x0, CY_FLASH_ROW_SIZE)
                [!provide]                PROVIDE (__cy_heap_start, _end)
                0x00000001                PROVIDE (__cy_region_num, ((__cy_regions_end - __cy_regions) / 0x10))
                0x20008000                PROVIDE (__cy_stack, (ORIGIN (ram) + LENGTH (ram)))
                [!provide]                PROVIDE (__cy_heap_end, (__cy_stack - 0x800))

.cybootloader   0x00000000        0x0
 *(.cybootloader)
                0x00000000                appl1_start = CY_APPL_ORIGIN?CY_APPL_ORIGIN:ALIGN (CY_FLASH_ROW_SIZE)
                0x0001ff00                appl2_start = (appl1_start + ALIGN ((((LENGTH (rom) - appl1_start) - (0x2 * CY_FLASH_ROW_SIZE)) / 0x2), CY_FLASH_ROW_SIZE))
                0x00000000                appl_start = (CY_APPL_NUM == 0x1)?appl1_start:appl2_start
                0x00000000                ecc_offset = ((appl_start / CY_FLASH_ROW_SIZE) * CY_ECC_ROW_SIZE)
                0x00000000                ee_offset = (CY_APPL_LOADABLE && ! (CY_EE_IN_BTLDR))?((CY_EE_SIZE / CY_APPL_MAX) * (CY_APPL_NUM - 0x1)):0x0
                0x00000800                ee_size = (CY_APPL_LOADABLE && ! (CY_EE_IN_BTLDR))?(CY_EE_SIZE / CY_APPL_MAX):CY_EE_SIZE
                [!provide]                PROVIDE (CY_ECC_OFFSET, ecc_offset)

.text           0x00000000     0x23b0
 CREATE_OBJECT_SYMBOLS
                0x00000000                PROVIDE (__cy_interrupt_vector, RomVectors)
 *(.romvectors)
 .romvectors    0x00000000       0x10 .\CortexM3\ARM_GCC_541\Release\Cm3Start.o
                0x00000000                RomVectors
                0x00000001                ASSERT ((. != __cy_interrupt_vector), No interrupt vector)
                0x00000001                ASSERT (CY_APPL_ORIGIN?(SIZEOF (.cybootloader) <= CY_APPL_ORIGIN):0x1, Wrong image location)
                0x00000010                PROVIDE (__cy_reset, Reset)
 *(.text.Reset)
 .text.Reset    0x00000010       0x18 .\CortexM3\ARM_GCC_541\Release\Cm3Start.o
                0x00000010                Reset
                0x00000001                ASSERT ((. != __cy_reset), No reset code)
 *(.dma_init)
                0x00000001                ASSERT ((((appl_start + .) <= 0x10000) || 0x1), DMA Init must be within the first 64k of flash)
 *(.text .text.* .gnu.linkonce.t.*)
 .text          0x00000028       0x5c c:/program files (x86)/cypress/psoc creator/4.2/psoc creator/import/gnu/arm/5.4.1/bin/../lib/gcc/arm-none-eabi/5.4.1/armv7-m/crtbegin.o
 .text.mapANGtoTIME
                0x00000084       0x4c .\CortexM3\ARM_GCC_541\Release\main.o
                0x00000084                mapANGtoTIME
 .text.SetServoY
                0x000000d0       0x1c .\CortexM3\ARM_GCC_541\Release\main.o
                0x000000d0                SetServoY
 .text.Volt_update
                0x000000ec       0x3c .\CortexM3\ARM_GCC_541\Release\main.o
                0x000000ec                Volt_update
 .text.ReadXAxis
                0x00000128       0x5c .\CortexM3\ARM_GCC_541\Release\main.o
                0x00000128                ReadXAxis
 .text.ReadYAxis
                0x00000184       0x5c .\CortexM3\ARM_GCC_541\Release\main.o
                0x00000184                ReadYAxis
 .text.startup.main
                0x000001e0       0x78 .\CortexM3\ARM_GCC_541\Release\main.o
                0x000001e0                main
 .text.cyfitter_cfg
                0x00000258      0x28c .\CortexM3\ARM_GCC_541\Release\cyfitter_cfg.o
                0x00000258                cyfitter_cfg
 .text.IntDefaultHandler
                0x000004e4       0x10 .\CortexM3\ARM_GCC_541\Release\Cm3Start.o
                0x000004e4                IntDefaultHandler
 .text._sbrk    0x000004f4       0x2c .\CortexM3\ARM_GCC_541\Release\Cm3Start.o
                0x000004f4                _sbrk
 .text.Start_c  0x00000520       0x50 .\CortexM3\ARM_GCC_541\Release\Cm3Start.o
                0x00000520                Start_c
 .text.startup.initialize_psoc
                0x00000570       0x68 .\CortexM3\ARM_GCC_541\Release\Cm3Start.o
                0x00000570                initialize_psoc
 .text.CyDelay  0x000005d8       0x2c .\CortexM3\ARM_GCC_541\Release\Controlador.a(CyLib.o)
                0x000005d8                CyDelay
 .text.CyDelayUs
                0x00000604       0x10 .\CortexM3\ARM_GCC_541\Release\Controlador.a(CyLib.o)
                0x00000604                CyDelayUs
 .text.CyIntSetVector
                0x00000614       0x1c .\CortexM3\ARM_GCC_541\Release\Controlador.a(CyLib.o)
                0x00000614                CyIntSetVector
 .text.CyIntSetPriority
                0x00000630       0x14 .\CortexM3\ARM_GCC_541\Release\Controlador.a(CyLib.o)
                0x00000630                CyIntSetPriority
 .text.PWM_X_Enable
                0x00000644       0x10 .\CortexM3\ARM_GCC_541\Release\Controlador.a(PWM_X.o)
                0x00000644                PWM_X_Enable
 .text.PWM_X_ClearFIFO
                0x00000654       0x18 .\CortexM3\ARM_GCC_541\Release\Controlador.a(PWM_X.o)
                0x00000654                PWM_X_ClearFIFO
 .text.PWM_X_Init
                0x0000066c       0x68 .\CortexM3\ARM_GCC_541\Release\Controlador.a(PWM_X.o)
                0x0000066c                PWM_X_Init
 .text.PWM_X_Start
                0x000006d4       0x1c .\CortexM3\ARM_GCC_541\Release\Controlador.a(PWM_X.o)
                0x000006d4                PWM_X_Start
 .text.PWM_Y_Enable
                0x000006f0       0x10 .\CortexM3\ARM_GCC_541\Release\Controlador.a(PWM_Y.o)
                0x000006f0                PWM_Y_Enable
 .text.PWM_Y_ClearFIFO
                0x00000700       0x18 .\CortexM3\ARM_GCC_541\Release\Controlador.a(PWM_Y.o)
                0x00000700                PWM_Y_ClearFIFO
 .text.PWM_Y_Init
                0x00000718       0x64 .\CortexM3\ARM_GCC_541\Release\Controlador.a(PWM_Y.o)
                0x00000718                PWM_Y_Init
 .text.PWM_Y_Start
                0x0000077c       0x1c .\CortexM3\ARM_GCC_541\Release\Controlador.a(PWM_Y.o)
                0x0000077c                PWM_Y_Start
 .text.PWM_Y_WriteCompare
                0x00000798        0xc .\CortexM3\ARM_GCC_541\Release\Controlador.a(PWM_Y.o)
                0x00000798                PWM_Y_WriteCompare
 .text.ADC_YAxis_Enable
                0x000007a4       0x98 .\CortexM3\ARM_GCC_541\Release\Controlador.a(ADC_YAxis.o)
                0x000007a4                ADC_YAxis_Enable
 .text.ADC_YAxis_SetResolution
                0x0000083c       0x60 .\CortexM3\ARM_GCC_541\Release\Controlador.a(ADC_YAxis.o)
                0x0000083c                ADC_YAxis_SetResolution
 .text.ADC_YAxis_Init
                0x0000089c       0x3c .\CortexM3\ARM_GCC_541\Release\Controlador.a(ADC_YAxis.o)
                0x0000089c                ADC_YAxis_Init
 .text.ADC_YAxis_Start
                0x000008d8       0x1c .\CortexM3\ARM_GCC_541\Release\Controlador.a(ADC_YAxis.o)
                0x000008d8                ADC_YAxis_Start
 .text.ADC_YAxis_GetResult16
                0x000008f4       0x18 .\CortexM3\ARM_GCC_541\Release\Controlador.a(ADC_YAxis.o)
                0x000008f4                ADC_YAxis_GetResult16
 .text.ADC_YAxis_CountsTo_Volts
                0x0000090c       0x4c .\CortexM3\ARM_GCC_541\Release\Controlador.a(ADC_YAxis.o)
                0x0000090c                ADC_YAxis_CountsTo_Volts
 .text.ADC_YAxis_ISR
                0x00000958        0x2 .\CortexM3\ARM_GCC_541\Release\Controlador.a(ADC_YAxis_INT.o)
                0x00000958                ADC_YAxis_ISR
 *fill*         0x0000095a        0x2 
 .text.ADC_YAxis_theACLK_SetModeRegister
                0x0000095c       0x14 .\CortexM3\ARM_GCC_541\Release\Controlador.a(ADC_YAxis_theACLK.o)
                0x0000095c                ADC_YAxis_theACLK_SetModeRegister
 .text.AxisSelector_Write
                0x00000970        0xc .\CortexM3\ARM_GCC_541\Release\Controlador.a(AxisSelector.o)
                0x00000970                AxisSelector_Write
 .text.ADC_XAxis_Enable
                0x0000097c       0x9c .\CortexM3\ARM_GCC_541\Release\Controlador.a(ADC_XAxis.o)
                0x0000097c                ADC_XAxis_Enable
 .text.ADC_XAxis_SetResolution
                0x00000a18       0x60 .\CortexM3\ARM_GCC_541\Release\Controlador.a(ADC_XAxis.o)
                0x00000a18                ADC_XAxis_SetResolution
 .text.ADC_XAxis_Init
                0x00000a78       0x3c .\CortexM3\ARM_GCC_541\Release\Controlador.a(ADC_XAxis.o)
                0x00000a78                ADC_XAxis_Init
 .text.ADC_XAxis_Start
                0x00000ab4       0x1c .\CortexM3\ARM_GCC_541\Release\Controlador.a(ADC_XAxis.o)
                0x00000ab4                ADC_XAxis_Start
 .text.ADC_XAxis_GetResult16
                0x00000ad0       0x18 .\CortexM3\ARM_GCC_541\Release\Controlador.a(ADC_XAxis.o)
                0x00000ad0                ADC_XAxis_GetResult16
 .text.ADC_XAxis_CountsTo_Volts
                0x00000ae8       0x4c .\CortexM3\ARM_GCC_541\Release\Controlador.a(ADC_XAxis.o)
                0x00000ae8                ADC_XAxis_CountsTo_Volts
 .text.ADC_XAxis_ISR
                0x00000b34        0x2 .\CortexM3\ARM_GCC_541\Release\Controlador.a(ADC_XAxis_INT.o)
                0x00000b34                ADC_XAxis_ISR
 *fill*         0x00000b36        0x2 
 .text.ADC_XAxis_theACLK_SetModeRegister
                0x00000b38       0x14 .\CortexM3\ARM_GCC_541\Release\Controlador.a(ADC_XAxis_theACLK.o)
                0x00000b38                ADC_XAxis_theACLK_SetModeRegister
 *fill*         0x00000b4c        0x4 
 .text          0x00000b50       0x20 .\CortexM3\ARM_GCC_541\Release\Controlador.a(CyBootAsmGnu.o)
                0x00000b50                CyDelayCycles
                0x00000b60                CyEnterCriticalSection
                0x00000b68                CyExitCriticalSection
 .text          0x00000b70      0x370 c:/program files (x86)/cypress/psoc creator/4.2/psoc creator/import/gnu/arm/5.4.1/bin/../lib/gcc/arm-none-eabi/5.4.1/armv7-m\libgcc.a(_arm_addsubdf3.o)
                0x00000b70                __aeabi_drsub
                0x00000b78                __aeabi_dsub
                0x00000b78                __subdf3
                0x00000b7c                __aeabi_dadd
                0x00000b7c                __adddf3
                0x00000df4                __floatunsidf
                0x00000df4                __aeabi_ui2d
                0x00000e14                __floatsidf
                0x00000e14                __aeabi_i2d
                0x00000e38                __aeabi_f2d
                0x00000e38                __extendsfdf2
                0x00000e74                __floatundidf
                0x00000e74                __aeabi_ul2d
                0x00000e84                __floatdidf
                0x00000e84                __aeabi_l2d
 .text          0x00000ee0      0x21c c:/program files (x86)/cypress/psoc creator/4.2/psoc creator/import/gnu/arm/5.4.1/bin/../lib/gcc/arm-none-eabi/5.4.1/armv7-m\libgcc.a(_arm_addsubsf3.o)
                0x00000ee0                __aeabi_frsub
                0x00000ee8                __subsf3
                0x00000ee8                __aeabi_fsub
                0x00000eec                __aeabi_fadd
                0x00000eec                __addsf3
                0x0000104c                __aeabi_ui2f
                0x0000104c                __floatunsisf
                0x00001054                __aeabi_i2f
                0x00001054                __floatsisf
                0x00001070                __aeabi_ul2f
                0x00001070                __floatundisf
                0x00001080                __aeabi_l2f
                0x00001080                __floatdisf
 .text          0x000010fc      0x2a0 c:/program files (x86)/cypress/psoc creator/4.2/psoc creator/import/gnu/arm/5.4.1/bin/../lib/gcc/arm-none-eabi/5.4.1/armv7-m\libgcc.a(_arm_muldivsf3.o)
                0x000010fc                __mulsf3
                0x000010fc                __aeabi_fmul
                0x00001264                __aeabi_fdiv
                0x00001264                __divsf3
 .text          0x0000139c       0xec c:/program files (x86)/cypress/psoc creator/4.2/psoc creator/import/gnu/arm/5.4.1/bin/../lib/gcc/arm-none-eabi/5.4.1/armv7-m\libgcc.a(_arm_cmpsf2.o)
                0x0000139c                __gesf2
                0x0000139c                __gtsf2
                0x000013a4                __lesf2
                0x000013a4                __ltsf2
                0x000013ac                __nesf2
                0x000013ac                __eqsf2
                0x000013ac                __cmpsf2
                0x0000140c                __aeabi_cfrcmple
                0x00001414                __aeabi_cfcmpeq
                0x00001414                __aeabi_cfcmple
                0x00001424                __aeabi_fcmpeq
                0x00001438                __aeabi_fcmplt
                0x0000144c                __aeabi_fcmple
                0x00001460                __aeabi_fcmpge
                0x00001474                __aeabi_fcmpgt
 .text          0x00001488       0x4c c:/program files (x86)/cypress/psoc creator/4.2/psoc creator/import/gnu/arm/5.4.1/bin/../lib/gcc/arm-none-eabi/5.4.1/armv7-m\libgcc.a(_arm_fixsfsi.o)
                0x00001488                __aeabi_f2iz
                0x00001488                __fixsfsi
 .text.__errno  0x000014d4        0xc c:/program files (x86)/cypress/psoc creator/4.2/psoc creator/import/gnu/arm/5.4.1/bin/../lib/gcc/arm-none-eabi/5.4.1/../../../../arm-none-eabi/lib/armv7-m\libg_nano.a(lib_a-errno.o)
                0x000014d4                __errno
 .text.__libc_init_array
                0x000014e0       0x4c c:/program files (x86)/cypress/psoc creator/4.2/psoc creator/import/gnu/arm/5.4.1/bin/../lib/gcc/arm-none-eabi/5.4.1/../../../../arm-none-eabi/lib/armv7-m\libg_nano.a(lib_a-init.o)
                0x000014e0                __libc_init_array
 .text.memset   0x0000152c       0x10 c:/program files (x86)/cypress/psoc creator/4.2/psoc creator/import/gnu/arm/5.4.1/bin/../lib/gcc/arm-none-eabi/5.4.1/../../../../arm-none-eabi/lib/armv7-m\libg_nano.a(lib_a-memset.o)
                0x0000152c                memset
 .text.printf   0x0000153c       0x30 c:/program files (x86)/cypress/psoc creator/4.2/psoc creator/import/gnu/arm/5.4.1/bin/../lib/gcc/arm-none-eabi/5.4.1/../../../../arm-none-eabi/lib/armv7-m\libg_nano.a(lib_a-printf.o)
                0x0000153c                iprintf
                0x0000153c                printf
 .text._cleanup_r
                0x0000156c        0xc c:/program files (x86)/cypress/psoc creator/4.2/psoc creator/import/gnu/arm/5.4.1/bin/../lib/gcc/arm-none-eabi/5.4.1/../../../../arm-none-eabi/lib/armv7-m\libg_nano.a(lib_a-findfp.o)
                0x0000156c                _cleanup_r
 .text.std.isra.0
                0x00001578       0x48 c:/program files (x86)/cypress/psoc creator/4.2/psoc creator/import/gnu/arm/5.4.1/bin/../lib/gcc/arm-none-eabi/5.4.1/../../../../arm-none-eabi/lib/armv7-m\libg_nano.a(lib_a-findfp.o)
 .text.__sfmoreglue
                0x000015c0       0x2c c:/program files (x86)/cypress/psoc creator/4.2/psoc creator/import/gnu/arm/5.4.1/bin/../lib/gcc/arm-none-eabi/5.4.1/../../../../arm-none-eabi/lib/armv7-m\libg_nano.a(lib_a-findfp.o)
                0x000015c0                __sfmoreglue
 .text.__sinit  0x000015ec       0x60 c:/program files (x86)/cypress/psoc creator/4.2/psoc creator/import/gnu/arm/5.4.1/bin/../lib/gcc/arm-none-eabi/5.4.1/../../../../arm-none-eabi/lib/armv7-m\libg_nano.a(lib_a-findfp.o)
                0x000015ec                __sinit
 .text.__sfp    0x0000164c       0x78 c:/program files (x86)/cypress/psoc creator/4.2/psoc creator/import/gnu/arm/5.4.1/bin/../lib/gcc/arm-none-eabi/5.4.1/../../../../arm-none-eabi/lib/armv7-m\libg_nano.a(lib_a-findfp.o)
                0x0000164c                __sfp
 .text._fwalk_reent
                0x000016c4       0x3c c:/program files (x86)/cypress/psoc creator/4.2/psoc creator/import/gnu/arm/5.4.1/bin/../lib/gcc/arm-none-eabi/5.4.1/../../../../arm-none-eabi/lib/armv7-m\libg_nano.a(lib_a-fwalk.o)
                0x000016c4                _fwalk_reent
 .text._malloc_r
                0x00001700       0xbc c:/program files (x86)/cypress/psoc creator/4.2/psoc creator/import/gnu/arm/5.4.1/bin/../lib/gcc/arm-none-eabi/5.4.1/../../../../arm-none-eabi/lib/armv7-m\libg_nano.a(lib_a-nano-mallocr.o)
                0x00001700                _malloc_r
 .text.__sfputc_r
                0x000017bc       0x2c c:/program files (x86)/cypress/psoc creator/4.2/psoc creator/import/gnu/arm/5.4.1/bin/../lib/gcc/arm-none-eabi/5.4.1/../../../../arm-none-eabi/lib/armv7-m\libg_nano.a(lib_a-nano-vfprintf.o)
 .text.__sfputs_r
                0x000017e8       0x24 c:/program files (x86)/cypress/psoc creator/4.2/psoc creator/import/gnu/arm/5.4.1/bin/../lib/gcc/arm-none-eabi/5.4.1/../../../../arm-none-eabi/lib/armv7-m\libg_nano.a(lib_a-nano-vfprintf.o)
                0x000017e8                __sfputs_r
 .text._vfprintf_r
                0x0000180c      0x238 c:/program files (x86)/cypress/psoc creator/4.2/psoc creator/import/gnu/arm/5.4.1/bin/../lib/gcc/arm-none-eabi/5.4.1/../../../../arm-none-eabi/lib/armv7-m\libg_nano.a(lib_a-nano-vfprintf.o)
                0x0000180c                _vfprintf_r
                0x0000180c                _vfiprintf_r
 .text._printf_common
                0x00001a44       0xec c:/program files (x86)/cypress/psoc creator/4.2/psoc creator/import/gnu/arm/5.4.1/bin/../lib/gcc/arm-none-eabi/5.4.1/../../../../arm-none-eabi/lib/armv7-m\libg_nano.a(lib_a-nano-vfprintf_i.o)
                0x00001a44                _printf_common
 .text._printf_i
                0x00001b30      0x24c c:/program files (x86)/cypress/psoc creator/4.2/psoc creator/import/gnu/arm/5.4.1/bin/../lib/gcc/arm-none-eabi/5.4.1/../../../../arm-none-eabi/lib/armv7-m\libg_nano.a(lib_a-nano-vfprintf_i.o)
                0x00001b30                _printf_i
 .text._sbrk_r  0x00001d7c       0x20 c:/program files (x86)/cypress/psoc creator/4.2/psoc creator/import/gnu/arm/5.4.1/bin/../lib/gcc/arm-none-eabi/5.4.1/../../../../arm-none-eabi/lib/armv7-m\libg_nano.a(lib_a-sbrkr.o)
                0x00001d7c                _sbrk_r
 .text.__sread  0x00001d9c       0x22 c:/program files (x86)/cypress/psoc creator/4.2/psoc creator/import/gnu/arm/5.4.1/bin/../lib/gcc/arm-none-eabi/5.4.1/../../../../arm-none-eabi/lib/armv7-m\libg_nano.a(lib_a-stdio.o)
                0x00001d9c                __sread
 .text.__swrite
                0x00001dbe       0x38 c:/program files (x86)/cypress/psoc creator/4.2/psoc creator/import/gnu/arm/5.4.1/bin/../lib/gcc/arm-none-eabi/5.4.1/../../../../arm-none-eabi/lib/armv7-m\libg_nano.a(lib_a-stdio.o)
                0x00001dbe                __swrite
 .text.__sseek  0x00001df6       0x24 c:/program files (x86)/cypress/psoc creator/4.2/psoc creator/import/gnu/arm/5.4.1/bin/../lib/gcc/arm-none-eabi/5.4.1/../../../../arm-none-eabi/lib/armv7-m\libg_nano.a(lib_a-stdio.o)
                0x00001df6                __sseek
 .text.__sclose
                0x00001e1a        0x8 c:/program files (x86)/cypress/psoc creator/4.2/psoc creator/import/gnu/arm/5.4.1/bin/../lib/gcc/arm-none-eabi/5.4.1/../../../../arm-none-eabi/lib/armv7-m\libg_nano.a(lib_a-stdio.o)
                0x00001e1a                __sclose
 *fill*         0x00001e22        0x2 
 .text.__swbuf_r
                0x00001e24       0xa8 c:/program files (x86)/cypress/psoc creator/4.2/psoc creator/import/gnu/arm/5.4.1/bin/../lib/gcc/arm-none-eabi/5.4.1/../../../../arm-none-eabi/lib/armv7-m\libg_nano.a(lib_a-wbuf.o)
                0x00001e24                __swbuf_r
 .text._write_r
                0x00001ecc       0x24 c:/program files (x86)/cypress/psoc creator/4.2/psoc creator/import/gnu/arm/5.4.1/bin/../lib/gcc/arm-none-eabi/5.4.1/../../../../arm-none-eabi/lib/armv7-m\libg_nano.a(lib_a-writer.o)
                0x00001ecc                _write_r
 .text.__swsetup_r
                0x00001ef0       0xdc c:/program files (x86)/cypress/psoc creator/4.2/psoc creator/import/gnu/arm/5.4.1/bin/../lib/gcc/arm-none-eabi/5.4.1/../../../../arm-none-eabi/lib/armv7-m\libg_nano.a(lib_a-wsetup.o)
                0x00001ef0                __swsetup_r
 .text._close_r
                0x00001fcc       0x20 c:/program files (x86)/cypress/psoc creator/4.2/psoc creator/import/gnu/arm/5.4.1/bin/../lib/gcc/arm-none-eabi/5.4.1/../../../../arm-none-eabi/lib/armv7-m\libg_nano.a(lib_a-closer.o)
                0x00001fcc                _close_r
 .text.__sflush_r
                0x00001fec      0x10c c:/program files (x86)/cypress/psoc creator/4.2/psoc creator/import/gnu/arm/5.4.1/bin/../lib/gcc/arm-none-eabi/5.4.1/../../../../arm-none-eabi/lib/armv7-m\libg_nano.a(lib_a-fflush.o)
                0x00001fec                __sflush_r
 .text._fflush_r
                0x000020f8       0x54 c:/program files (x86)/cypress/psoc creator/4.2/psoc creator/import/gnu/arm/5.4.1/bin/../lib/gcc/arm-none-eabi/5.4.1/../../../../arm-none-eabi/lib/armv7-m\libg_nano.a(lib_a-fflush.o)
                0x000020f8                _fflush_r
 .text._lseek_r
                0x0000214c       0x24 c:/program files (x86)/cypress/psoc creator/4.2/psoc creator/import/gnu/arm/5.4.1/bin/../lib/gcc/arm-none-eabi/5.4.1/../../../../arm-none-eabi/lib/armv7-m\libg_nano.a(lib_a-lseekr.o)
                0x0000214c                _lseek_r
 .text.__swhatbuf_r
                0x00002170       0x46 c:/program files (x86)/cypress/psoc creator/4.2/psoc creator/import/gnu/arm/5.4.1/bin/../lib/gcc/arm-none-eabi/5.4.1/../../../../arm-none-eabi/lib/armv7-m\libg_nano.a(lib_a-makebuf.o)
                0x00002170                __swhatbuf_r
 *fill*         0x000021b6        0x2 
 .text.__smakebuf_r
                0x000021b8       0x78 c:/program files (x86)/cypress/psoc creator/4.2/psoc creator/import/gnu/arm/5.4.1/bin/../lib/gcc/arm-none-eabi/5.4.1/../../../../arm-none-eabi/lib/armv7-m\libg_nano.a(lib_a-makebuf.o)
                0x000021b8                __smakebuf_r
 .text.memchr   0x00002230       0x1c c:/program files (x86)/cypress/psoc creator/4.2/psoc creator/import/gnu/arm/5.4.1/bin/../lib/gcc/arm-none-eabi/5.4.1/../../../../arm-none-eabi/lib/armv7-m\libg_nano.a(lib_a-memchr-stub.o)
                0x00002230                memchr
 .text.__malloc_lock
                0x0000224c        0x2 c:/program files (x86)/cypress/psoc creator/4.2/psoc creator/import/gnu/arm/5.4.1/bin/../lib/gcc/arm-none-eabi/5.4.1/../../../../arm-none-eabi/lib/armv7-m\libg_nano.a(lib_a-mlock.o)
                0x0000224c                __malloc_lock
 .text.__malloc_unlock
                0x0000224e        0x2 c:/program files (x86)/cypress/psoc creator/4.2/psoc creator/import/gnu/arm/5.4.1/bin/../lib/gcc/arm-none-eabi/5.4.1/../../../../arm-none-eabi/lib/armv7-m\libg_nano.a(lib_a-mlock.o)
                0x0000224e                __malloc_unlock
 .text._free_r  0x00002250       0x98 c:/program files (x86)/cypress/psoc creator/4.2/psoc creator/import/gnu/arm/5.4.1/bin/../lib/gcc/arm-none-eabi/5.4.1/../../../../arm-none-eabi/lib/armv7-m\libg_nano.a(lib_a-nano-freer.o)
                0x00002250                _free_r
 .text._read_r  0x000022e8       0x24 c:/program files (x86)/cypress/psoc creator/4.2/psoc creator/import/gnu/arm/5.4.1/bin/../lib/gcc/arm-none-eabi/5.4.1/../../../../arm-none-eabi/lib/armv7-m\libg_nano.a(lib_a-readr.o)
                0x000022e8                _read_r
 .text._fstat_r
                0x0000230c       0x24 c:/program files (x86)/cypress/psoc creator/4.2/psoc creator/import/gnu/arm/5.4.1/bin/../lib/gcc/arm-none-eabi/5.4.1/../../../../arm-none-eabi/lib/armv7-m\libg_nano.a(lib_a-fstatr.o)
                0x0000230c                _fstat_r
 .text._isatty_r
                0x00002330       0x20 c:/program files (x86)/cypress/psoc creator/4.2/psoc creator/import/gnu/arm/5.4.1/bin/../lib/gcc/arm-none-eabi/5.4.1/../../../../arm-none-eabi/lib/armv7-m\libg_nano.a(lib_a-isattyr.o)
                0x00002330                _isatty_r
 .text._close   0x00002350       0x10 c:/program files (x86)/cypress/psoc creator/4.2/psoc creator/import/gnu/arm/5.4.1/bin/../lib/gcc/arm-none-eabi/5.4.1/../../../../arm-none-eabi/lib/armv7-m\libnosys.a(close.o)
                0x00002350                _close
 .text._fstat   0x00002360       0x10 c:/program files (x86)/cypress/psoc creator/4.2/psoc creator/import/gnu/arm/5.4.1/bin/../lib/gcc/arm-none-eabi/5.4.1/../../../../arm-none-eabi/lib/armv7-m\libnosys.a(fstat.o)
                0x00002360                _fstat
 .text._isatty  0x00002370       0x10 c:/program files (x86)/cypress/psoc creator/4.2/psoc creator/import/gnu/arm/5.4.1/bin/../lib/gcc/arm-none-eabi/5.4.1/../../../../arm-none-eabi/lib/armv7-m\libnosys.a(isatty.o)
                0x00002370                _isatty
 .text._lseek   0x00002380       0x10 c:/program files (x86)/cypress/psoc creator/4.2/psoc creator/import/gnu/arm/5.4.1/bin/../lib/gcc/arm-none-eabi/5.4.1/../../../../arm-none-eabi/lib/armv7-m\libnosys.a(lseek.o)
                0x00002380                _lseek
 .text._read    0x00002390       0x10 c:/program files (x86)/cypress/psoc creator/4.2/psoc creator/import/gnu/arm/5.4.1/bin/../lib/gcc/arm-none-eabi/5.4.1/../../../../arm-none-eabi/lib/armv7-m\libnosys.a(read.o)
                0x00002390                _read
 .text._write   0x000023a0       0x10 c:/program files (x86)/cypress/psoc creator/4.2/psoc creator/import/gnu/arm/5.4.1/bin/../lib/gcc/arm-none-eabi/5.4.1/../../../../arm-none-eabi/lib/armv7-m\libnosys.a(write.o)
                0x000023a0                _write
 *(.plt)
 *(.gnu.warning)
 *(.glue_7t)
 .glue_7t       0x000023b0        0x0 linker stubs
 *(.glue_7)
 .glue_7        0x000023b0        0x0 linker stubs
 *(.vfp11_veneer)
 .vfp11_veneer  0x000023b0        0x0 linker stubs
 *(.bootloader)
 *(.ARM.extab* .gnu.linkonce.armextab.*)
 *(.gcc_except_table)

.v4_bx          0x000023b0        0x0
 .v4_bx         0x000023b0        0x0 linker stubs

.iplt           0x000023b0        0x0
 .iplt          0x000023b0        0x0 c:/program files (x86)/cypress/psoc creator/4.2/psoc creator/import/gnu/arm/5.4.1/bin/../lib/gcc/arm-none-eabi/5.4.1/armv7-m/crtbegin.o

.eh_frame_hdr
 *(.eh_frame_hdr)

.eh_frame       0x000023b0        0x4
 *(.eh_frame)
 .eh_frame      0x000023b0        0x0 c:/program files (x86)/cypress/psoc creator/4.2/psoc creator/import/gnu/arm/5.4.1/bin/../lib/gcc/arm-none-eabi/5.4.1/armv7-m/crtbegin.o
 .eh_frame      0x000023b0        0x4 c:/program files (x86)/cypress/psoc creator/4.2/psoc creator/import/gnu/arm/5.4.1/bin/../lib/gcc/arm-none-eabi/5.4.1/armv7-m/crtend.o
                [!provide]                PROVIDE (__exidx_start, .)

.ARM.exidx
 *(.ARM.exidx* .gnu.linkonce.armexidx.*)
                0x000023b4                __exidx_end = .

.rodata         0x000023b4      0x124
 *(.rodata .rodata.* .gnu.linkonce.r.*)
 .rodata.str1.1
                0x000023b4        0x5 .\CortexM3\ARM_GCC_541\Release\main.o
 .rodata        0x000023b9       0x36 .\CortexM3\ARM_GCC_541\Release\cyfitter_cfg.o
 *fill*         0x000023ef        0x1 
 .rodata        0x000023f0        0xa .\CortexM3\ARM_GCC_541\Release\Controlador.a(ADC_YAxis.o)
 .rodata        0x000023fa        0xa .\CortexM3\ARM_GCC_541\Release\Controlador.a(ADC_XAxis.o)
 .rodata.str1.1
                0x00002404        0x2 c:/program files (x86)/cypress/psoc creator/4.2/psoc creator/import/gnu/arm/5.4.1/bin/../lib/gcc/arm-none-eabi/5.4.1/../../../../arm-none-eabi/lib/armv7-m\libg_nano.a(lib_a-impure.o)
 *fill*         0x00002406        0x2 
 .rodata._global_impure_ptr
                0x00002408        0x4 c:/program files (x86)/cypress/psoc creator/4.2/psoc creator/import/gnu/arm/5.4.1/bin/../lib/gcc/arm-none-eabi/5.4.1/../../../../arm-none-eabi/lib/armv7-m\libg_nano.a(lib_a-impure.o)
                0x00002408                _global_impure_ptr
 .rodata.__sf_fake_stdin
                0x0000240c       0x20 c:/program files (x86)/cypress/psoc creator/4.2/psoc creator/import/gnu/arm/5.4.1/bin/../lib/gcc/arm-none-eabi/5.4.1/../../../../arm-none-eabi/lib/armv7-m\libg_nano.a(lib_a-findfp.o)
                0x0000240c                __sf_fake_stdin
 .rodata.__sf_fake_stdout
                0x0000242c       0x20 c:/program files (x86)/cypress/psoc creator/4.2/psoc creator/import/gnu/arm/5.4.1/bin/../lib/gcc/arm-none-eabi/5.4.1/../../../../arm-none-eabi/lib/armv7-m\libg_nano.a(lib_a-findfp.o)
                0x0000242c                __sf_fake_stdout
 .rodata.__sf_fake_stderr
                0x0000244c       0x20 c:/program files (x86)/cypress/psoc creator/4.2/psoc creator/import/gnu/arm/5.4.1/bin/../lib/gcc/arm-none-eabi/5.4.1/../../../../arm-none-eabi/lib/armv7-m\libg_nano.a(lib_a-findfp.o)
                0x0000244c                __sf_fake_stderr
 .rodata.str1.1
                0x0000246c       0x11 c:/program files (x86)/cypress/psoc creator/4.2/psoc creator/import/gnu/arm/5.4.1/bin/../lib/gcc/arm-none-eabi/5.4.1/../../../../arm-none-eabi/lib/armv7-m\libg_nano.a(lib_a-nano-vfprintf.o)
 .rodata.str1.1
                0x0000247d       0x22 c:/program files (x86)/cypress/psoc creator/4.2/psoc creator/import/gnu/arm/5.4.1/bin/../lib/gcc/arm-none-eabi/5.4.1/../../../../arm-none-eabi/lib/armv7-m\libg_nano.a(lib_a-nano-vfprintf_i.o)
                0x000024a0                . = ALIGN (0x4)
 *fill*         0x0000249f        0x1 
 *(.init)
 .init          0x000024a0        0x4 c:/program files (x86)/cypress/psoc creator/4.2/psoc creator/import/gnu/arm/5.4.1/bin/../lib/gcc/arm-none-eabi/5.4.1/armv7-m/crti.o
                0x000024a0                _init
 .init          0x000024a4        0x8 c:/program files (x86)/cypress/psoc creator/4.2/psoc creator/import/gnu/arm/5.4.1/bin/../lib/gcc/arm-none-eabi/5.4.1/armv7-m/crtn.o
                0x000024ac                . = ALIGN (0x4)
                0x000024ac                __preinit_array_start = .
 *(.preinit_array)
                0x000024ac                __preinit_array_end = .
                0x000024ac                . = ALIGN (0x4)
                0x000024ac                __init_array_start = .
 *(SORT(.init_array.*))
 *(.init_array)
 .init_array    0x000024ac        0x4 c:/program files (x86)/cypress/psoc creator/4.2/psoc creator/import/gnu/arm/5.4.1/bin/../lib/gcc/arm-none-eabi/5.4.1/armv7-m/crtbegin.o
 .init_array    0x000024b0        0x4 .\CortexM3\ARM_GCC_541\Release\Cm3Start.o
                0x000024b4                __init_array_end = .
                0x000024b4                . = ALIGN (0x4)
 *(.fini)
 .fini          0x000024b4        0x4 c:/program files (x86)/cypress/psoc creator/4.2/psoc creator/import/gnu/arm/5.4.1/bin/../lib/gcc/arm-none-eabi/5.4.1/armv7-m/crti.o
                0x000024b4                _fini
 .fini          0x000024b8        0x8 c:/program files (x86)/cypress/psoc creator/4.2/psoc creator/import/gnu/arm/5.4.1/bin/../lib/gcc/arm-none-eabi/5.4.1/armv7-m/crtn.o
                0x000024c0                . = ALIGN (0x4)
                0x000024c0                __fini_array_start = .
 *(.fini_array)
 .fini_array    0x000024c0        0x4 c:/program files (x86)/cypress/psoc creator/4.2/psoc creator/import/gnu/arm/5.4.1/bin/../lib/gcc/arm-none-eabi/5.4.1/armv7-m/crtbegin.o
 *(SORT(.fini_array.*))
                0x000024c4                __fini_array_end = .
                0x000024c4                . = ALIGN (0x4)
 *crtbegin.o(.ctors)
 *(EXCLUDE_FILE(*crtend.o) .ctors)
 *(SORT(.ctors.*))
 *crtend.o(.ctors)
                0x000024c4                . = ALIGN (0x4)
 *crtbegin.o(.dtors)
 *(EXCLUDE_FILE(*crtend.o) .dtors)
 *(SORT(.dtors.*))
 *crtend.o(.dtors)
                0x000024c4                . = ALIGN (0x4)
                0x000024c4                __cy_regions = .
                0x000024c4        0x4 LONG 0x24d8 __cy_region_init_ram
                0x000024c8        0x4 LONG 0x1fff80c8 __cy_region_start_data
                0x000024cc        0x4 LONG 0x80 __cy_region_init_size_ram
                0x000024d0        0x4 LONG 0x48 __cy_region_zero_size_ram
                0x000024d4                __cy_regions_end = .
                0x000024d8                . = ALIGN (0x8)
 *fill*         0x000024d4        0x4 
                0x000024d8                _etext = .

.cy_checksum_exclude
                0x000024d8        0x0
 *(.cy_checksum_exclude)

.ramvectors     0x1fff8000       0xc0
                0x1fff8000                __cy_region_start_ram = .
 *(.ramvectors)
 .ramvectors    0x1fff8000       0xc0 .\CortexM3\ARM_GCC_541\Release\Cm3Start.o
                0x1fff8000                CyRamVectors

.noinit         0x1fff80c0        0x1
 *(.noinit)
 .noinit        0x1fff80c0        0x1 .\CortexM3\ARM_GCC_541\Release\Controlador.a(CyLib.o)
                0x1fff80c0                CyResetStatus

.data           0x1fff80c8       0x80 load address 0x000024d8
                0x1fff80c8                __cy_region_start_data = .
 *(.jcr)
 .jcr           0x1fff80c8        0x0 c:/program files (x86)/cypress/psoc creator/4.2/psoc creator/import/gnu/arm/5.4.1/bin/../lib/gcc/arm-none-eabi/5.4.1/armv7-m/crtbegin.o
 .jcr           0x1fff80c8        0x4 c:/program files (x86)/cypress/psoc creator/4.2/psoc creator/import/gnu/arm/5.4.1/bin/../lib/gcc/arm-none-eabi/5.4.1/armv7-m/crtend.o
 *(.got.plt)
 *(.got)
 *(.shdata)
 *(.data .data.* .gnu.linkonce.d.*)
 .data          0x1fff80cc        0x4 .\CortexM3\ARM_GCC_541\Release\main.o
                0x1fff80cc                Vddval
 .data          0x1fff80d0        0x4 .\CortexM3\ARM_GCC_541\Release\Cm3Start.o
 .data          0x1fff80d4       0x10 .\CortexM3\ARM_GCC_541\Release\Controlador.a(CyLib.o)
                0x1fff80d4                cydelay_32k_ms
                0x1fff80d8                cydelay_freq_khz
                0x1fff80dc                cydelay_freq_mhz
                0x1fff80e0                cydelay_freq_hz
 .data.impure_data
                0x1fff80e4       0x60 c:/program files (x86)/cypress/psoc creator/4.2/psoc creator/import/gnu/arm/5.4.1/bin/../lib/gcc/arm-none-eabi/5.4.1/../../../../arm-none-eabi/lib/armv7-m\libg_nano.a(lib_a-impure.o)
 .data._impure_ptr
                0x1fff8144        0x4 c:/program files (x86)/cypress/psoc creator/4.2/psoc creator/import/gnu/arm/5.4.1/bin/../lib/gcc/arm-none-eabi/5.4.1/../../../../arm-none-eabi/lib/armv7-m\libg_nano.a(lib_a-impure.o)
                0x1fff8144                _impure_ptr
                0x1fff8148                . = ALIGN (0x8)
 *(.ram)
                0x1fff8148                _edata = .

.igot.plt       0x1fff8148        0x0 load address 0x00002558
 .igot.plt      0x1fff8148        0x0 c:/program files (x86)/cypress/psoc creator/4.2/psoc creator/import/gnu/arm/5.4.1/bin/../lib/gcc/arm-none-eabi/5.4.1/armv7-m/crtbegin.o

.bss            0x1fff8148       0x48 load address 0x00002558
                0x1fff8148                PROVIDE (__bss_start__, .)
 *(.shbss)
 *(.bss .bss.* .gnu.linkonce.b.*)
 .bss           0x1fff8148       0x1c c:/program files (x86)/cypress/psoc creator/4.2/psoc creator/import/gnu/arm/5.4.1/bin/../lib/gcc/arm-none-eabi/5.4.1/armv7-m/crtbegin.o
 .bss           0x1fff8164        0x4 .\CortexM3\ARM_GCC_541\Release\main.o
                0x1fff8164                Vssval
 .bss           0x1fff8168        0x1 .\CortexM3\ARM_GCC_541\Release\Controlador.a(PWM_X.o)
                0x1fff8168                PWM_X_initVar
 .bss           0x1fff8169        0x1 .\CortexM3\ARM_GCC_541\Release\Controlador.a(PWM_Y.o)
                0x1fff8169                PWM_Y_initVar
 .bss           0x1fff816a        0x1 .\CortexM3\ARM_GCC_541\Release\Controlador.a(ADC_YAxis.o)
                0x1fff816a                ADC_YAxis_initVar
 .bss           0x1fff816b        0x1 .\CortexM3\ARM_GCC_541\Release\Controlador.a(ADC_XAxis.o)
                0x1fff816b                ADC_XAxis_initVar
 .bss.__malloc_sbrk_start
                0x1fff816c        0x4 c:/program files (x86)/cypress/psoc creator/4.2/psoc creator/import/gnu/arm/5.4.1/bin/../lib/gcc/arm-none-eabi/5.4.1/../../../../arm-none-eabi/lib/armv7-m\libg_nano.a(lib_a-nano-mallocr.o)
                0x1fff816c                __malloc_sbrk_start
 .bss.__malloc_free_list
                0x1fff8170        0x4 c:/program files (x86)/cypress/psoc creator/4.2/psoc creator/import/gnu/arm/5.4.1/bin/../lib/gcc/arm-none-eabi/5.4.1/../../../../arm-none-eabi/lib/armv7-m\libg_nano.a(lib_a-nano-mallocr.o)
                0x1fff8170                __malloc_free_list
 *(COMMON)
 COMMON         0x1fff8174        0xc .\CortexM3\ARM_GCC_541\Release\Controlador.a(ADC_YAxis.o)
                0x1fff8174                ADC_YAxis_shift
                0x1fff8178                ADC_YAxis_countsPer10Volt
                0x1fff817c                ADC_YAxis_countsPerVolt
                0x1fff817e                ADC_YAxis_offset
 COMMON         0x1fff8180        0xc .\CortexM3\ARM_GCC_541\Release\Controlador.a(ADC_XAxis.o)
                0x1fff8180                ADC_XAxis_countsPerVolt
                0x1fff8182                ADC_XAxis_offset
                0x1fff8184                ADC_XAxis_shift
                0x1fff8188                ADC_XAxis_countsPer10Volt
 COMMON         0x1fff818c        0x4 c:/program files (x86)/cypress/psoc creator/4.2/psoc creator/import/gnu/arm/5.4.1/bin/../lib/gcc/arm-none-eabi/5.4.1/../../../../arm-none-eabi/lib/armv7-m\libg_nano.a(lib_a-reent.o)
                0x1fff818c                errno
                0x1fff8190                . = ALIGN (0x8)
 *(.ram.b)
                0x1fff8190                _end = .
                0x1fff8190                __end = .
                0x1fff8190                PROVIDE (end, .)
                0x1fff8190                PROVIDE (__bss_end__, .)
                0x000024d8                __cy_region_init_ram = LOADADDR (.data)
                0x00000080                __cy_region_init_size_ram = (_edata - ADDR (.data))
                0x00000048                __cy_region_zero_size_ram = (_end - _edata)

.heap           0x1fff8190       0x80 load address 0x00002558
                0x1fff8190                . = _end
                0x1fff8210                . = (. + 0x80)
 *fill*         0x1fff8190       0x80 
                0x1fff8210                __cy_heap_limit = .

.stack          0x20007800      0x800
                0x20007800                __cy_stack_limit = .
                0x20008000                . = (. + 0x800)
 *fill*         0x20007800      0x800 
                0x00000001                ASSERT ((__cy_stack_limit >= __cy_heap_limit), region RAM overflowed with stack)
                0x00000000                cy_checksum_exclude_size = (CY_APPL_LOADABLE == 0x1)?SIZEOF (.cy_checksum_exclude):0x0
                0x00000001                ASSERT ((cy_checksum_exclude_size <= CY_CHECKSUM_EXCLUDE_SIZE), CY_BOOT: Section .cy_checksum_exclude size exceedes specified limit.)

.cyloadermeta
 *(.cyloadermeta)

.cyloadablemeta
 *(.cyloadablemeta)

.cyconfigecc    0x80000000      0x290
 *(.cyconfigecc)
 .cyconfigecc   0x80000000      0x290 .\CortexM3\ARM_GCC_541\Release\cymetadata.o
                0x80000000                cy_meta_configecc

.cycustnvl      0x90000000        0x4
 *(.cycustnvl)
 .cycustnvl     0x90000000        0x4 .\CortexM3\ARM_GCC_541\Release\cymetadata.o
                0x90000000                cy_meta_custnvl

.cywolatch      0x90100000        0x4
 *(.cywolatch)
 .cywolatch     0x90100000        0x4 .\CortexM3\ARM_GCC_541\Release\cymetadata.o
                0x90100000                cy_meta_wonvl

.cyeeprom       0x90200000        0x0
 *(.cyeeprom)
                0x00000001                ASSERT ((. <= ((0x90200000 + ee_offset) + ee_size)), .cyeeprom data will not fit in EEPROM)

.cyflashprotect
                0x90400000      0x100
 *(.cyflashprotect)
 .cyflashprotect
                0x90400000      0x100 .\CortexM3\ARM_GCC_541\Release\cymetadata.o
                0x90400000                cy_meta_flashprotect

.cymeta         0x90500000        0xc
 *(.cymeta)
 .cymeta        0x90500000        0xc .\CortexM3\ARM_GCC_541\Release\cymetadata.o
                0x90500000                cy_metadata

.rel.dyn        0x00002558        0x0 load address 0x9050000c
 .rel.iplt      0x00002558        0x0 c:/program files (x86)/cypress/psoc creator/4.2/psoc creator/import/gnu/arm/5.4.1/bin/../lib/gcc/arm-none-eabi/5.4.1/armv7-m/crtbegin.o

.stab           0x00000000       0x9c
 *(.stab)
 .stab          0x00000000       0x24 c:/program files (x86)/cypress/psoc creator/4.2/psoc creator/import/gnu/arm/5.4.1/bin/../lib/gcc/arm-none-eabi/5.4.1/../../../../arm-none-eabi/lib/armv7-m\libnosys.a(close.o)
 .stab          0x00000024       0x18 c:/program files (x86)/cypress/psoc creator/4.2/psoc creator/import/gnu/arm/5.4.1/bin/../lib/gcc/arm-none-eabi/5.4.1/../../../../arm-none-eabi/lib/armv7-m\libnosys.a(fstat.o)
                                 0x24 (size before relaxing)
 .stab          0x0000003c       0x18 c:/program files (x86)/cypress/psoc creator/4.2/psoc creator/import/gnu/arm/5.4.1/bin/../lib/gcc/arm-none-eabi/5.4.1/../../../../arm-none-eabi/lib/armv7-m\libnosys.a(isatty.o)
                                 0x24 (size before relaxing)
 .stab          0x00000054       0x18 c:/program files (x86)/cypress/psoc creator/4.2/psoc creator/import/gnu/arm/5.4.1/bin/../lib/gcc/arm-none-eabi/5.4.1/../../../../arm-none-eabi/lib/armv7-m\libnosys.a(lseek.o)
                                 0x24 (size before relaxing)
 .stab          0x0000006c       0x18 c:/program files (x86)/cypress/psoc creator/4.2/psoc creator/import/gnu/arm/5.4.1/bin/../lib/gcc/arm-none-eabi/5.4.1/../../../../arm-none-eabi/lib/armv7-m\libnosys.a(read.o)
                                 0x24 (size before relaxing)
 .stab          0x00000084       0x18 c:/program files (x86)/cypress/psoc creator/4.2/psoc creator/import/gnu/arm/5.4.1/bin/../lib/gcc/arm-none-eabi/5.4.1/../../../../arm-none-eabi/lib/armv7-m\libnosys.a(write.o)
                                 0x24 (size before relaxing)

.stabstr        0x00000000      0x14d
 *(.stabstr)
 .stabstr       0x00000000      0x14d c:/program files (x86)/cypress/psoc creator/4.2/psoc creator/import/gnu/arm/5.4.1/bin/../lib/gcc/arm-none-eabi/5.4.1/../../../../arm-none-eabi/lib/armv7-m\libnosys.a(close.o)

.debug
 *(.debug)

.line
 *(.line)

.debug_srcinfo
 *(.debug_srcinfo)

.debug_sfnames
 *(.debug_sfnames)

.debug_aranges  0x00000000      0x8e0
 *(.debug_aranges)
 .debug_aranges
                0x00000000       0x50 .\CortexM3\ARM_GCC_541\Release\main.o
 .debug_aranges
                0x00000050       0x28 .\CortexM3\ARM_GCC_541\Release\cyfitter_cfg.o
 .debug_aranges
                0x00000078       0x18 .\CortexM3\ARM_GCC_541\Release\cymetadata.o
 .debug_aranges
                0x00000090       0x48 .\CortexM3\ARM_GCC_541\Release\Cm3Start.o
 .debug_aranges
                0x000000d8      0x298 .\CortexM3\ARM_GCC_541\Release\Controlador.a(CyLib.o)
 .debug_aranges
                0x00000370       0x78 .\CortexM3\ARM_GCC_541\Release\Controlador.a(cyPm.o)
 .debug_aranges
                0x000003e8       0x98 .\CortexM3\ARM_GCC_541\Release\Controlador.a(PWM_X.o)
 .debug_aranges
                0x00000480       0x98 .\CortexM3\ARM_GCC_541\Release\Controlador.a(PWM_Y.o)
 .debug_aranges
                0x00000518       0xa0 .\CortexM3\ARM_GCC_541\Release\Controlador.a(ADC_YAxis.o)
 .debug_aranges
                0x000005b8       0x20 .\CortexM3\ARM_GCC_541\Release\Controlador.a(ADC_YAxis_INT.o)
 .debug_aranges
                0x000005d8       0x80 .\CortexM3\ARM_GCC_541\Release\Controlador.a(ADC_YAxis_theACLK.o)
 .debug_aranges
                0x00000658       0x28 .\CortexM3\ARM_GCC_541\Release\Controlador.a(AxisSelector.o)
 .debug_aranges
                0x00000680       0xa0 .\CortexM3\ARM_GCC_541\Release\Controlador.a(ADC_XAxis.o)
 .debug_aranges
                0x00000720       0x20 .\CortexM3\ARM_GCC_541\Release\Controlador.a(ADC_XAxis_INT.o)
 .debug_aranges
                0x00000740       0x80 .\CortexM3\ARM_GCC_541\Release\Controlador.a(ADC_XAxis_theACLK.o)
 .debug_aranges
                0x000007c0       0x20 .\CortexM3\ARM_GCC_541\Release\Controlador.a(CyBootAsmGnu.o)
 .debug_aranges
                0x000007e0       0x80 .\CortexM3\ARM_GCC_541\Release\Controlador.a(CyFlash.o)
 .debug_aranges
                0x00000860       0x80 .\CortexM3\ARM_GCC_541\Release\Controlador.a(CySpc.o)

.debug_pubnames
 *(.debug_pubnames)

.debug_info     0x00000000     0x53f8
 *(.debug_info .gnu.linkonce.wi.*)
 .debug_info    0x00000000      0x502 .\CortexM3\ARM_GCC_541\Release\main.o
 .debug_info    0x00000502      0x634 .\CortexM3\ARM_GCC_541\Release\cyfitter_cfg.o
 .debug_info    0x00000b36      0x135 .\CortexM3\ARM_GCC_541\Release\cymetadata.o
 .debug_info    0x00000c6b      0x3b7 .\CortexM3\ARM_GCC_541\Release\Cm3Start.o
 .debug_info    0x00001022     0x1343 .\CortexM3\ARM_GCC_541\Release\Controlador.a(CyLib.o)
 .debug_info    0x00002365      0x97e .\CortexM3\ARM_GCC_541\Release\Controlador.a(cyPm.o)
 .debug_info    0x00002ce3      0x3d0 .\CortexM3\ARM_GCC_541\Release\Controlador.a(PWM_X.o)
 .debug_info    0x000030b3      0x3d0 .\CortexM3\ARM_GCC_541\Release\Controlador.a(PWM_Y.o)
 .debug_info    0x00003483      0x597 .\CortexM3\ARM_GCC_541\Release\Controlador.a(ADC_YAxis.o)
 .debug_info    0x00003a1a       0x92 .\CortexM3\ARM_GCC_541\Release\Controlador.a(ADC_YAxis_INT.o)
 .debug_info    0x00003aac      0x2da .\CortexM3\ARM_GCC_541\Release\Controlador.a(ADC_YAxis_theACLK.o)
 .debug_info    0x00003d86       0xd6 .\CortexM3\ARM_GCC_541\Release\Controlador.a(AxisSelector.o)
 .debug_info    0x00003e5c      0x597 .\CortexM3\ARM_GCC_541\Release\Controlador.a(ADC_XAxis.o)
 .debug_info    0x000043f3       0x92 .\CortexM3\ARM_GCC_541\Release\Controlador.a(ADC_XAxis_INT.o)
 .debug_info    0x00004485      0x2da .\CortexM3\ARM_GCC_541\Release\Controlador.a(ADC_XAxis_theACLK.o)
 .debug_info    0x0000475f       0x89 .\CortexM3\ARM_GCC_541\Release\Controlador.a(CyBootAsmGnu.o)
 .debug_info    0x000047e8      0x6c0 .\CortexM3\ARM_GCC_541\Release\Controlador.a(CyFlash.o)
 .debug_info    0x00004ea8      0x550 .\CortexM3\ARM_GCC_541\Release\Controlador.a(CySpc.o)

.debug_abbrev   0x00000000     0x1a76
 *(.debug_abbrev)
 .debug_abbrev  0x00000000      0x1b2 .\CortexM3\ARM_GCC_541\Release\main.o
 .debug_abbrev  0x000001b2      0x270 .\CortexM3\ARM_GCC_541\Release\cyfitter_cfg.o
 .debug_abbrev  0x00000422       0x66 .\CortexM3\ARM_GCC_541\Release\cymetadata.o
 .debug_abbrev  0x00000488      0x1f4 .\CortexM3\ARM_GCC_541\Release\Cm3Start.o
 .debug_abbrev  0x0000067c      0x390 .\CortexM3\ARM_GCC_541\Release\Controlador.a(CyLib.o)
 .debug_abbrev  0x00000a0c      0x1d5 .\CortexM3\ARM_GCC_541\Release\Controlador.a(cyPm.o)
 .debug_abbrev  0x00000be1      0x1af .\CortexM3\ARM_GCC_541\Release\Controlador.a(PWM_X.o)
 .debug_abbrev  0x00000d90      0x1c0 .\CortexM3\ARM_GCC_541\Release\Controlador.a(PWM_Y.o)
 .debug_abbrev  0x00000f50      0x1d7 .\CortexM3\ARM_GCC_541\Release\Controlador.a(ADC_YAxis.o)
 .debug_abbrev  0x00001127       0x42 .\CortexM3\ARM_GCC_541\Release\Controlador.a(ADC_YAxis_INT.o)
 .debug_abbrev  0x00001169      0x144 .\CortexM3\ARM_GCC_541\Release\Controlador.a(ADC_YAxis_theACLK.o)
 .debug_abbrev  0x000012ad       0x81 .\CortexM3\ARM_GCC_541\Release\Controlador.a(AxisSelector.o)
 .debug_abbrev  0x0000132e      0x1d7 .\CortexM3\ARM_GCC_541\Release\Controlador.a(ADC_XAxis.o)
 .debug_abbrev  0x00001505       0x42 .\CortexM3\ARM_GCC_541\Release\Controlador.a(ADC_XAxis_INT.o)
 .debug_abbrev  0x00001547      0x144 .\CortexM3\ARM_GCC_541\Release\Controlador.a(ADC_XAxis_theACLK.o)
 .debug_abbrev  0x0000168b       0x14 .\CortexM3\ARM_GCC_541\Release\Controlador.a(CyBootAsmGnu.o)
 .debug_abbrev  0x0000169f      0x235 .\CortexM3\ARM_GCC_541\Release\Controlador.a(CyFlash.o)
 .debug_abbrev  0x000018d4      0x1a2 .\CortexM3\ARM_GCC_541\Release\Controlador.a(CySpc.o)

.debug_line     0x00000000     0x24f6
 *(.debug_line)
 .debug_line    0x00000000      0x2d7 .\CortexM3\ARM_GCC_541\Release\main.o
 .debug_line    0x000002d7      0x1fb .\CortexM3\ARM_GCC_541\Release\cyfitter_cfg.o
 .debug_line    0x000004d2      0x141 .\CortexM3\ARM_GCC_541\Release\cymetadata.o
 .debug_line    0x00000613      0x21f .\CortexM3\ARM_GCC_541\Release\Cm3Start.o
 .debug_line    0x00000832      0x7fc .\CortexM3\ARM_GCC_541\Release\Controlador.a(CyLib.o)
 .debug_line    0x0000102e      0x3be .\CortexM3\ARM_GCC_541\Release\Controlador.a(cyPm.o)
 .debug_line    0x000013ec      0x1ae .\CortexM3\ARM_GCC_541\Release\Controlador.a(PWM_X.o)
 .debug_line    0x0000159a      0x1b5 .\CortexM3\ARM_GCC_541\Release\Controlador.a(PWM_Y.o)
 .debug_line    0x0000174f      0x21d .\CortexM3\ARM_GCC_541\Release\Controlador.a(ADC_YAxis.o)
 .debug_line    0x0000196c       0x56 .\CortexM3\ARM_GCC_541\Release\Controlador.a(ADC_YAxis_INT.o)
 .debug_line    0x000019c2      0x1ce .\CortexM3\ARM_GCC_541\Release\Controlador.a(ADC_YAxis_theACLK.o)
 .debug_line    0x00001b90       0x74 .\CortexM3\ARM_GCC_541\Release\Controlador.a(AxisSelector.o)
 .debug_line    0x00001c04      0x213 .\CortexM3\ARM_GCC_541\Release\Controlador.a(ADC_XAxis.o)
 .debug_line    0x00001e17       0x56 .\CortexM3\ARM_GCC_541\Release\Controlador.a(ADC_XAxis_INT.o)
 .debug_line    0x00001e6d      0x1d3 .\CortexM3\ARM_GCC_541\Release\Controlador.a(ADC_XAxis_theACLK.o)
 .debug_line    0x00002040       0x66 .\CortexM3\ARM_GCC_541\Release\Controlador.a(CyBootAsmGnu.o)
 .debug_line    0x000020a6      0x204 .\CortexM3\ARM_GCC_541\Release\Controlador.a(CyFlash.o)
 .debug_line    0x000022aa      0x24c .\CortexM3\ARM_GCC_541\Release\Controlador.a(CySpc.o)

.debug_frame    0x00000000     0x1f54
 *(.debug_frame)
 .debug_frame   0x00000000       0xe8 .\CortexM3\ARM_GCC_541\Release\main.o
 .debug_frame   0x000000e8       0x48 .\CortexM3\ARM_GCC_541\Release\cyfitter_cfg.o
 .debug_frame   0x00000130       0xb8 .\CortexM3\ARM_GCC_541\Release\Cm3Start.o
 .debug_frame   0x000001e8      0x6f8 .\CortexM3\ARM_GCC_541\Release\Controlador.a(CyLib.o)
 .debug_frame   0x000008e0      0x1c8 .\CortexM3\ARM_GCC_541\Release\Controlador.a(cyPm.o)
 .debug_frame   0x00000aa8      0x130 .\CortexM3\ARM_GCC_541\Release\Controlador.a(PWM_X.o)
 .debug_frame   0x00000bd8      0x130 .\CortexM3\ARM_GCC_541\Release\Controlador.a(PWM_Y.o)
 .debug_frame   0x00000d08      0x194 .\CortexM3\ARM_GCC_541\Release\Controlador.a(ADC_YAxis.o)
 .debug_frame   0x00000e9c       0x20 .\CortexM3\ARM_GCC_541\Release\Controlador.a(ADC_YAxis_INT.o)
 .debug_frame   0x00000ebc      0x100 .\CortexM3\ARM_GCC_541\Release\Controlador.a(ADC_YAxis_theACLK.o)
 .debug_frame   0x00000fbc       0x30 .\CortexM3\ARM_GCC_541\Release\Controlador.a(AxisSelector.o)
 .debug_frame   0x00000fec      0x18c .\CortexM3\ARM_GCC_541\Release\Controlador.a(ADC_XAxis.o)
 .debug_frame   0x00001178       0x20 .\CortexM3\ARM_GCC_541\Release\Controlador.a(ADC_XAxis_INT.o)
 .debug_frame   0x00001198      0x104 .\CortexM3\ARM_GCC_541\Release\Controlador.a(ADC_XAxis_theACLK.o)
 .debug_frame   0x0000129c      0x184 .\CortexM3\ARM_GCC_541\Release\Controlador.a(CyFlash.o)
 .debug_frame   0x00001420      0x190 .\CortexM3\ARM_GCC_541\Release\Controlador.a(CySpc.o)
 .debug_frame   0x000015b0       0x44 c:/program files (x86)/cypress/psoc creator/4.2/psoc creator/import/gnu/arm/5.4.1/bin/../lib/gcc/arm-none-eabi/5.4.1/armv7-m\libgcc.a(_aeabi_ldivmod.o)
 .debug_frame   0x000015f4       0x38 c:/program files (x86)/cypress/psoc creator/4.2/psoc creator/import/gnu/arm/5.4.1/bin/../lib/gcc/arm-none-eabi/5.4.1/armv7-m\libgcc.a(_udivmoddi4.o)
 .debug_frame   0x0000162c       0x20 c:/program files (x86)/cypress/psoc creator/4.2/psoc creator/import/gnu/arm/5.4.1/bin/../lib/gcc/arm-none-eabi/5.4.1/../../../../arm-none-eabi/lib/armv7-m\libg_nano.a(lib_a-errno.o)
 .debug_frame   0x0000164c       0x28 c:/program files (x86)/cypress/psoc creator/4.2/psoc creator/import/gnu/arm/5.4.1/bin/../lib/gcc/arm-none-eabi/5.4.1/../../../../arm-none-eabi/lib/armv7-m\libg_nano.a(lib_a-exit.o)
 .debug_frame   0x00001674       0x2c c:/program files (x86)/cypress/psoc creator/4.2/psoc creator/import/gnu/arm/5.4.1/bin/../lib/gcc/arm-none-eabi/5.4.1/../../../../arm-none-eabi/lib/armv7-m\libg_nano.a(lib_a-init.o)
 .debug_frame   0x000016a0       0x20 c:/program files (x86)/cypress/psoc creator/4.2/psoc creator/import/gnu/arm/5.4.1/bin/../lib/gcc/arm-none-eabi/5.4.1/../../../../arm-none-eabi/lib/armv7-m\libg_nano.a(lib_a-memset.o)
 .debug_frame   0x000016c0       0x74 c:/program files (x86)/cypress/psoc creator/4.2/psoc creator/import/gnu/arm/5.4.1/bin/../lib/gcc/arm-none-eabi/5.4.1/../../../../arm-none-eabi/lib/armv7-m\libg_nano.a(lib_a-printf.o)
 .debug_frame   0x00001734      0x11c c:/program files (x86)/cypress/psoc creator/4.2/psoc creator/import/gnu/arm/5.4.1/bin/../lib/gcc/arm-none-eabi/5.4.1/../../../../arm-none-eabi/lib/armv7-m\libg_nano.a(lib_a-findfp.o)
 .debug_frame   0x00001850       0x54 c:/program files (x86)/cypress/psoc creator/4.2/psoc creator/import/gnu/arm/5.4.1/bin/../lib/gcc/arm-none-eabi/5.4.1/../../../../arm-none-eabi/lib/armv7-m\libg_nano.a(lib_a-fwalk.o)
 .debug_frame   0x000018a4       0x2c c:/program files (x86)/cypress/psoc creator/4.2/psoc creator/import/gnu/arm/5.4.1/bin/../lib/gcc/arm-none-eabi/5.4.1/../../../../arm-none-eabi/lib/armv7-m\libg_nano.a(lib_a-nano-mallocr.o)
 .debug_frame   0x000018d0       0xac c:/program files (x86)/cypress/psoc creator/4.2/psoc creator/import/gnu/arm/5.4.1/bin/../lib/gcc/arm-none-eabi/5.4.1/../../../../arm-none-eabi/lib/armv7-m\libg_nano.a(lib_a-nano-vfprintf.o)
 .debug_frame   0x0000197c       0x60 c:/program files (x86)/cypress/psoc creator/4.2/psoc creator/import/gnu/arm/5.4.1/bin/../lib/gcc/arm-none-eabi/5.4.1/../../../../arm-none-eabi/lib/armv7-m\libg_nano.a(lib_a-nano-vfprintf_i.o)
 .debug_frame   0x000019dc       0x2c c:/program files (x86)/cypress/psoc creator/4.2/psoc creator/import/gnu/arm/5.4.1/bin/../lib/gcc/arm-none-eabi/5.4.1/../../../../arm-none-eabi/lib/armv7-m\libg_nano.a(lib_a-sbrkr.o)
 .debug_frame   0x00001a08       0x88 c:/program files (x86)/cypress/psoc creator/4.2/psoc creator/import/gnu/arm/5.4.1/bin/../lib/gcc/arm-none-eabi/5.4.1/../../../../arm-none-eabi/lib/armv7-m\libg_nano.a(lib_a-stdio.o)
 .debug_frame   0x00001a90       0x40 c:/program files (x86)/cypress/psoc creator/4.2/psoc creator/import/gnu/arm/5.4.1/bin/../lib/gcc/arm-none-eabi/5.4.1/../../../../arm-none-eabi/lib/armv7-m\libg_nano.a(lib_a-wbuf.o)
 .debug_frame   0x00001ad0       0x2c c:/program files (x86)/cypress/psoc creator/4.2/psoc creator/import/gnu/arm/5.4.1/bin/../lib/gcc/arm-none-eabi/5.4.1/../../../../arm-none-eabi/lib/armv7-m\libg_nano.a(lib_a-writer.o)
 .debug_frame   0x00001afc       0x2c c:/program files (x86)/cypress/psoc creator/4.2/psoc creator/import/gnu/arm/5.4.1/bin/../lib/gcc/arm-none-eabi/5.4.1/../../../../arm-none-eabi/lib/armv7-m\libg_nano.a(lib_a-wsetup.o)
 .debug_frame   0x00001b28       0x2c c:/program files (x86)/cypress/psoc creator/4.2/psoc creator/import/gnu/arm/5.4.1/bin/../lib/gcc/arm-none-eabi/5.4.1/../../../../arm-none-eabi/lib/armv7-m\libg_nano.a(lib_a-closer.o)
 .debug_frame   0x00001b54       0x68 c:/program files (x86)/cypress/psoc creator/4.2/psoc creator/import/gnu/arm/5.4.1/bin/../lib/gcc/arm-none-eabi/5.4.1/../../../../arm-none-eabi/lib/armv7-m\libg_nano.a(lib_a-fflush.o)
 .debug_frame   0x00001bbc       0x3c c:/program files (x86)/cypress/psoc creator/4.2/psoc creator/import/gnu/arm/5.4.1/bin/../lib/gcc/arm-none-eabi/5.4.1/../../../../arm-none-eabi/lib/armv7-m\libg_nano.a(lib_a-fvwrite.o)
 .debug_frame   0x00001bf8       0x2c c:/program files (x86)/cypress/psoc creator/4.2/psoc creator/import/gnu/arm/5.4.1/bin/../lib/gcc/arm-none-eabi/5.4.1/../../../../arm-none-eabi/lib/armv7-m\libg_nano.a(lib_a-lseekr.o)
 .debug_frame   0x00001c24       0x54 c:/program files (x86)/cypress/psoc creator/4.2/psoc creator/import/gnu/arm/5.4.1/bin/../lib/gcc/arm-none-eabi/5.4.1/../../../../arm-none-eabi/lib/armv7-m\libg_nano.a(lib_a-makebuf.o)
 .debug_frame   0x00001c78       0x28 c:/program files (x86)/cypress/psoc creator/4.2/psoc creator/import/gnu/arm/5.4.1/bin/../lib/gcc/arm-none-eabi/5.4.1/../../../../arm-none-eabi/lib/armv7-m\libg_nano.a(lib_a-memchr-stub.o)
 .debug_frame   0x00001ca0       0x28 c:/program files (x86)/cypress/psoc creator/4.2/psoc creator/import/gnu/arm/5.4.1/bin/../lib/gcc/arm-none-eabi/5.4.1/../../../../arm-none-eabi/lib/armv7-m\libg_nano.a(lib_a-memcpy-stub.o)
 .debug_frame   0x00001cc8       0x28 c:/program files (x86)/cypress/psoc creator/4.2/psoc creator/import/gnu/arm/5.4.1/bin/../lib/gcc/arm-none-eabi/5.4.1/../../../../arm-none-eabi/lib/armv7-m\libg_nano.a(lib_a-memmove.o)
 .debug_frame   0x00001cf0       0x30 c:/program files (x86)/cypress/psoc creator/4.2/psoc creator/import/gnu/arm/5.4.1/bin/../lib/gcc/arm-none-eabi/5.4.1/../../../../arm-none-eabi/lib/armv7-m\libg_nano.a(lib_a-mlock.o)
 .debug_frame   0x00001d20       0x38 c:/program files (x86)/cypress/psoc creator/4.2/psoc creator/import/gnu/arm/5.4.1/bin/../lib/gcc/arm-none-eabi/5.4.1/../../../../arm-none-eabi/lib/armv7-m\libg_nano.a(lib_a-nano-freer.o)
 .debug_frame   0x00001d58       0x3c c:/program files (x86)/cypress/psoc creator/4.2/psoc creator/import/gnu/arm/5.4.1/bin/../lib/gcc/arm-none-eabi/5.4.1/../../../../arm-none-eabi/lib/armv7-m\libg_nano.a(lib_a-nano-reallocr.o)
 .debug_frame   0x00001d94       0x2c c:/program files (x86)/cypress/psoc creator/4.2/psoc creator/import/gnu/arm/5.4.1/bin/../lib/gcc/arm-none-eabi/5.4.1/../../../../arm-none-eabi/lib/armv7-m\libg_nano.a(lib_a-readr.o)
 .debug_frame   0x00001dc0       0x5c c:/program files (x86)/cypress/psoc creator/4.2/psoc creator/import/gnu/arm/5.4.1/bin/../lib/gcc/arm-none-eabi/5.4.1/../../../../arm-none-eabi/lib/armv7-m\libg_nano.a(lib_a-reent.o)
 .debug_frame   0x00001e1c       0x2c c:/program files (x86)/cypress/psoc creator/4.2/psoc creator/import/gnu/arm/5.4.1/bin/../lib/gcc/arm-none-eabi/5.4.1/../../../../arm-none-eabi/lib/armv7-m\libg_nano.a(lib_a-fstatr.o)
 .debug_frame   0x00001e48       0x2c c:/program files (x86)/cypress/psoc creator/4.2/psoc creator/import/gnu/arm/5.4.1/bin/../lib/gcc/arm-none-eabi/5.4.1/../../../../arm-none-eabi/lib/armv7-m\libg_nano.a(lib_a-isattyr.o)
 .debug_frame   0x00001e74       0x20 c:/program files (x86)/cypress/psoc creator/4.2/psoc creator/import/gnu/arm/5.4.1/bin/../lib/gcc/arm-none-eabi/5.4.1/../../../../arm-none-eabi/lib/armv7-m\libg_nano.a(lib_a-nano-msizer.o)
 .debug_frame   0x00001e94       0x20 c:/program files (x86)/cypress/psoc creator/4.2/psoc creator/import/gnu/arm/5.4.1/bin/../lib/gcc/arm-none-eabi/5.4.1/../../../../arm-none-eabi/lib/armv7-m\libnosys.a(close.o)
 .debug_frame   0x00001eb4       0x20 c:/program files (x86)/cypress/psoc creator/4.2/psoc creator/import/gnu/arm/5.4.1/bin/../lib/gcc/arm-none-eabi/5.4.1/../../../../arm-none-eabi/lib/armv7-m\libnosys.a(fstat.o)
 .debug_frame   0x00001ed4       0x20 c:/program files (x86)/cypress/psoc creator/4.2/psoc creator/import/gnu/arm/5.4.1/bin/../lib/gcc/arm-none-eabi/5.4.1/../../../../arm-none-eabi/lib/armv7-m\libnosys.a(isatty.o)
 .debug_frame   0x00001ef4       0x20 c:/program files (x86)/cypress/psoc creator/4.2/psoc creator/import/gnu/arm/5.4.1/bin/../lib/gcc/arm-none-eabi/5.4.1/../../../../arm-none-eabi/lib/armv7-m\libnosys.a(lseek.o)
 .debug_frame   0x00001f14       0x20 c:/program files (x86)/cypress/psoc creator/4.2/psoc creator/import/gnu/arm/5.4.1/bin/../lib/gcc/arm-none-eabi/5.4.1/../../../../arm-none-eabi/lib/armv7-m\libnosys.a(read.o)
 .debug_frame   0x00001f34       0x20 c:/program files (x86)/cypress/psoc creator/4.2/psoc creator/import/gnu/arm/5.4.1/bin/../lib/gcc/arm-none-eabi/5.4.1/../../../../arm-none-eabi/lib/armv7-m\libnosys.a(write.o)

.debug_str      0x00000000     0x1fed
 *(.debug_str)
 .debug_str     0x00000000      0x32a .\CortexM3\ARM_GCC_541\Release\main.o
                                0x372 (size before relaxing)
 .debug_str     0x0000032a      0x1b8 .\CortexM3\ARM_GCC_541\Release\cyfitter_cfg.o
                                0x340 (size before relaxing)
 .debug_str     0x000004e2       0x7f .\CortexM3\ARM_GCC_541\Release\cymetadata.o
                                0x1dd (size before relaxing)
 .debug_str     0x00000561      0x144 .\CortexM3\ARM_GCC_541\Release\Cm3Start.o
                                0x303 (size before relaxing)
 .debug_str     0x000006a5      0x833 .\CortexM3\ARM_GCC_541\Release\Controlador.a(CyLib.o)
                                0xa40 (size before relaxing)
 .debug_str     0x00000ed8      0x365 .\CortexM3\ARM_GCC_541\Release\Controlador.a(cyPm.o)
                                0x725 (size before relaxing)
 .debug_str     0x0000123d      0x17f .\CortexM3\ARM_GCC_541\Release\Controlador.a(PWM_X.o)
                                0x357 (size before relaxing)
 .debug_str     0x000013bc      0x146 .\CortexM3\ARM_GCC_541\Release\Controlador.a(PWM_Y.o)
                                0x357 (size before relaxing)
 .debug_str     0x00001502      0x243 .\CortexM3\ARM_GCC_541\Release\Controlador.a(ADC_YAxis.o)
                                0x4af (size before relaxing)
 .debug_str     0x00001745       0x35 .\CortexM3\ARM_GCC_541\Release\Controlador.a(ADC_YAxis_INT.o)
                                0x194 (size before relaxing)
 .debug_str     0x0000177a      0x207 .\CortexM3\ARM_GCC_541\Release\Controlador.a(ADC_YAxis_theACLK.o)
                                0x3ae (size before relaxing)
 .debug_str     0x00001981       0x38 .\CortexM3\ARM_GCC_541\Release\Controlador.a(AxisSelector.o)
                                0x1bd (size before relaxing)
 .debug_str     0x000019b9      0x1e5 .\CortexM3\ARM_GCC_541\Release\Controlador.a(ADC_XAxis.o)
                                0x4af (size before relaxing)
 .debug_str     0x00001b9e       0x35 .\CortexM3\ARM_GCC_541\Release\Controlador.a(ADC_XAxis_INT.o)
                                0x194 (size before relaxing)
 .debug_str     0x00001bd3      0x1b3 .\CortexM3\ARM_GCC_541\Release\Controlador.a(ADC_XAxis_theACLK.o)
                                0x3ae (size before relaxing)
 .debug_str     0x00001d86      0x1bb .\CortexM3\ARM_GCC_541\Release\Controlador.a(CyFlash.o)
                                0x3b2 (size before relaxing)
 .debug_str     0x00001f41       0xac .\CortexM3\ARM_GCC_541\Release\Controlador.a(CySpc.o)
                                0x331 (size before relaxing)

.debug_loc      0x00000000     0x2705
 *(.debug_loc)
 .debug_loc     0x00000000      0x2b7 .\CortexM3\ARM_GCC_541\Release\main.o
 .debug_loc     0x000002b7      0x3bd .\CortexM3\ARM_GCC_541\Release\cyfitter_cfg.o
 .debug_loc     0x00000674      0x1af .\CortexM3\ARM_GCC_541\Release\Cm3Start.o
 .debug_loc     0x00000823      0xa20 .\CortexM3\ARM_GCC_541\Release\Controlador.a(CyLib.o)
 .debug_loc     0x00001243      0x1d6 .\CortexM3\ARM_GCC_541\Release\Controlador.a(cyPm.o)
 .debug_loc     0x00001419       0x81 .\CortexM3\ARM_GCC_541\Release\Controlador.a(PWM_X.o)
 .debug_loc     0x0000149a       0x81 .\CortexM3\ARM_GCC_541\Release\Controlador.a(PWM_Y.o)
 .debug_loc     0x0000151b      0x286 .\CortexM3\ARM_GCC_541\Release\Controlador.a(ADC_YAxis.o)
 .debug_loc     0x000017a1       0xc7 .\CortexM3\ARM_GCC_541\Release\Controlador.a(ADC_YAxis_theACLK.o)
 .debug_loc     0x00001868      0x286 .\CortexM3\ARM_GCC_541\Release\Controlador.a(ADC_XAxis.o)
 .debug_loc     0x00001aee       0xc7 .\CortexM3\ARM_GCC_541\Release\Controlador.a(ADC_XAxis_theACLK.o)
 .debug_loc     0x00001bb5      0x4b7 .\CortexM3\ARM_GCC_541\Release\Controlador.a(CyFlash.o)
 .debug_loc     0x0000206c      0x699 .\CortexM3\ARM_GCC_541\Release\Controlador.a(CySpc.o)

.debug_macinfo
 *(.debug_macinfo)

.debug_ranges   0x00000000      0xac0
 *(.debug_ranges)
 .debug_ranges  0x00000000       0x40 .\CortexM3\ARM_GCC_541\Release\main.o
 .debug_ranges  0x00000040      0x150 .\CortexM3\ARM_GCC_541\Release\cyfitter_cfg.o
 .debug_ranges  0x00000190       0x50 .\CortexM3\ARM_GCC_541\Release\Cm3Start.o
 .debug_ranges  0x000001e0      0x2b8 .\CortexM3\ARM_GCC_541\Release\Controlador.a(CyLib.o)
 .debug_ranges  0x00000498       0x90 .\CortexM3\ARM_GCC_541\Release\Controlador.a(cyPm.o)
 .debug_ranges  0x00000528       0xb8 .\CortexM3\ARM_GCC_541\Release\Controlador.a(PWM_X.o)
 .debug_ranges  0x000005e0       0xd0 .\CortexM3\ARM_GCC_541\Release\Controlador.a(PWM_Y.o)
 .debug_ranges  0x000006b0       0xa8 .\CortexM3\ARM_GCC_541\Release\Controlador.a(ADC_YAxis.o)
 .debug_ranges  0x00000758       0x10 .\CortexM3\ARM_GCC_541\Release\Controlador.a(ADC_YAxis_INT.o)
 .debug_ranges  0x00000768       0xc8 .\CortexM3\ARM_GCC_541\Release\Controlador.a(ADC_YAxis_theACLK.o)
 .debug_ranges  0x00000830       0x18 .\CortexM3\ARM_GCC_541\Release\Controlador.a(AxisSelector.o)
 .debug_ranges  0x00000848       0xa8 .\CortexM3\ARM_GCC_541\Release\Controlador.a(ADC_XAxis.o)
 .debug_ranges  0x000008f0       0x10 .\CortexM3\ARM_GCC_541\Release\Controlador.a(ADC_XAxis_INT.o)
 .debug_ranges  0x00000900       0xc8 .\CortexM3\ARM_GCC_541\Release\Controlador.a(ADC_XAxis_theACLK.o)
 .debug_ranges  0x000009c8       0x88 .\CortexM3\ARM_GCC_541\Release\Controlador.a(CyFlash.o)
 .debug_ranges  0x00000a50       0x70 .\CortexM3\ARM_GCC_541\Release\Controlador.a(CySpc.o)

.comment        0x00000000       0x6e
 .comment       0x00000000       0x6e .\CortexM3\ARM_GCC_541\Release\main.o
                                 0x6f (size before relaxing)
 .comment       0x0000006e       0x6f .\CortexM3\ARM_GCC_541\Release\cyfitter_cfg.o
 .comment       0x0000006e       0x6f .\CortexM3\ARM_GCC_541\Release\cymetadata.o
 .comment       0x0000006e       0x6f .\CortexM3\ARM_GCC_541\Release\Cm3Start.o
 .comment       0x0000006e       0x6f .\CortexM3\ARM_GCC_541\Release\Controlador.a(CyLib.o)
 .comment       0x0000006e       0x6f .\CortexM3\ARM_GCC_541\Release\Controlador.a(cyPm.o)
 .comment       0x0000006e       0x6f .\CortexM3\ARM_GCC_541\Release\Controlador.a(PWM_X.o)
 .comment       0x0000006e       0x6f .\CortexM3\ARM_GCC_541\Release\Controlador.a(PWM_Y.o)
 .comment       0x0000006e       0x6f .\CortexM3\ARM_GCC_541\Release\Controlador.a(ADC_YAxis.o)
 .comment       0x0000006e       0x6f .\CortexM3\ARM_GCC_541\Release\Controlador.a(ADC_YAxis_INT.o)
 .comment       0x0000006e       0x6f .\CortexM3\ARM_GCC_541\Release\Controlador.a(ADC_YAxis_theACLK.o)
 .comment       0x0000006e       0x6f .\CortexM3\ARM_GCC_541\Release\Controlador.a(AxisSelector.o)
 .comment       0x0000006e       0x6f .\CortexM3\ARM_GCC_541\Release\Controlador.a(ADC_XAxis.o)
 .comment       0x0000006e       0x6f .\CortexM3\ARM_GCC_541\Release\Controlador.a(ADC_XAxis_INT.o)
 .comment       0x0000006e       0x6f .\CortexM3\ARM_GCC_541\Release\Controlador.a(ADC_XAxis_theACLK.o)
 .comment       0x0000006e       0x6f .\CortexM3\ARM_GCC_541\Release\Controlador.a(CyFlash.o)
 .comment       0x0000006e       0x6f .\CortexM3\ARM_GCC_541\Release\Controlador.a(CySpc.o)

.debug_weaknames
 *(.debug_weaknames)

.debug_funcnames
 *(.debug_funcnames)

.debug_typenames
 *(.debug_typenames)

.debug_varnames
 *(.debug_varnames)

.note.gnu.arm.ident
 *(.note.gnu.arm.ident)

.ARM.attributes
                0x00000000       0x29
 *(.ARM.attributes)
 .ARM.attributes
                0x00000000       0x1d c:/program files (x86)/cypress/psoc creator/4.2/psoc creator/import/gnu/arm/5.4.1/bin/../lib/gcc/arm-none-eabi/5.4.1/armv7-m/crti.o
 .ARM.attributes
                0x0000001d       0x2d c:/program files (x86)/cypress/psoc creator/4.2/psoc creator/import/gnu/arm/5.4.1/bin/../lib/gcc/arm-none-eabi/5.4.1/armv7-m/crtbegin.o
 .ARM.attributes
                0x0000004a       0x1b c:/program files (x86)/cypress/psoc creator/4.2/psoc creator/import/gnu/arm/5.4.1/bin/../lib/gcc/arm-none-eabi/5.4.1/../../../../arm-none-eabi/lib/armv7-m/crt0.o
 .ARM.attributes
                0x00000065       0x33 .\CortexM3\ARM_GCC_541\Release\main.o
 .ARM.attributes
                0x00000098       0x33 .\CortexM3\ARM_GCC_541\Release\cyfitter_cfg.o
 .ARM.attributes
                0x000000cb       0x33 .\CortexM3\ARM_GCC_541\Release\cymetadata.o
 .ARM.attributes
                0x000000fe       0x33 .\CortexM3\ARM_GCC_541\Release\Cm3Start.o
 .ARM.attributes
                0x00000131       0x33 .\CortexM3\ARM_GCC_541\Release\Controlador.a(CyLib.o)
 .ARM.attributes
                0x00000164       0x33 .\CortexM3\ARM_GCC_541\Release\Controlador.a(cyPm.o)
 .ARM.attributes
                0x00000197       0x33 .\CortexM3\ARM_GCC_541\Release\Controlador.a(PWM_X.o)
 .ARM.attributes
                0x000001ca       0x33 .\CortexM3\ARM_GCC_541\Release\Controlador.a(PWM_Y.o)
 .ARM.attributes
                0x000001fd       0x33 .\CortexM3\ARM_GCC_541\Release\Controlador.a(ADC_YAxis.o)
 .ARM.attributes
                0x00000230       0x33 .\CortexM3\ARM_GCC_541\Release\Controlador.a(ADC_YAxis_INT.o)
 .ARM.attributes
                0x00000263       0x33 .\CortexM3\ARM_GCC_541\Release\Controlador.a(ADC_YAxis_theACLK.o)
 .ARM.attributes
                0x00000296       0x33 .\CortexM3\ARM_GCC_541\Release\Controlador.a(AxisSelector.o)
 .ARM.attributes
                0x000002c9       0x33 .\CortexM3\ARM_GCC_541\Release\Controlador.a(ADC_XAxis.o)
 .ARM.attributes
                0x000002fc       0x33 .\CortexM3\ARM_GCC_541\Release\Controlador.a(ADC_XAxis_INT.o)
 .ARM.attributes
                0x0000032f       0x33 .\CortexM3\ARM_GCC_541\Release\Controlador.a(ADC_XAxis_theACLK.o)
 .ARM.attributes
                0x00000362       0x21 .\CortexM3\ARM_GCC_541\Release\Controlador.a(CyBootAsmGnu.o)
 .ARM.attributes
                0x00000383       0x33 .\CortexM3\ARM_GCC_541\Release\Controlador.a(CyFlash.o)
 .ARM.attributes
                0x000003b6       0x33 .\CortexM3\ARM_GCC_541\Release\Controlador.a(CySpc.o)
 .ARM.attributes
                0x000003e9       0x1d c:/program files (x86)/cypress/psoc creator/4.2/psoc creator/import/gnu/arm/5.4.1/bin/../lib/gcc/arm-none-eabi/5.4.1/armv7-m\libgcc.a(_arm_addsubdf3.o)
 .ARM.attributes
                0x00000406       0x1d c:/program files (x86)/cypress/psoc creator/4.2/psoc creator/import/gnu/arm/5.4.1/bin/../lib/gcc/arm-none-eabi/5.4.1/armv7-m\libgcc.a(_arm_addsubsf3.o)
 .ARM.attributes
                0x00000423       0x1d c:/program files (x86)/cypress/psoc creator/4.2/psoc creator/import/gnu/arm/5.4.1/bin/../lib/gcc/arm-none-eabi/5.4.1/armv7-m\libgcc.a(_arm_muldivsf3.o)
 .ARM.attributes
                0x00000440       0x1d c:/program files (x86)/cypress/psoc creator/4.2/psoc creator/import/gnu/arm/5.4.1/bin/../lib/gcc/arm-none-eabi/5.4.1/armv7-m\libgcc.a(_arm_cmpsf2.o)
 .ARM.attributes
                0x0000045d       0x1d c:/program files (x86)/cypress/psoc creator/4.2/psoc creator/import/gnu/arm/5.4.1/bin/../lib/gcc/arm-none-eabi/5.4.1/armv7-m\libgcc.a(_arm_fixsfsi.o)
 .ARM.attributes
                0x0000047a       0x1d c:/program files (x86)/cypress/psoc creator/4.2/psoc creator/import/gnu/arm/5.4.1/bin/../lib/gcc/arm-none-eabi/5.4.1/armv7-m\libgcc.a(_aeabi_ldivmod.o)
 .ARM.attributes
                0x00000497       0x2d c:/program files (x86)/cypress/psoc creator/4.2/psoc creator/import/gnu/arm/5.4.1/bin/../lib/gcc/arm-none-eabi/5.4.1/armv7-m\libgcc.a(_udivmoddi4.o)
 .ARM.attributes
                0x000004c4       0x1d c:/program files (x86)/cypress/psoc creator/4.2/psoc creator/import/gnu/arm/5.4.1/bin/../lib/gcc/arm-none-eabi/5.4.1/armv7-m\libgcc.a(_dvmd_tls.o)
 .ARM.attributes
                0x000004e1       0x2d c:/program files (x86)/cypress/psoc creator/4.2/psoc creator/import/gnu/arm/5.4.1/bin/../lib/gcc/arm-none-eabi/5.4.1/../../../../arm-none-eabi/lib/armv7-m\libg_nano.a(lib_a-errno.o)
 .ARM.attributes
                0x0000050e       0x2d c:/program files (x86)/cypress/psoc creator/4.2/psoc creator/import/gnu/arm/5.4.1/bin/../lib/gcc/arm-none-eabi/5.4.1/../../../../arm-none-eabi/lib/armv7-m\libg_nano.a(lib_a-exit.o)
 .ARM.attributes
                0x0000053b       0x2d c:/program files (x86)/cypress/psoc creator/4.2/psoc creator/import/gnu/arm/5.4.1/bin/../lib/gcc/arm-none-eabi/5.4.1/../../../../arm-none-eabi/lib/armv7-m\libg_nano.a(lib_a-impure.o)
 .ARM.attributes
                0x00000568       0x2d c:/program files (x86)/cypress/psoc creator/4.2/psoc creator/import/gnu/arm/5.4.1/bin/../lib/gcc/arm-none-eabi/5.4.1/../../../../arm-none-eabi/lib/armv7-m\libg_nano.a(lib_a-init.o)
 .ARM.attributes
                0x00000595       0x2d c:/program files (x86)/cypress/psoc creator/4.2/psoc creator/import/gnu/arm/5.4.1/bin/../lib/gcc/arm-none-eabi/5.4.1/../../../../arm-none-eabi/lib/armv7-m\libg_nano.a(lib_a-memset.o)
 .ARM.attributes
                0x000005c2       0x2d c:/program files (x86)/cypress/psoc creator/4.2/psoc creator/import/gnu/arm/5.4.1/bin/../lib/gcc/arm-none-eabi/5.4.1/../../../../arm-none-eabi/lib/armv7-m\libg_nano.a(lib_a-printf.o)
 .ARM.attributes
                0x000005ef       0x2d c:/program files (x86)/cypress/psoc creator/4.2/psoc creator/import/gnu/arm/5.4.1/bin/../lib/gcc/arm-none-eabi/5.4.1/../../../../arm-none-eabi/lib/armv7-m\libg_nano.a(lib_a-findfp.o)
 .ARM.attributes
                0x0000061c       0x2d c:/program files (x86)/cypress/psoc creator/4.2/psoc creator/import/gnu/arm/5.4.1/bin/../lib/gcc/arm-none-eabi/5.4.1/../../../../arm-none-eabi/lib/armv7-m\libg_nano.a(lib_a-fwalk.o)
 .ARM.attributes
                0x00000649       0x2d c:/program files (x86)/cypress/psoc creator/4.2/psoc creator/import/gnu/arm/5.4.1/bin/../lib/gcc/arm-none-eabi/5.4.1/../../../../arm-none-eabi/lib/armv7-m\libg_nano.a(lib_a-nano-mallocr.o)
 .ARM.attributes
                0x00000676       0x2d c:/program files (x86)/cypress/psoc creator/4.2/psoc creator/import/gnu/arm/5.4.1/bin/../lib/gcc/arm-none-eabi/5.4.1/../../../../arm-none-eabi/lib/armv7-m\libg_nano.a(lib_a-nano-vfprintf.o)
 .ARM.attributes
                0x000006a3       0x2d c:/program files (x86)/cypress/psoc creator/4.2/psoc creator/import/gnu/arm/5.4.1/bin/../lib/gcc/arm-none-eabi/5.4.1/../../../../arm-none-eabi/lib/armv7-m\libg_nano.a(lib_a-nano-vfprintf_i.o)
 .ARM.attributes
                0x000006d0       0x2d c:/program files (x86)/cypress/psoc creator/4.2/psoc creator/import/gnu/arm/5.4.1/bin/../lib/gcc/arm-none-eabi/5.4.1/../../../../arm-none-eabi/lib/armv7-m\libg_nano.a(lib_a-sbrkr.o)
 .ARM.attributes
                0x000006fd       0x2d c:/program files (x86)/cypress/psoc creator/4.2/psoc creator/import/gnu/arm/5.4.1/bin/../lib/gcc/arm-none-eabi/5.4.1/../../../../arm-none-eabi/lib/armv7-m\libg_nano.a(lib_a-stdio.o)
 .ARM.attributes
                0x0000072a       0x2d c:/program files (x86)/cypress/psoc creator/4.2/psoc creator/import/gnu/arm/5.4.1/bin/../lib/gcc/arm-none-eabi/5.4.1/../../../../arm-none-eabi/lib/armv7-m\libg_nano.a(lib_a-wbuf.o)
 .ARM.attributes
                0x00000757       0x2d c:/program files (x86)/cypress/psoc creator/4.2/psoc creator/import/gnu/arm/5.4.1/bin/../lib/gcc/arm-none-eabi/5.4.1/../../../../arm-none-eabi/lib/armv7-m\libg_nano.a(lib_a-writer.o)
 .ARM.attributes
                0x00000784       0x2d c:/program files (x86)/cypress/psoc creator/4.2/psoc creator/import/gnu/arm/5.4.1/bin/../lib/gcc/arm-none-eabi/5.4.1/../../../../arm-none-eabi/lib/armv7-m\libg_nano.a(lib_a-wsetup.o)
 .ARM.attributes
                0x000007b1       0x2d c:/program files (x86)/cypress/psoc creator/4.2/psoc creator/import/gnu/arm/5.4.1/bin/../lib/gcc/arm-none-eabi/5.4.1/../../../../arm-none-eabi/lib/armv7-m\libg_nano.a(lib_a-closer.o)
 .ARM.attributes
                0x000007de       0x2d c:/program files (x86)/cypress/psoc creator/4.2/psoc creator/import/gnu/arm/5.4.1/bin/../lib/gcc/arm-none-eabi/5.4.1/../../../../arm-none-eabi/lib/armv7-m\libg_nano.a(lib_a-fflush.o)
 .ARM.attributes
                0x0000080b       0x2d c:/program files (x86)/cypress/psoc creator/4.2/psoc creator/import/gnu/arm/5.4.1/bin/../lib/gcc/arm-none-eabi/5.4.1/../../../../arm-none-eabi/lib/armv7-m\libg_nano.a(lib_a-fvwrite.o)
 .ARM.attributes
                0x00000838       0x2d c:/program files (x86)/cypress/psoc creator/4.2/psoc creator/import/gnu/arm/5.4.1/bin/../lib/gcc/arm-none-eabi/5.4.1/../../../../arm-none-eabi/lib/armv7-m\libg_nano.a(lib_a-lseekr.o)
 .ARM.attributes
                0x00000865       0x2d c:/program files (x86)/cypress/psoc creator/4.2/psoc creator/import/gnu/arm/5.4.1/bin/../lib/gcc/arm-none-eabi/5.4.1/../../../../arm-none-eabi/lib/armv7-m\libg_nano.a(lib_a-makebuf.o)
 .ARM.attributes
                0x00000892       0x2d c:/program files (x86)/cypress/psoc creator/4.2/psoc creator/import/gnu/arm/5.4.1/bin/../lib/gcc/arm-none-eabi/5.4.1/../../../../arm-none-eabi/lib/armv7-m\libg_nano.a(lib_a-memchr-stub.o)
 .ARM.attributes
                0x000008bf       0x2d c:/program files (x86)/cypress/psoc creator/4.2/psoc creator/import/gnu/arm/5.4.1/bin/../lib/gcc/arm-none-eabi/5.4.1/../../../../arm-none-eabi/lib/armv7-m\libg_nano.a(lib_a-memcpy-stub.o)
 .ARM.attributes
                0x000008ec       0x2d c:/program files (x86)/cypress/psoc creator/4.2/psoc creator/import/gnu/arm/5.4.1/bin/../lib/gcc/arm-none-eabi/5.4.1/../../../../arm-none-eabi/lib/armv7-m\libg_nano.a(lib_a-memmove.o)
 .ARM.attributes
                0x00000919       0x2d c:/program files (x86)/cypress/psoc creator/4.2/psoc creator/import/gnu/arm/5.4.1/bin/../lib/gcc/arm-none-eabi/5.4.1/../../../../arm-none-eabi/lib/armv7-m\libg_nano.a(lib_a-mlock.o)
 .ARM.attributes
                0x00000946       0x2d c:/program files (x86)/cypress/psoc creator/4.2/psoc creator/import/gnu/arm/5.4.1/bin/../lib/gcc/arm-none-eabi/5.4.1/../../../../arm-none-eabi/lib/armv7-m\libg_nano.a(lib_a-nano-freer.o)
 .ARM.attributes
                0x00000973       0x2d c:/program files (x86)/cypress/psoc creator/4.2/psoc creator/import/gnu/arm/5.4.1/bin/../lib/gcc/arm-none-eabi/5.4.1/../../../../arm-none-eabi/lib/armv7-m\libg_nano.a(lib_a-nano-reallocr.o)
 .ARM.attributes
                0x000009a0       0x2d c:/program files (x86)/cypress/psoc creator/4.2/psoc creator/import/gnu/arm/5.4.1/bin/../lib/gcc/arm-none-eabi/5.4.1/../../../../arm-none-eabi/lib/armv7-m\libg_nano.a(lib_a-readr.o)
 .ARM.attributes
                0x000009cd       0x2d c:/program files (x86)/cypress/psoc creator/4.2/psoc creator/import/gnu/arm/5.4.1/bin/../lib/gcc/arm-none-eabi/5.4.1/../../../../arm-none-eabi/lib/armv7-m\libg_nano.a(lib_a-reent.o)
 .ARM.attributes
                0x000009fa       0x2d c:/program files (x86)/cypress/psoc creator/4.2/psoc creator/import/gnu/arm/5.4.1/bin/../lib/gcc/arm-none-eabi/5.4.1/../../../../arm-none-eabi/lib/armv7-m\libg_nano.a(lib_a-fstatr.o)
 .ARM.attributes
                0x00000a27       0x2d c:/program files (x86)/cypress/psoc creator/4.2/psoc creator/import/gnu/arm/5.4.1/bin/../lib/gcc/arm-none-eabi/5.4.1/../../../../arm-none-eabi/lib/armv7-m\libg_nano.a(lib_a-isattyr.o)
 .ARM.attributes
                0x00000a54       0x2d c:/program files (x86)/cypress/psoc creator/4.2/psoc creator/import/gnu/arm/5.4.1/bin/../lib/gcc/arm-none-eabi/5.4.1/../../../../arm-none-eabi/lib/armv7-m\libg_nano.a(lib_a-nano-msizer.o)
 .ARM.attributes
                0x00000a81       0x2d c:/program files (x86)/cypress/psoc creator/4.2/psoc creator/import/gnu/arm/5.4.1/bin/../lib/gcc/arm-none-eabi/5.4.1/armv7-m/crtend.o
 .ARM.attributes
                0x00000aae       0x1d c:/program files (x86)/cypress/psoc creator/4.2/psoc creator/import/gnu/arm/5.4.1/bin/../lib/gcc/arm-none-eabi/5.4.1/armv7-m/crtn.o
 .ARM.attributes
                0x00000acb       0x2d c:/program files (x86)/cypress/psoc creator/4.2/psoc creator/import/gnu/arm/5.4.1/bin/../lib/gcc/arm-none-eabi/5.4.1/../../../../arm-none-eabi/lib/armv7-m\libnosys.a(close.o)
 .ARM.attributes
                0x00000af8       0x2d c:/program files (x86)/cypress/psoc creator/4.2/psoc creator/import/gnu/arm/5.4.1/bin/../lib/gcc/arm-none-eabi/5.4.1/../../../../arm-none-eabi/lib/armv7-m\libnosys.a(fstat.o)
 .ARM.attributes
                0x00000b25       0x2d c:/program files (x86)/cypress/psoc creator/4.2/psoc creator/import/gnu/arm/5.4.1/bin/../lib/gcc/arm-none-eabi/5.4.1/../../../../arm-none-eabi/lib/armv7-m\libnosys.a(isatty.o)
 .ARM.attributes
                0x00000b52       0x2d c:/program files (x86)/cypress/psoc creator/4.2/psoc creator/import/gnu/arm/5.4.1/bin/../lib/gcc/arm-none-eabi/5.4.1/../../../../arm-none-eabi/lib/armv7-m\libnosys.a(lseek.o)
 .ARM.attributes
                0x00000b7f       0x2d c:/program files (x86)/cypress/psoc creator/4.2/psoc creator/import/gnu/arm/5.4.1/bin/../lib/gcc/arm-none-eabi/5.4.1/../../../../arm-none-eabi/lib/armv7-m\libnosys.a(read.o)
 .ARM.attributes
                0x00000bac       0x2d c:/program files (x86)/cypress/psoc creator/4.2/psoc creator/import/gnu/arm/5.4.1/bin/../lib/gcc/arm-none-eabi/5.4.1/../../../../arm-none-eabi/lib/armv7-m\libnosys.a(write.o)

/DISCARD/
 *(.note.GNU-stack)
OUTPUT(C:\Users\esancho\Downloads\PID Controler\Controlador.cydsn\CortexM3\ARM_GCC_541\Release\Controlador.elf elf32-littlearm)
