ARM GAS  C:\Users\emman\AppData\Local\Temp\ccYRVKpW.s 			page 1


   1              		.syntax unified
   2              		.cpu cortex-m3
   3              		.fpu softvfp
   4              		.eabi_attribute 20, 1
   5              		.eabi_attribute 21, 1
   6              		.eabi_attribute 23, 3
   7              		.eabi_attribute 24, 1
   8              		.eabi_attribute 25, 1
   9              		.eabi_attribute 26, 1
  10              		.eabi_attribute 30, 4
  11              		.eabi_attribute 34, 1
  12              		.eabi_attribute 18, 4
  13              		.thumb
  14              		.syntax unified
  15              		.file	"LCD_LCDPort.c"
  16              		.text
  17              	.Ltext0:
  18              		.cfi_sections	.debug_frame
  19              		.section	.text.LCD_LCDPort_Write,"ax",%progbits
  20              		.align	1
  21              		.global	LCD_LCDPort_Write
  22              		.thumb
  23              		.thumb_func
  24              		.type	LCD_LCDPort_Write, %function
  25              	LCD_LCDPort_Write:
  26              	.LFB0:
  27              		.file 1 "Generated_Source\\PSoC5\\LCD_LCDPort.c"
   1:Generated_Source\PSoC5/LCD_LCDPort.c **** /*******************************************************************************
   2:Generated_Source\PSoC5/LCD_LCDPort.c **** * File Name: LCD_LCDPort.c  
   3:Generated_Source\PSoC5/LCD_LCDPort.c **** * Version 2.20
   4:Generated_Source\PSoC5/LCD_LCDPort.c **** *
   5:Generated_Source\PSoC5/LCD_LCDPort.c **** * Description:
   6:Generated_Source\PSoC5/LCD_LCDPort.c **** *  This file contains API to enable firmware control of a Pins component.
   7:Generated_Source\PSoC5/LCD_LCDPort.c **** *
   8:Generated_Source\PSoC5/LCD_LCDPort.c **** * Note:
   9:Generated_Source\PSoC5/LCD_LCDPort.c **** *
  10:Generated_Source\PSoC5/LCD_LCDPort.c **** ********************************************************************************
  11:Generated_Source\PSoC5/LCD_LCDPort.c **** * Copyright 2008-2015, Cypress Semiconductor Corporation.  All rights reserved.
  12:Generated_Source\PSoC5/LCD_LCDPort.c **** * You may use this file only in accordance with the license, terms, conditions, 
  13:Generated_Source\PSoC5/LCD_LCDPort.c **** * disclaimers, and limitations in the end user license agreement accompanying 
  14:Generated_Source\PSoC5/LCD_LCDPort.c **** * the software package with which this file was provided.
  15:Generated_Source\PSoC5/LCD_LCDPort.c **** *******************************************************************************/
  16:Generated_Source\PSoC5/LCD_LCDPort.c **** 
  17:Generated_Source\PSoC5/LCD_LCDPort.c **** #include "cytypes.h"
  18:Generated_Source\PSoC5/LCD_LCDPort.c **** #include "LCD_LCDPort.h"
  19:Generated_Source\PSoC5/LCD_LCDPort.c **** 
  20:Generated_Source\PSoC5/LCD_LCDPort.c **** /* APIs are not generated for P15[7:6] on PSoC 5 */
  21:Generated_Source\PSoC5/LCD_LCDPort.c **** #if !(CY_PSOC5A &&\
  22:Generated_Source\PSoC5/LCD_LCDPort.c **** 	 LCD_LCDPort__PORT == 15 && ((LCD_LCDPort__MASK & 0xC0) != 0))
  23:Generated_Source\PSoC5/LCD_LCDPort.c **** 
  24:Generated_Source\PSoC5/LCD_LCDPort.c **** 
  25:Generated_Source\PSoC5/LCD_LCDPort.c **** /*******************************************************************************
  26:Generated_Source\PSoC5/LCD_LCDPort.c **** * Function Name: LCD_LCDPort_Write
  27:Generated_Source\PSoC5/LCD_LCDPort.c **** ****************************************************************************//**
  28:Generated_Source\PSoC5/LCD_LCDPort.c **** *
  29:Generated_Source\PSoC5/LCD_LCDPort.c **** * \brief Writes the value to the physical port (data output register), masking
  30:Generated_Source\PSoC5/LCD_LCDPort.c **** *  and shifting the bits appropriately. 
ARM GAS  C:\Users\emman\AppData\Local\Temp\ccYRVKpW.s 			page 2


  31:Generated_Source\PSoC5/LCD_LCDPort.c **** *
  32:Generated_Source\PSoC5/LCD_LCDPort.c **** * The data output register controls the signal applied to the physical pin in 
  33:Generated_Source\PSoC5/LCD_LCDPort.c **** * conjunction with the drive mode parameter. This function avoids changing 
  34:Generated_Source\PSoC5/LCD_LCDPort.c **** * other bits in the port by using the appropriate method (read-modify-write or
  35:Generated_Source\PSoC5/LCD_LCDPort.c **** * bit banding).
  36:Generated_Source\PSoC5/LCD_LCDPort.c **** *
  37:Generated_Source\PSoC5/LCD_LCDPort.c **** * <b>Note</b> This function should not be used on a hardware digital output pin 
  38:Generated_Source\PSoC5/LCD_LCDPort.c **** * as it is driven by the hardware signal attached to it.
  39:Generated_Source\PSoC5/LCD_LCDPort.c **** *
  40:Generated_Source\PSoC5/LCD_LCDPort.c **** * \param value
  41:Generated_Source\PSoC5/LCD_LCDPort.c **** *  Value to write to the component instance.
  42:Generated_Source\PSoC5/LCD_LCDPort.c **** *
  43:Generated_Source\PSoC5/LCD_LCDPort.c **** * \return 
  44:Generated_Source\PSoC5/LCD_LCDPort.c **** *  None 
  45:Generated_Source\PSoC5/LCD_LCDPort.c **** *
  46:Generated_Source\PSoC5/LCD_LCDPort.c **** * \sideeffect
  47:Generated_Source\PSoC5/LCD_LCDPort.c **** *  If you use read-modify-write operations that are not atomic; the Interrupt 
  48:Generated_Source\PSoC5/LCD_LCDPort.c **** *  Service Routines (ISR) can cause corruption of this function. An ISR that 
  49:Generated_Source\PSoC5/LCD_LCDPort.c **** *  interrupts this function and performs writes to the Pins component data 
  50:Generated_Source\PSoC5/LCD_LCDPort.c **** *  register can cause corrupted port data. To avoid this issue, you should 
  51:Generated_Source\PSoC5/LCD_LCDPort.c **** *  either use the Per-Pin APIs (primary method) or disable interrupts around 
  52:Generated_Source\PSoC5/LCD_LCDPort.c **** *  this function.
  53:Generated_Source\PSoC5/LCD_LCDPort.c **** *
  54:Generated_Source\PSoC5/LCD_LCDPort.c **** * \funcusage
  55:Generated_Source\PSoC5/LCD_LCDPort.c **** *  \snippet LCD_LCDPort_SUT.c usage_LCD_LCDPort_Write
  56:Generated_Source\PSoC5/LCD_LCDPort.c **** *******************************************************************************/
  57:Generated_Source\PSoC5/LCD_LCDPort.c **** void LCD_LCDPort_Write(uint8 value)
  58:Generated_Source\PSoC5/LCD_LCDPort.c **** {
  28              		.loc 1 58 0
  29              		.cfi_startproc
  30              		@ args = 0, pretend = 0, frame = 0
  31              		@ frame_needed = 0, uses_anonymous_args = 0
  32              		@ link register save eliminated.
  33              	.LVL0:
  59:Generated_Source\PSoC5/LCD_LCDPort.c ****     uint8 staticBits = (LCD_LCDPort_DR & (uint8)(~LCD_LCDPort_MASK));
  34              		.loc 1 59 0
  35 0000 044A     		ldr	r2, .L2
  60:Generated_Source\PSoC5/LCD_LCDPort.c ****     LCD_LCDPort_DR = staticBits | ((uint8)(value << LCD_LCDPort_SHIFT) & LCD_LCDPort_MASK);
  36              		.loc 1 60 0
  37 0002 00F07F00 		and	r0, r0, #127
  38              	.LVL1:
  59:Generated_Source\PSoC5/LCD_LCDPort.c ****     uint8 staticBits = (LCD_LCDPort_DR & (uint8)(~LCD_LCDPort_MASK));
  39              		.loc 1 59 0
  40 0006 1378     		ldrb	r3, [r2]	@ zero_extendqisi2
  41              	.LVL2:
  42              		.loc 1 60 0
  43 0008 03F08003 		and	r3, r3, #128
  44              	.LVL3:
  45 000c 1843     		orrs	r0, r0, r3
  46 000e 1070     		strb	r0, [r2]
  47 0010 7047     		bx	lr
  48              	.L3:
  49 0012 00BF     		.align	2
  50              	.L2:
  51 0014 20510040 		.word	1073762592
  52              		.cfi_endproc
  53              	.LFE0:
ARM GAS  C:\Users\emman\AppData\Local\Temp\ccYRVKpW.s 			page 3


  54              		.size	LCD_LCDPort_Write, .-LCD_LCDPort_Write
  55              		.section	.text.LCD_LCDPort_SetDriveMode,"ax",%progbits
  56              		.align	1
  57              		.global	LCD_LCDPort_SetDriveMode
  58              		.thumb
  59              		.thumb_func
  60              		.type	LCD_LCDPort_SetDriveMode, %function
  61              	LCD_LCDPort_SetDriveMode:
  62              	.LFB1:
  61:Generated_Source\PSoC5/LCD_LCDPort.c **** }
  62:Generated_Source\PSoC5/LCD_LCDPort.c **** 
  63:Generated_Source\PSoC5/LCD_LCDPort.c **** 
  64:Generated_Source\PSoC5/LCD_LCDPort.c **** /*******************************************************************************
  65:Generated_Source\PSoC5/LCD_LCDPort.c **** * Function Name: LCD_LCDPort_SetDriveMode
  66:Generated_Source\PSoC5/LCD_LCDPort.c **** ****************************************************************************//**
  67:Generated_Source\PSoC5/LCD_LCDPort.c **** *
  68:Generated_Source\PSoC5/LCD_LCDPort.c **** * \brief Sets the drive mode for each of the Pins component's pins.
  69:Generated_Source\PSoC5/LCD_LCDPort.c **** * 
  70:Generated_Source\PSoC5/LCD_LCDPort.c **** * <b>Note</b> This affects all pins in the Pins component instance. Use the
  71:Generated_Source\PSoC5/LCD_LCDPort.c **** * Per-Pin APIs if you wish to control individual pin's drive modes.
  72:Generated_Source\PSoC5/LCD_LCDPort.c **** *
  73:Generated_Source\PSoC5/LCD_LCDPort.c **** * \param mode
  74:Generated_Source\PSoC5/LCD_LCDPort.c **** *  Mode for the selected signals. Valid options are documented in 
  75:Generated_Source\PSoC5/LCD_LCDPort.c **** *  \ref driveMode.
  76:Generated_Source\PSoC5/LCD_LCDPort.c **** *
  77:Generated_Source\PSoC5/LCD_LCDPort.c **** * \return
  78:Generated_Source\PSoC5/LCD_LCDPort.c **** *  None
  79:Generated_Source\PSoC5/LCD_LCDPort.c **** *
  80:Generated_Source\PSoC5/LCD_LCDPort.c **** * \sideeffect
  81:Generated_Source\PSoC5/LCD_LCDPort.c **** *  If you use read-modify-write operations that are not atomic, the ISR can
  82:Generated_Source\PSoC5/LCD_LCDPort.c **** *  cause corruption of this function. An ISR that interrupts this function 
  83:Generated_Source\PSoC5/LCD_LCDPort.c **** *  and performs writes to the Pins component Drive Mode registers can cause 
  84:Generated_Source\PSoC5/LCD_LCDPort.c **** *  corrupted port data. To avoid this issue, you should either use the Per-Pin
  85:Generated_Source\PSoC5/LCD_LCDPort.c **** *  APIs (primary method) or disable interrupts around this function.
  86:Generated_Source\PSoC5/LCD_LCDPort.c **** *
  87:Generated_Source\PSoC5/LCD_LCDPort.c **** * \funcusage
  88:Generated_Source\PSoC5/LCD_LCDPort.c **** *  \snippet LCD_LCDPort_SUT.c usage_LCD_LCDPort_SetDriveMode
  89:Generated_Source\PSoC5/LCD_LCDPort.c **** *******************************************************************************/
  90:Generated_Source\PSoC5/LCD_LCDPort.c **** void LCD_LCDPort_SetDriveMode(uint8 mode)
  91:Generated_Source\PSoC5/LCD_LCDPort.c **** {
  63              		.loc 1 91 0
  64              		.cfi_startproc
  65              		@ args = 0, pretend = 0, frame = 0
  66              		@ frame_needed = 0, uses_anonymous_args = 0
  67              		@ link register save eliminated.
  68              	.LVL4:
  92:Generated_Source\PSoC5/LCD_LCDPort.c **** 	CyPins_SetPinDriveMode(LCD_LCDPort_0, mode);
  69              		.loc 1 92 0
  70 0000 134A     		ldr	r2, .L5
  71 0002 00F00E00 		and	r0, r0, #14
  72              	.LVL5:
  73 0006 1378     		ldrb	r3, [r2]	@ zero_extendqisi2
  74 0008 03F0F103 		and	r3, r3, #241
  75 000c 0343     		orrs	r3, r3, r0
  76 000e 1370     		strb	r3, [r2]
  93:Generated_Source\PSoC5/LCD_LCDPort.c **** 	CyPins_SetPinDriveMode(LCD_LCDPort_1, mode);
  77              		.loc 1 93 0
ARM GAS  C:\Users\emman\AppData\Local\Temp\ccYRVKpW.s 			page 4


  78 0010 5378     		ldrb	r3, [r2, #1]	@ zero_extendqisi2
  79 0012 03F0F103 		and	r3, r3, #241
  80 0016 0343     		orrs	r3, r3, r0
  81 0018 5370     		strb	r3, [r2, #1]
  94:Generated_Source\PSoC5/LCD_LCDPort.c **** 	CyPins_SetPinDriveMode(LCD_LCDPort_2, mode);
  82              		.loc 1 94 0
  83 001a 9378     		ldrb	r3, [r2, #2]	@ zero_extendqisi2
  84 001c 03F0F103 		and	r3, r3, #241
  85 0020 0343     		orrs	r3, r3, r0
  86 0022 9370     		strb	r3, [r2, #2]
  95:Generated_Source\PSoC5/LCD_LCDPort.c **** 	CyPins_SetPinDriveMode(LCD_LCDPort_3, mode);
  87              		.loc 1 95 0
  88 0024 D378     		ldrb	r3, [r2, #3]	@ zero_extendqisi2
  89 0026 03F0F103 		and	r3, r3, #241
  90 002a 0343     		orrs	r3, r3, r0
  91 002c D370     		strb	r3, [r2, #3]
  96:Generated_Source\PSoC5/LCD_LCDPort.c **** 	CyPins_SetPinDriveMode(LCD_LCDPort_4, mode);
  92              		.loc 1 96 0
  93 002e 1379     		ldrb	r3, [r2, #4]	@ zero_extendqisi2
  94 0030 03F0F103 		and	r3, r3, #241
  95 0034 0343     		orrs	r3, r3, r0
  96 0036 1371     		strb	r3, [r2, #4]
  97:Generated_Source\PSoC5/LCD_LCDPort.c **** 	CyPins_SetPinDriveMode(LCD_LCDPort_5, mode);
  97              		.loc 1 97 0
  98 0038 5379     		ldrb	r3, [r2, #5]	@ zero_extendqisi2
  99 003a 03F0F103 		and	r3, r3, #241
 100 003e 0343     		orrs	r3, r3, r0
 101 0040 5371     		strb	r3, [r2, #5]
  98:Generated_Source\PSoC5/LCD_LCDPort.c **** 	CyPins_SetPinDriveMode(LCD_LCDPort_6, mode);
 102              		.loc 1 98 0
 103 0042 9379     		ldrb	r3, [r2, #6]	@ zero_extendqisi2
 104 0044 03F0F103 		and	r3, r3, #241
 105 0048 1843     		orrs	r0, r0, r3
 106 004a 9071     		strb	r0, [r2, #6]
 107 004c 7047     		bx	lr
 108              	.L6:
 109 004e 00BF     		.align	2
 110              	.L5:
 111 0050 10500040 		.word	1073762320
 112              		.cfi_endproc
 113              	.LFE1:
 114              		.size	LCD_LCDPort_SetDriveMode, .-LCD_LCDPort_SetDriveMode
 115              		.section	.text.LCD_LCDPort_Read,"ax",%progbits
 116              		.align	1
 117              		.global	LCD_LCDPort_Read
 118              		.thumb
 119              		.thumb_func
 120              		.type	LCD_LCDPort_Read, %function
 121              	LCD_LCDPort_Read:
 122              	.LFB2:
  99:Generated_Source\PSoC5/LCD_LCDPort.c **** }
 100:Generated_Source\PSoC5/LCD_LCDPort.c **** 
 101:Generated_Source\PSoC5/LCD_LCDPort.c **** 
 102:Generated_Source\PSoC5/LCD_LCDPort.c **** /*******************************************************************************
 103:Generated_Source\PSoC5/LCD_LCDPort.c **** * Function Name: LCD_LCDPort_Read
 104:Generated_Source\PSoC5/LCD_LCDPort.c **** ****************************************************************************//**
 105:Generated_Source\PSoC5/LCD_LCDPort.c **** *
ARM GAS  C:\Users\emman\AppData\Local\Temp\ccYRVKpW.s 			page 5


 106:Generated_Source\PSoC5/LCD_LCDPort.c **** * \brief Reads the associated physical port (pin status register) and masks 
 107:Generated_Source\PSoC5/LCD_LCDPort.c **** *  the required bits according to the width and bit position of the component
 108:Generated_Source\PSoC5/LCD_LCDPort.c **** *  instance. 
 109:Generated_Source\PSoC5/LCD_LCDPort.c **** *
 110:Generated_Source\PSoC5/LCD_LCDPort.c **** * The pin's status register returns the current logic level present on the 
 111:Generated_Source\PSoC5/LCD_LCDPort.c **** * physical pin.
 112:Generated_Source\PSoC5/LCD_LCDPort.c **** *
 113:Generated_Source\PSoC5/LCD_LCDPort.c **** * \return 
 114:Generated_Source\PSoC5/LCD_LCDPort.c **** *  The current value for the pins in the component as a right justified number.
 115:Generated_Source\PSoC5/LCD_LCDPort.c **** *
 116:Generated_Source\PSoC5/LCD_LCDPort.c **** * \funcusage
 117:Generated_Source\PSoC5/LCD_LCDPort.c **** *  \snippet LCD_LCDPort_SUT.c usage_LCD_LCDPort_Read  
 118:Generated_Source\PSoC5/LCD_LCDPort.c **** *******************************************************************************/
 119:Generated_Source\PSoC5/LCD_LCDPort.c **** uint8 LCD_LCDPort_Read(void)
 120:Generated_Source\PSoC5/LCD_LCDPort.c **** {
 123              		.loc 1 120 0
 124              		.cfi_startproc
 125              		@ args = 0, pretend = 0, frame = 0
 126              		@ frame_needed = 0, uses_anonymous_args = 0
 127              		@ link register save eliminated.
 121:Generated_Source\PSoC5/LCD_LCDPort.c ****     return (LCD_LCDPort_PS & LCD_LCDPort_MASK) >> LCD_LCDPort_SHIFT;
 128              		.loc 1 121 0
 129 0000 024B     		ldr	r3, .L8
 130 0002 1878     		ldrb	r0, [r3]	@ zero_extendqisi2
 122:Generated_Source\PSoC5/LCD_LCDPort.c **** }
 131              		.loc 1 122 0
 132 0004 00F07F00 		and	r0, r0, #127
 133 0008 7047     		bx	lr
 134              	.L9:
 135 000a 00BF     		.align	2
 136              	.L8:
 137 000c 21510040 		.word	1073762593
 138              		.cfi_endproc
 139              	.LFE2:
 140              		.size	LCD_LCDPort_Read, .-LCD_LCDPort_Read
 141              		.section	.text.LCD_LCDPort_ReadDataReg,"ax",%progbits
 142              		.align	1
 143              		.global	LCD_LCDPort_ReadDataReg
 144              		.thumb
 145              		.thumb_func
 146              		.type	LCD_LCDPort_ReadDataReg, %function
 147              	LCD_LCDPort_ReadDataReg:
 148              	.LFB3:
 123:Generated_Source\PSoC5/LCD_LCDPort.c **** 
 124:Generated_Source\PSoC5/LCD_LCDPort.c **** 
 125:Generated_Source\PSoC5/LCD_LCDPort.c **** /*******************************************************************************
 126:Generated_Source\PSoC5/LCD_LCDPort.c **** * Function Name: LCD_LCDPort_ReadDataReg
 127:Generated_Source\PSoC5/LCD_LCDPort.c **** ****************************************************************************//**
 128:Generated_Source\PSoC5/LCD_LCDPort.c **** *
 129:Generated_Source\PSoC5/LCD_LCDPort.c **** * \brief Reads the associated physical port's data output register and masks 
 130:Generated_Source\PSoC5/LCD_LCDPort.c **** *  the correct bits according to the width and bit position of the component 
 131:Generated_Source\PSoC5/LCD_LCDPort.c **** *  instance. 
 132:Generated_Source\PSoC5/LCD_LCDPort.c **** *
 133:Generated_Source\PSoC5/LCD_LCDPort.c **** * The data output register controls the signal applied to the physical pin in 
 134:Generated_Source\PSoC5/LCD_LCDPort.c **** * conjunction with the drive mode parameter. This is not the same as the 
 135:Generated_Source\PSoC5/LCD_LCDPort.c **** * preferred LCD_LCDPort_Read() API because the 
 136:Generated_Source\PSoC5/LCD_LCDPort.c **** * LCD_LCDPort_ReadDataReg() reads the data register instead of the status 
ARM GAS  C:\Users\emman\AppData\Local\Temp\ccYRVKpW.s 			page 6


 137:Generated_Source\PSoC5/LCD_LCDPort.c **** * register. For output pins this is a useful function to determine the value 
 138:Generated_Source\PSoC5/LCD_LCDPort.c **** * just written to the pin.
 139:Generated_Source\PSoC5/LCD_LCDPort.c **** *
 140:Generated_Source\PSoC5/LCD_LCDPort.c **** * \return 
 141:Generated_Source\PSoC5/LCD_LCDPort.c **** *  The current value of the data register masked and shifted into a right 
 142:Generated_Source\PSoC5/LCD_LCDPort.c **** *  justified number for the component instance.
 143:Generated_Source\PSoC5/LCD_LCDPort.c **** *
 144:Generated_Source\PSoC5/LCD_LCDPort.c **** * \funcusage
 145:Generated_Source\PSoC5/LCD_LCDPort.c **** *  \snippet LCD_LCDPort_SUT.c usage_LCD_LCDPort_ReadDataReg 
 146:Generated_Source\PSoC5/LCD_LCDPort.c **** *******************************************************************************/
 147:Generated_Source\PSoC5/LCD_LCDPort.c **** uint8 LCD_LCDPort_ReadDataReg(void)
 148:Generated_Source\PSoC5/LCD_LCDPort.c **** {
 149              		.loc 1 148 0
 150              		.cfi_startproc
 151              		@ args = 0, pretend = 0, frame = 0
 152              		@ frame_needed = 0, uses_anonymous_args = 0
 153              		@ link register save eliminated.
 149:Generated_Source\PSoC5/LCD_LCDPort.c ****     return (LCD_LCDPort_DR & LCD_LCDPort_MASK) >> LCD_LCDPort_SHIFT;
 154              		.loc 1 149 0
 155 0000 024B     		ldr	r3, .L11
 156 0002 1878     		ldrb	r0, [r3]	@ zero_extendqisi2
 150:Generated_Source\PSoC5/LCD_LCDPort.c **** }
 157              		.loc 1 150 0
 158 0004 00F07F00 		and	r0, r0, #127
 159 0008 7047     		bx	lr
 160              	.L12:
 161 000a 00BF     		.align	2
 162              	.L11:
 163 000c 20510040 		.word	1073762592
 164              		.cfi_endproc
 165              	.LFE3:
 166              		.size	LCD_LCDPort_ReadDataReg, .-LCD_LCDPort_ReadDataReg
 167              		.text
 168              	.Letext0:
 169              		.file 2 "Generated_Source\\PSoC5\\cytypes.h"
 170              		.section	.debug_info,"",%progbits
 171              	.Ldebug_info0:
 172 0000 1D010000 		.4byte	0x11d
 173 0004 0400     		.2byte	0x4
 174 0006 00000000 		.4byte	.Ldebug_abbrev0
 175 000a 04       		.byte	0x4
 176 000b 01       		.uleb128 0x1
 177 000c E2000000 		.4byte	.LASF20
 178 0010 0C       		.byte	0xc
 179 0011 90000000 		.4byte	.LASF21
 180 0015 75010000 		.4byte	.LASF22
 181 0019 00000000 		.4byte	.Ldebug_ranges0+0
 182 001d 00000000 		.4byte	0
 183 0021 00000000 		.4byte	.Ldebug_line0
 184 0025 02       		.uleb128 0x2
 185 0026 01       		.byte	0x1
 186 0027 06       		.byte	0x6
 187 0028 09020000 		.4byte	.LASF0
 188 002c 02       		.uleb128 0x2
 189 002d 01       		.byte	0x1
 190 002e 08       		.byte	0x8
 191 002f 60000000 		.4byte	.LASF1
ARM GAS  C:\Users\emman\AppData\Local\Temp\ccYRVKpW.s 			page 7


 192 0033 02       		.uleb128 0x2
 193 0034 02       		.byte	0x2
 194 0035 05       		.byte	0x5
 195 0036 DF010000 		.4byte	.LASF2
 196 003a 02       		.uleb128 0x2
 197 003b 02       		.byte	0x2
 198 003c 07       		.byte	0x7
 199 003d 18000000 		.4byte	.LASF3
 200 0041 02       		.uleb128 0x2
 201 0042 04       		.byte	0x4
 202 0043 05       		.byte	0x5
 203 0044 00020000 		.4byte	.LASF4
 204 0048 02       		.uleb128 0x2
 205 0049 04       		.byte	0x4
 206 004a 07       		.byte	0x7
 207 004b 7E000000 		.4byte	.LASF5
 208 004f 02       		.uleb128 0x2
 209 0050 08       		.byte	0x8
 210 0051 05       		.byte	0x5
 211 0052 CC010000 		.4byte	.LASF6
 212 0056 02       		.uleb128 0x2
 213 0057 08       		.byte	0x8
 214 0058 07       		.byte	0x7
 215 0059 49000000 		.4byte	.LASF7
 216 005d 03       		.uleb128 0x3
 217 005e 04       		.byte	0x4
 218 005f 05       		.byte	0x5
 219 0060 696E7400 		.ascii	"int\000"
 220 0064 02       		.uleb128 0x2
 221 0065 04       		.byte	0x4
 222 0066 07       		.byte	0x7
 223 0067 D5000000 		.4byte	.LASF8
 224 006b 04       		.uleb128 0x4
 225 006c E9010000 		.4byte	.LASF12
 226 0070 02       		.byte	0x2
 227 0071 E401     		.2byte	0x1e4
 228 0073 2C000000 		.4byte	0x2c
 229 0077 02       		.uleb128 0x2
 230 0078 04       		.byte	0x4
 231 0079 04       		.byte	0x4
 232 007a 43000000 		.4byte	.LASF9
 233 007e 02       		.uleb128 0x2
 234 007f 08       		.byte	0x8
 235 0080 04       		.byte	0x4
 236 0081 CE000000 		.4byte	.LASF10
 237 0085 02       		.uleb128 0x2
 238 0086 01       		.byte	0x1
 239 0087 08       		.byte	0x8
 240 0088 DA010000 		.4byte	.LASF11
 241 008c 04       		.uleb128 0x4
 242 008d 79000000 		.4byte	.LASF13
 243 0091 02       		.byte	0x2
 244 0092 8E02     		.2byte	0x28e
 245 0094 98000000 		.4byte	0x98
 246 0098 05       		.uleb128 0x5
 247 0099 6B000000 		.4byte	0x6b
 248 009d 06       		.uleb128 0x6
ARM GAS  C:\Users\emman\AppData\Local\Temp\ccYRVKpW.s 			page 8


 249 009e 06000000 		.4byte	.LASF14
 250 00a2 01       		.byte	0x1
 251 00a3 39       		.byte	0x39
 252 00a4 00000000 		.4byte	.LFB0
 253 00a8 18000000 		.4byte	.LFE0-.LFB0
 254 00ac 01       		.uleb128 0x1
 255 00ad 9C       		.byte	0x9c
 256 00ae D1000000 		.4byte	0xd1
 257 00b2 07       		.uleb128 0x7
 258 00b3 00000000 		.4byte	.LASF16
 259 00b7 01       		.byte	0x1
 260 00b8 39       		.byte	0x39
 261 00b9 6B000000 		.4byte	0x6b
 262 00bd 00000000 		.4byte	.LLST0
 263 00c1 08       		.uleb128 0x8
 264 00c2 6E000000 		.4byte	.LASF23
 265 00c6 01       		.byte	0x1
 266 00c7 3B       		.byte	0x3b
 267 00c8 6B000000 		.4byte	0x6b
 268 00cc 21000000 		.4byte	.LLST1
 269 00d0 00       		.byte	0
 270 00d1 06       		.uleb128 0x6
 271 00d2 B5000000 		.4byte	.LASF15
 272 00d6 01       		.byte	0x1
 273 00d7 5A       		.byte	0x5a
 274 00d8 00000000 		.4byte	.LFB1
 275 00dc 54000000 		.4byte	.LFE1-.LFB1
 276 00e0 01       		.uleb128 0x1
 277 00e1 9C       		.byte	0x9c
 278 00e2 F6000000 		.4byte	0xf6
 279 00e6 07       		.uleb128 0x7
 280 00e7 70010000 		.4byte	.LASF17
 281 00eb 01       		.byte	0x1
 282 00ec 5A       		.byte	0x5a
 283 00ed 6B000000 		.4byte	0x6b
 284 00f1 39000000 		.4byte	.LLST2
 285 00f5 00       		.byte	0
 286 00f6 09       		.uleb128 0x9
 287 00f7 EF010000 		.4byte	.LASF18
 288 00fb 01       		.byte	0x1
 289 00fc 77       		.byte	0x77
 290 00fd 6B000000 		.4byte	0x6b
 291 0101 00000000 		.4byte	.LFB2
 292 0105 10000000 		.4byte	.LFE2-.LFB2
 293 0109 01       		.uleb128 0x1
 294 010a 9C       		.byte	0x9c
 295 010b 09       		.uleb128 0x9
 296 010c 2B000000 		.4byte	.LASF19
 297 0110 01       		.byte	0x1
 298 0111 93       		.byte	0x93
 299 0112 6B000000 		.4byte	0x6b
 300 0116 00000000 		.4byte	.LFB3
 301 011a 10000000 		.4byte	.LFE3-.LFB3
 302 011e 01       		.uleb128 0x1
 303 011f 9C       		.byte	0x9c
 304 0120 00       		.byte	0
 305              		.section	.debug_abbrev,"",%progbits
ARM GAS  C:\Users\emman\AppData\Local\Temp\ccYRVKpW.s 			page 9


 306              	.Ldebug_abbrev0:
 307 0000 01       		.uleb128 0x1
 308 0001 11       		.uleb128 0x11
 309 0002 01       		.byte	0x1
 310 0003 25       		.uleb128 0x25
 311 0004 0E       		.uleb128 0xe
 312 0005 13       		.uleb128 0x13
 313 0006 0B       		.uleb128 0xb
 314 0007 03       		.uleb128 0x3
 315 0008 0E       		.uleb128 0xe
 316 0009 1B       		.uleb128 0x1b
 317 000a 0E       		.uleb128 0xe
 318 000b 55       		.uleb128 0x55
 319 000c 17       		.uleb128 0x17
 320 000d 11       		.uleb128 0x11
 321 000e 01       		.uleb128 0x1
 322 000f 10       		.uleb128 0x10
 323 0010 17       		.uleb128 0x17
 324 0011 00       		.byte	0
 325 0012 00       		.byte	0
 326 0013 02       		.uleb128 0x2
 327 0014 24       		.uleb128 0x24
 328 0015 00       		.byte	0
 329 0016 0B       		.uleb128 0xb
 330 0017 0B       		.uleb128 0xb
 331 0018 3E       		.uleb128 0x3e
 332 0019 0B       		.uleb128 0xb
 333 001a 03       		.uleb128 0x3
 334 001b 0E       		.uleb128 0xe
 335 001c 00       		.byte	0
 336 001d 00       		.byte	0
 337 001e 03       		.uleb128 0x3
 338 001f 24       		.uleb128 0x24
 339 0020 00       		.byte	0
 340 0021 0B       		.uleb128 0xb
 341 0022 0B       		.uleb128 0xb
 342 0023 3E       		.uleb128 0x3e
 343 0024 0B       		.uleb128 0xb
 344 0025 03       		.uleb128 0x3
 345 0026 08       		.uleb128 0x8
 346 0027 00       		.byte	0
 347 0028 00       		.byte	0
 348 0029 04       		.uleb128 0x4
 349 002a 16       		.uleb128 0x16
 350 002b 00       		.byte	0
 351 002c 03       		.uleb128 0x3
 352 002d 0E       		.uleb128 0xe
 353 002e 3A       		.uleb128 0x3a
 354 002f 0B       		.uleb128 0xb
 355 0030 3B       		.uleb128 0x3b
 356 0031 05       		.uleb128 0x5
 357 0032 49       		.uleb128 0x49
 358 0033 13       		.uleb128 0x13
 359 0034 00       		.byte	0
 360 0035 00       		.byte	0
 361 0036 05       		.uleb128 0x5
 362 0037 35       		.uleb128 0x35
ARM GAS  C:\Users\emman\AppData\Local\Temp\ccYRVKpW.s 			page 10


 363 0038 00       		.byte	0
 364 0039 49       		.uleb128 0x49
 365 003a 13       		.uleb128 0x13
 366 003b 00       		.byte	0
 367 003c 00       		.byte	0
 368 003d 06       		.uleb128 0x6
 369 003e 2E       		.uleb128 0x2e
 370 003f 01       		.byte	0x1
 371 0040 3F       		.uleb128 0x3f
 372 0041 19       		.uleb128 0x19
 373 0042 03       		.uleb128 0x3
 374 0043 0E       		.uleb128 0xe
 375 0044 3A       		.uleb128 0x3a
 376 0045 0B       		.uleb128 0xb
 377 0046 3B       		.uleb128 0x3b
 378 0047 0B       		.uleb128 0xb
 379 0048 27       		.uleb128 0x27
 380 0049 19       		.uleb128 0x19
 381 004a 11       		.uleb128 0x11
 382 004b 01       		.uleb128 0x1
 383 004c 12       		.uleb128 0x12
 384 004d 06       		.uleb128 0x6
 385 004e 40       		.uleb128 0x40
 386 004f 18       		.uleb128 0x18
 387 0050 9742     		.uleb128 0x2117
 388 0052 19       		.uleb128 0x19
 389 0053 01       		.uleb128 0x1
 390 0054 13       		.uleb128 0x13
 391 0055 00       		.byte	0
 392 0056 00       		.byte	0
 393 0057 07       		.uleb128 0x7
 394 0058 05       		.uleb128 0x5
 395 0059 00       		.byte	0
 396 005a 03       		.uleb128 0x3
 397 005b 0E       		.uleb128 0xe
 398 005c 3A       		.uleb128 0x3a
 399 005d 0B       		.uleb128 0xb
 400 005e 3B       		.uleb128 0x3b
 401 005f 0B       		.uleb128 0xb
 402 0060 49       		.uleb128 0x49
 403 0061 13       		.uleb128 0x13
 404 0062 02       		.uleb128 0x2
 405 0063 17       		.uleb128 0x17
 406 0064 00       		.byte	0
 407 0065 00       		.byte	0
 408 0066 08       		.uleb128 0x8
 409 0067 34       		.uleb128 0x34
 410 0068 00       		.byte	0
 411 0069 03       		.uleb128 0x3
 412 006a 0E       		.uleb128 0xe
 413 006b 3A       		.uleb128 0x3a
 414 006c 0B       		.uleb128 0xb
 415 006d 3B       		.uleb128 0x3b
 416 006e 0B       		.uleb128 0xb
 417 006f 49       		.uleb128 0x49
 418 0070 13       		.uleb128 0x13
 419 0071 02       		.uleb128 0x2
ARM GAS  C:\Users\emman\AppData\Local\Temp\ccYRVKpW.s 			page 11


 420 0072 17       		.uleb128 0x17
 421 0073 00       		.byte	0
 422 0074 00       		.byte	0
 423 0075 09       		.uleb128 0x9
 424 0076 2E       		.uleb128 0x2e
 425 0077 00       		.byte	0
 426 0078 3F       		.uleb128 0x3f
 427 0079 19       		.uleb128 0x19
 428 007a 03       		.uleb128 0x3
 429 007b 0E       		.uleb128 0xe
 430 007c 3A       		.uleb128 0x3a
 431 007d 0B       		.uleb128 0xb
 432 007e 3B       		.uleb128 0x3b
 433 007f 0B       		.uleb128 0xb
 434 0080 27       		.uleb128 0x27
 435 0081 19       		.uleb128 0x19
 436 0082 49       		.uleb128 0x49
 437 0083 13       		.uleb128 0x13
 438 0084 11       		.uleb128 0x11
 439 0085 01       		.uleb128 0x1
 440 0086 12       		.uleb128 0x12
 441 0087 06       		.uleb128 0x6
 442 0088 40       		.uleb128 0x40
 443 0089 18       		.uleb128 0x18
 444 008a 9742     		.uleb128 0x2117
 445 008c 19       		.uleb128 0x19
 446 008d 00       		.byte	0
 447 008e 00       		.byte	0
 448 008f 00       		.byte	0
 449              		.section	.debug_loc,"",%progbits
 450              	.Ldebug_loc0:
 451              	.LLST0:
 452 0000 00000000 		.4byte	.LVL0
 453 0004 06000000 		.4byte	.LVL1
 454 0008 0100     		.2byte	0x1
 455 000a 50       		.byte	0x50
 456 000b 06000000 		.4byte	.LVL1
 457 000f 18000000 		.4byte	.LFE0
 458 0013 0400     		.2byte	0x4
 459 0015 F3       		.byte	0xf3
 460 0016 01       		.uleb128 0x1
 461 0017 50       		.byte	0x50
 462 0018 9F       		.byte	0x9f
 463 0019 00000000 		.4byte	0
 464 001d 00000000 		.4byte	0
 465              	.LLST1:
 466 0021 08000000 		.4byte	.LVL2
 467 0025 0C000000 		.4byte	.LVL3
 468 0029 0600     		.2byte	0x6
 469 002b 73       		.byte	0x73
 470 002c 00       		.sleb128 0
 471 002d 09       		.byte	0x9
 472 002e 80       		.byte	0x80
 473 002f 1A       		.byte	0x1a
 474 0030 9F       		.byte	0x9f
 475 0031 00000000 		.4byte	0
 476 0035 00000000 		.4byte	0
ARM GAS  C:\Users\emman\AppData\Local\Temp\ccYRVKpW.s 			page 12


 477              	.LLST2:
 478 0039 00000000 		.4byte	.LVL4
 479 003d 06000000 		.4byte	.LVL5
 480 0041 0100     		.2byte	0x1
 481 0043 50       		.byte	0x50
 482 0044 06000000 		.4byte	.LVL5
 483 0048 54000000 		.4byte	.LFE1
 484 004c 0400     		.2byte	0x4
 485 004e F3       		.byte	0xf3
 486 004f 01       		.uleb128 0x1
 487 0050 50       		.byte	0x50
 488 0051 9F       		.byte	0x9f
 489 0052 00000000 		.4byte	0
 490 0056 00000000 		.4byte	0
 491              		.section	.debug_aranges,"",%progbits
 492 0000 34000000 		.4byte	0x34
 493 0004 0200     		.2byte	0x2
 494 0006 00000000 		.4byte	.Ldebug_info0
 495 000a 04       		.byte	0x4
 496 000b 00       		.byte	0
 497 000c 0000     		.2byte	0
 498 000e 0000     		.2byte	0
 499 0010 00000000 		.4byte	.LFB0
 500 0014 18000000 		.4byte	.LFE0-.LFB0
 501 0018 00000000 		.4byte	.LFB1
 502 001c 54000000 		.4byte	.LFE1-.LFB1
 503 0020 00000000 		.4byte	.LFB2
 504 0024 10000000 		.4byte	.LFE2-.LFB2
 505 0028 00000000 		.4byte	.LFB3
 506 002c 10000000 		.4byte	.LFE3-.LFB3
 507 0030 00000000 		.4byte	0
 508 0034 00000000 		.4byte	0
 509              		.section	.debug_ranges,"",%progbits
 510              	.Ldebug_ranges0:
 511 0000 00000000 		.4byte	.LFB0
 512 0004 18000000 		.4byte	.LFE0
 513 0008 00000000 		.4byte	.LFB1
 514 000c 54000000 		.4byte	.LFE1
 515 0010 00000000 		.4byte	.LFB2
 516 0014 10000000 		.4byte	.LFE2
 517 0018 00000000 		.4byte	.LFB3
 518 001c 10000000 		.4byte	.LFE3
 519 0020 00000000 		.4byte	0
 520 0024 00000000 		.4byte	0
 521              		.section	.debug_line,"",%progbits
 522              	.Ldebug_line0:
 523 0000 9C000000 		.section	.debug_str,"MS",%progbits,1
 523      02004800 
 523      00000201 
 523      FB0E0D00 
 523      01010101 
 524              	.LASF16:
 525 0000 76616C75 		.ascii	"value\000"
 525      6500
 526              	.LASF14:
 527 0006 4C43445F 		.ascii	"LCD_LCDPort_Write\000"
 527      4C434450 
ARM GAS  C:\Users\emman\AppData\Local\Temp\ccYRVKpW.s 			page 13


 527      6F72745F 
 527      57726974 
 527      6500
 528              	.LASF3:
 529 0018 73686F72 		.ascii	"short unsigned int\000"
 529      7420756E 
 529      7369676E 
 529      65642069 
 529      6E7400
 530              	.LASF19:
 531 002b 4C43445F 		.ascii	"LCD_LCDPort_ReadDataReg\000"
 531      4C434450 
 531      6F72745F 
 531      52656164 
 531      44617461 
 532              	.LASF9:
 533 0043 666C6F61 		.ascii	"float\000"
 533      7400
 534              	.LASF7:
 535 0049 6C6F6E67 		.ascii	"long long unsigned int\000"
 535      206C6F6E 
 535      6720756E 
 535      7369676E 
 535      65642069 
 536              	.LASF1:
 537 0060 756E7369 		.ascii	"unsigned char\000"
 537      676E6564 
 537      20636861 
 537      7200
 538              	.LASF23:
 539 006e 73746174 		.ascii	"staticBits\000"
 539      69634269 
 539      747300
 540              	.LASF13:
 541 0079 72656738 		.ascii	"reg8\000"
 541      00
 542              	.LASF5:
 543 007e 6C6F6E67 		.ascii	"long unsigned int\000"
 543      20756E73 
 543      69676E65 
 543      6420696E 
 543      7400
 544              	.LASF21:
 545 0090 47656E65 		.ascii	"Generated_Source\\PSoC5\\LCD_LCDPort.c\000"
 545      72617465 
 545      645F536F 
 545      75726365 
 545      5C50536F 
 546              	.LASF15:
 547 00b5 4C43445F 		.ascii	"LCD_LCDPort_SetDriveMode\000"
 547      4C434450 
 547      6F72745F 
 547      53657444 
 547      72697665 
 548              	.LASF10:
 549 00ce 646F7562 		.ascii	"double\000"
 549      6C6500
ARM GAS  C:\Users\emman\AppData\Local\Temp\ccYRVKpW.s 			page 14


 550              	.LASF8:
 551 00d5 756E7369 		.ascii	"unsigned int\000"
 551      676E6564 
 551      20696E74 
 551      00
 552              	.LASF20:
 553 00e2 474E5520 		.ascii	"GNU C11 5.4.1 20160609 (release) [ARM/embedded-5-br"
 553      43313120 
 553      352E342E 
 553      31203230 
 553      31363036 
 554 0115 616E6368 		.ascii	"anch revision 237715] -mcpu=cortex-m3 -mthumb -g -O"
 554      20726576 
 554      6973696F 
 554      6E203233 
 554      37373135 
 555 0148 73202D66 		.ascii	"s -ffunction-sections -ffat-lto-objects\000"
 555      66756E63 
 555      74696F6E 
 555      2D736563 
 555      74696F6E 
 556              	.LASF17:
 557 0170 6D6F6465 		.ascii	"mode\000"
 557      00
 558              	.LASF22:
 559 0175 453A5C55 		.ascii	"E:\\U\\Lab de Control\\PID Controler-20191011T02191"
 559      5C4C6162 
 559      20646520 
 559      436F6E74 
 559      726F6C5C 
 560 01a5 395A2D30 		.ascii	"9Z-001\\PID Controler\\Controlador.cydsn\000"
 560      30315C50 
 560      49442043 
 560      6F6E7472 
 560      6F6C6572 
 561              	.LASF6:
 562 01cc 6C6F6E67 		.ascii	"long long int\000"
 562      206C6F6E 
 562      6720696E 
 562      7400
 563              	.LASF11:
 564 01da 63686172 		.ascii	"char\000"
 564      00
 565              	.LASF2:
 566 01df 73686F72 		.ascii	"short int\000"
 566      7420696E 
 566      7400
 567              	.LASF12:
 568 01e9 75696E74 		.ascii	"uint8\000"
 568      3800
 569              	.LASF18:
 570 01ef 4C43445F 		.ascii	"LCD_LCDPort_Read\000"
 570      4C434450 
 570      6F72745F 
 570      52656164 
 570      00
 571              	.LASF4:
ARM GAS  C:\Users\emman\AppData\Local\Temp\ccYRVKpW.s 			page 15


 572 0200 6C6F6E67 		.ascii	"long int\000"
 572      20696E74 
 572      00
 573              	.LASF0:
 574 0209 7369676E 		.ascii	"signed char\000"
 574      65642063 
 574      68617200 
 575              		.ident	"GCC: (GNU Tools for ARM Embedded Processors) 5.4.1 20160609 (release) [ARM/embedded-5-bran
